created virtual environment CPython3.11.5.final.0-64 in 1308ms
  creator CPython3Posix(dest=/tmp/env, clear=False, no_vcs_ignore=False, global=False)
  seeder FromAppData(download=False, pip=bundle, setuptools=bundle, wheel=bundle, via=copy, app_data_dir=/home/mmoslem3/.local/share/virtualenv)
    added seed packages: pip==25.3, setuptools==80.9.0+computecanada, wheel==0.47.0
  activators BashActivator,CShellActivator,FishActivator,NushellActivator,PowerShellActivator,PythonActivator
Looking in links: /cvmfs/soft.computecanada.ca/custom/python/wheelhouse/gentoo2023/x86-64-v3, /cvmfs/soft.computecanada.ca/custom/python/wheelhouse/gentoo2023/generic, /cvmfs/soft.computecanada.ca/custom/python/wheelhouse/generic
Requirement already satisfied: pip in /tmp/env/lib/python3.11/site-packages (25.3)
Processing /cvmfs/soft.computecanada.ca/custom/python/wheelhouse/generic/pip-26.0.1+computecanada-py3-none-any.whl
Installing collected packages: pip
  Attempting uninstall: pip
    Found existing installation: pip 25.3
    Uninstalling pip-25.3:
      Successfully uninstalled pip-25.3
Successfully installed pip-26.0.1+computecanada
Looking in links: /cvmfs/soft.computecanada.ca/custom/python/wheelhouse/gentoo2023/x86-64-v3, /cvmfs/soft.computecanada.ca/custom/python/wheelhouse/gentoo2023/generic, /cvmfs/soft.computecanada.ca/custom/python/wheelhouse/generic
Processing /cvmfs/soft.computecanada.ca/custom/python/wheelhouse/generic/annotated_doc-0.0.4+computecanada-py3-none-any.whl (from -r /tmp/DD-attack/requirements.txt (line 1))
Processing /cvmfs/soft.computecanada.ca/custom/python/wheelhouse/generic/annotated_types-0.7.0+computecanada-py3-none-any.whl (from -r /tmp/DD-attack/requirements.txt (line 2))
Processing /cvmfs/soft.computecanada.ca/custom/python/wheelhouse/generic/antlr4_python3_runtime-4.9.3+computecanada-py3-none-any.whl (from -r /tmp/DD-attack/requirements.txt (line 3))
Processing /cvmfs/soft.computecanada.ca/custom/python/wheelhouse/generic/anyio-4.13.0+computecanada-py3-none-any.whl (from -r /tmp/DD-attack/requirements.txt (line 4))
Processing /cvmfs/soft.computecanada.ca/custom/python/wheelhouse/generic/certifi-2026.2.25+computecanada-py3-none-any.whl (from -r /tmp/DD-attack/requirements.txt (line 5))
Processing /cvmfs/soft.computecanada.ca/custom/python/wheelhouse/generic/charset_normalizer-3.4.6+computecanada-py3-none-any.whl (from -r /tmp/DD-attack/requirements.txt (line 6))
Processing /cvmfs/soft.computecanada.ca/custom/python/wheelhouse/generic/click-8.3.2+computecanada-py3-none-any.whl (from -r /tmp/DD-attack/requirements.txt (line 7))
Processing /cvmfs/soft.computecanada.ca/custom/python/wheelhouse/gentoo2023/generic/contourpy-1.3.1+computecanada-cp311-cp311-linux_x86_64.whl (from -r /tmp/DD-attack/requirements.txt (line 8))
Collecting ctgan==0.12.1 (from -r /tmp/DD-attack/requirements.txt (line 9))
  Using cached ctgan-0.12.1-py3-none-any.whl.metadata (10 kB)
Processing /cvmfs/soft.computecanada.ca/custom/python/wheelhouse/generic/cycler-0.12.1+computecanada-py3-none-any.whl (from -r /tmp/DD-attack/requirements.txt (line 10))
Processing /cvmfs/soft.computecanada.ca/custom/python/wheelhouse/generic/efficientnet_pytorch-0.7.1+computecanada-py3-none-any.whl (from -r /tmp/DD-attack/requirements.txt (line 11))
Collecting Faker==40.13.0 (from -r /tmp/DD-attack/requirements.txt (line 12))
  Using cached faker-40.13.0-py3-none-any.whl.metadata (16 kB)
Collecting fast_pytorch_kmeans==0.2.2 (from -r /tmp/DD-attack/requirements.txt (line 13))
  Using cached fast_pytorch_kmeans-0.2.2-py3-none-any.whl.metadata (1.1 kB)
Processing /cvmfs/soft.computecanada.ca/custom/python/wheelhouse/generic/filelock-3.20.1+computecanada-py3-none-any.whl (from -r /tmp/DD-attack/requirements.txt (line 14))
Processing /cvmfs/soft.computecanada.ca/custom/python/wheelhouse/generic/fonttools-4.61.1+computecanada-cp311-cp311-linux_x86_64.whl (from -r /tmp/DD-attack/requirements.txt (line 15))
Processing /cvmfs/soft.computecanada.ca/custom/python/wheelhouse/generic/fsspec-2025.12.0+computecanada-py3-none-any.whl (from -r /tmp/DD-attack/requirements.txt (line 16))
Processing /cvmfs/soft.computecanada.ca/custom/python/wheelhouse/generic/gitdb-4.0.12+computecanada-py3-none-any.whl (from -r /tmp/DD-attack/requirements.txt (line 17))
Processing /cvmfs/soft.computecanada.ca/custom/python/wheelhouse/generic/gitpython-3.1.49+computecanada-py3-none-any.whl (from -r /tmp/DD-attack/requirements.txt (line 18))
Processing /cvmfs/soft.computecanada.ca/custom/python/wheelhouse/generic/h11-0.16.0+computecanada-py3-none-any.whl (from -r /tmp/DD-attack/requirements.txt (line 19))
Processing /cvmfs/soft.computecanada.ca/custom/python/wheelhouse/gentoo2023/generic/hf_xet-1.4.3+computecanada-cp37-abi3-linux_x86_64.whl (from -r /tmp/DD-attack/requirements.txt (line 20))
Collecting higher==0.2.1 (from -r /tmp/DD-attack/requirements.txt (line 21))
  Using cached higher-0.2.1-py3-none-any.whl.metadata (10 kB)
Processing /cvmfs/soft.computecanada.ca/custom/python/wheelhouse/generic/httpcore-1.0.9+computecanada-py3-none-any.whl (from -r /tmp/DD-attack/requirements.txt (line 22))
Processing /cvmfs/soft.computecanada.ca/custom/python/wheelhouse/generic/httpx-0.28.1+computecanada-py3-none-any.whl (from -r /tmp/DD-attack/requirements.txt (line 23))
Processing /cvmfs/soft.computecanada.ca/custom/python/wheelhouse/generic/huggingface_hub-1.9.0+computecanada-py3-none-any.whl (from -r /tmp/DD-attack/requirements.txt (line 24))
Processing /cvmfs/soft.computecanada.ca/custom/python/wheelhouse/generic/idna-3.11+computecanada-py3-none-any.whl (from -r /tmp/DD-attack/requirements.txt (line 25))
Processing /cvmfs/soft.computecanada.ca/custom/python/wheelhouse/generic/jinja2-3.1.6+computecanada-py3-none-any.whl (from -r /tmp/DD-attack/requirements.txt (line 26))
Processing /cvmfs/soft.computecanada.ca/custom/python/wheelhouse/generic/joblib-1.5.3+computecanada-py3-none-any.whl (from -r /tmp/DD-attack/requirements.txt (line 27))
Processing /cvmfs/soft.computecanada.ca/custom/python/wheelhouse/generic/jsonpatch-1.33+computecanada-py2.py3-none-any.whl (from -r /tmp/DD-attack/requirements.txt (line 28))
Processing /cvmfs/soft.computecanada.ca/custom/python/wheelhouse/generic/jsonpointer-3.1.1+computecanada-py3-none-any.whl (from -r /tmp/DD-attack/requirements.txt (line 29))
Processing /cvmfs/soft.computecanada.ca/custom/python/wheelhouse/gentoo2023/x86-64-v3/kiwisolver-1.4.8+computecanada-cp311-cp311-linux_x86_64.whl (from -r /tmp/DD-attack/requirements.txt (line 30))
Collecting kornia==0.8.2 (from -r /tmp/DD-attack/requirements.txt (line 31))
  Using cached kornia-0.8.2-py2.py3-none-any.whl.metadata (18 kB)
Processing /cvmfs/soft.computecanada.ca/custom/python/wheelhouse/generic/kornia_rs-0.1.9+computecanada-cp311-cp311-linux_x86_64.whl (from -r /tmp/DD-attack/requirements.txt (line 32))
Processing /cvmfs/soft.computecanada.ca/custom/python/wheelhouse/generic/markdown_it_py-4.0.0+computecanada-py3-none-any.whl (from -r /tmp/DD-attack/requirements.txt (line 33))
Processing /cvmfs/soft.computecanada.ca/custom/python/wheelhouse/generic/MarkupSafe-3.0.2+computecanada-cp311-cp311-linux_x86_64.whl (from -r /tmp/DD-attack/requirements.txt (line 34))
Processing /cvmfs/soft.computecanada.ca/custom/python/wheelhouse/gentoo2023/x86-64-v3/matplotlib-3.10.1+computecanada-cp311-cp311-linux_x86_64.whl (from -r /tmp/DD-attack/requirements.txt (line 35))
Processing /cvmfs/soft.computecanada.ca/custom/python/wheelhouse/generic/mdurl-0.1.2+computecanada-py3-none-any.whl (from -r /tmp/DD-attack/requirements.txt (line 36))
Collecting mlconfig==0.1.1 (from -r /tmp/DD-attack/requirements.txt (line 37))
  Using cached mlconfig-0.1.1-py3-none-any.whl.metadata (202 bytes)
Processing /cvmfs/soft.computecanada.ca/custom/python/wheelhouse/generic/mpmath-1.3.0+computecanada-py3-none-any.whl (from -r /tmp/DD-attack/requirements.txt (line 38))
Processing /cvmfs/soft.computecanada.ca/custom/python/wheelhouse/generic/networkx-3.6.1+computecanada-py3-none-any.whl (from -r /tmp/DD-attack/requirements.txt (line 39))
Processing /cvmfs/soft.computecanada.ca/custom/python/wheelhouse/gentoo2023/generic/numpy-1.26.4+computecanada-cp311-cp311-linux_x86_64.whl (from -r /tmp/DD-attack/requirements.txt (line 40))
Processing /cvmfs/soft.computecanada.ca/custom/python/wheelhouse/generic/omegaconf-2.3.0+computecanada-py3-none-any.whl (from -r /tmp/DD-attack/requirements.txt (line 41))
Processing /cvmfs/soft.computecanada.ca/custom/python/wheelhouse/generic/packaging-25.0+computecanada-py3-none-any.whl (from -r /tmp/DD-attack/requirements.txt (line 42))
Processing /cvmfs/soft.computecanada.ca/custom/python/wheelhouse/gentoo2023/x86-64-v3/pandas-2.3.3+computecanada-cp311-cp311-linux_x86_64.whl (from -r /tmp/DD-attack/requirements.txt (line 43))
Processing /cvmfs/soft.computecanada.ca/custom/python/wheelhouse/gentoo2023/x86-64-v3/pillow-11.1.0+computecanada-cp311-cp311-linux_x86_64.whl (from -r /tmp/DD-attack/requirements.txt (line 44))
Processing /cvmfs/soft.computecanada.ca/custom/python/wheelhouse/gentoo2023/x86-64-v3/Pillow_SIMD-9.5.0.post2+computecanada-cp311-cp311-linux_x86_64.whl (from -r /tmp/DD-attack/requirements.txt (line 45))
Collecting platformdirs==4.9.6 (from -r /tmp/DD-attack/requirements.txt (line 46))
  Using cached platformdirs-4.9.6-py3-none-any.whl.metadata (4.7 kB)
Processing /cvmfs/soft.computecanada.ca/custom/python/wheelhouse/generic/POT-0.9.0+computecanada-cp311-cp311-linux_x86_64.whl (from -r /tmp/DD-attack/requirements.txt (line 47))
Processing /cvmfs/soft.computecanada.ca/custom/python/wheelhouse/gentoo2023/x86-64-v3/protobuf-6.33.6+computecanada-cp311-cp311-linux_x86_64.whl (from -r /tmp/DD-attack/requirements.txt (line 48))
Processing /cvmfs/soft.computecanada.ca/custom/python/wheelhouse/generic/psutil-7.0.0+computecanada-cp36-abi3-linux_x86_64.whl (from -r /tmp/DD-attack/requirements.txt (line 49))
Processing /cvmfs/soft.computecanada.ca/custom/python/wheelhouse/generic/pydantic-2.13.3+computecanada-py3-none-any.whl (from -r /tmp/DD-attack/requirements.txt (line 50))
Processing /cvmfs/soft.computecanada.ca/custom/python/wheelhouse/gentoo2023/x86-64-v3/pydantic_core-2.46.3+computecanada-cp311-cp311-linux_x86_64.whl (from -r /tmp/DD-attack/requirements.txt (line 51))
Processing /cvmfs/soft.computecanada.ca/custom/python/wheelhouse/generic/pygments-2.20.0+computecanada-py3-none-any.whl (from -r /tmp/DD-attack/requirements.txt (line 52))
Processing /cvmfs/soft.computecanada.ca/custom/python/wheelhouse/generic/pyparsing-3.2.5+computecanada-py3-none-any.whl (from -r /tmp/DD-attack/requirements.txt (line 53))
Processing /cvmfs/soft.computecanada.ca/custom/python/wheelhouse/generic/python_dateutil-2.9.0.post0+computecanada-py2.py3-none-any.whl (from -r /tmp/DD-attack/requirements.txt (line 54))
Processing /cvmfs/soft.computecanada.ca/custom/python/wheelhouse/generic/pytz-2025.2+computecanada-py2.py3-none-any.whl (from -r /tmp/DD-attack/requirements.txt (line 55))
Processing /cvmfs/soft.computecanada.ca/custom/python/wheelhouse/generic/pyyaml-6.0.3+computecanada-cp311-cp311-linux_x86_64.whl (from -r /tmp/DD-attack/requirements.txt (line 56))
Processing /cvmfs/soft.computecanada.ca/custom/python/wheelhouse/gentoo2023/x86-64-v3/pyzmq-27.1.0+computecanada-cp311-cp311-linux_x86_64.whl (from -r /tmp/DD-attack/requirements.txt (line 57))
Collecting rdt==1.20.0 (from -r /tmp/DD-attack/requirements.txt (line 58))
  Using cached rdt-1.20.0-py3-none-any.whl.metadata (11 kB)
Processing /cvmfs/soft.computecanada.ca/custom/python/wheelhouse/generic/requests-2.33.1+computecanada-py3-none-any.whl (from -r /tmp/DD-attack/requirements.txt (line 59))
Processing /cvmfs/soft.computecanada.ca/custom/python/wheelhouse/generic/rich-14.3.3+computecanada-py3-none-any.whl (from -r /tmp/DD-attack/requirements.txt (line 60))
Processing /cvmfs/soft.computecanada.ca/custom/python/wheelhouse/gentoo2023/generic/safetensors-0.7.0+computecanada-cp38-abi3-linux_x86_64.whl (from -r /tmp/DD-attack/requirements.txt (line 61))
Processing /cvmfs/soft.computecanada.ca/custom/python/wheelhouse/gentoo2023/generic/scikit_learn-1.7.1+computecanada-cp311-cp311-linux_x86_64.whl (from -r /tmp/DD-attack/requirements.txt (line 62))
Processing /cvmfs/soft.computecanada.ca/custom/python/wheelhouse/gentoo2023/generic/scipy-1.11.2+computecanada-cp311-cp311-linux_x86_64.whl (from -r /tmp/DD-attack/requirements.txt (line 63))
Processing /cvmfs/soft.computecanada.ca/custom/python/wheelhouse/generic/seaborn-0.13.2+computecanada-py3-none-any.whl (from -r /tmp/DD-attack/requirements.txt (line 64))
Processing /cvmfs/soft.computecanada.ca/custom/python/wheelhouse/generic/sentry_sdk-2.58.0+computecanada-py2.py3-none-any.whl (from -r /tmp/DD-attack/requirements.txt (line 65))
Processing /cvmfs/soft.computecanada.ca/custom/python/wheelhouse/generic/shellingham-1.5.4+computecanada-py2.py3-none-any.whl (from -r /tmp/DD-attack/requirements.txt (line 66))
Processing /cvmfs/soft.computecanada.ca/custom/python/wheelhouse/generic/six-1.17.0+computecanada-py2.py3-none-any.whl (from -r /tmp/DD-attack/requirements.txt (line 67))
Processing /cvmfs/soft.computecanada.ca/custom/python/wheelhouse/generic/smmap-5.0.3+computecanada-py3-none-any.whl (from -r /tmp/DD-attack/requirements.txt (line 68))
Processing /cvmfs/soft.computecanada.ca/custom/python/wheelhouse/generic/sympy-1.14.0+computecanada-py3-none-any.whl (from -r /tmp/DD-attack/requirements.txt (line 69))
Processing /cvmfs/soft.computecanada.ca/custom/python/wheelhouse/generic/threadpoolctl-3.6.0+computecanada-py3-none-any.whl (from -r /tmp/DD-attack/requirements.txt (line 70))
Collecting timm==1.0.26 (from -r /tmp/DD-attack/requirements.txt (line 71))
  Using cached timm-1.0.26-py3-none-any.whl.metadata (39 kB)
Processing /cvmfs/soft.computecanada.ca/custom/python/wheelhouse/generic/toml-0.10.2+computecanada-py2.py3-none-any.whl (from -r /tmp/DD-attack/requirements.txt (line 72))
Processing /cvmfs/soft.computecanada.ca/custom/python/wheelhouse/gentoo2023/generic/torch-2.9.1+computecanada-cp311-cp311-linux_x86_64.whl (from -r /tmp/DD-attack/requirements.txt (line 73))
Processing /cvmfs/soft.computecanada.ca/custom/python/wheelhouse/generic/torchfile-0.1.0+computecanada-py3-none-any.whl (from -r /tmp/DD-attack/requirements.txt (line 74))
Processing /cvmfs/soft.computecanada.ca/custom/python/wheelhouse/generic/torchnet-0.0.4+computecanada-py3-none-any.whl (from -r /tmp/DD-attack/requirements.txt (line 75))
Processing /cvmfs/soft.computecanada.ca/custom/python/wheelhouse/gentoo2023/generic/torchvision-0.24.1+computecanada-cp311-cp311-linux_x86_64.whl (from -r /tmp/DD-attack/requirements.txt (line 76))
Processing /cvmfs/soft.computecanada.ca/custom/python/wheelhouse/generic/tornado-6.5.5+computecanada-cp39-abi3-linux_x86_64.whl (from -r /tmp/DD-attack/requirements.txt (line 77))
Processing /cvmfs/soft.computecanada.ca/custom/python/wheelhouse/generic/tqdm-4.67.1+computecanada-py3-none-any.whl (from -r /tmp/DD-attack/requirements.txt (line 78))
Processing /cvmfs/soft.computecanada.ca/custom/python/wheelhouse/generic/triton-3.6.0+computecanada-cp311-cp311-linux_x86_64.whl (from -r /tmp/DD-attack/requirements.txt (line 79))
Processing /cvmfs/soft.computecanada.ca/custom/python/wheelhouse/generic/typer-0.24.1+computecanada-py3-none-any.whl (from -r /tmp/DD-attack/requirements.txt (line 80))
Processing /cvmfs/soft.computecanada.ca/custom/python/wheelhouse/generic/typing_extensions-4.15.0+computecanada-py3-none-any.whl (from -r /tmp/DD-attack/requirements.txt (line 81))
Processing /cvmfs/soft.computecanada.ca/custom/python/wheelhouse/generic/typing_inspection-0.4.2+computecanada-py3-none-any.whl (from -r /tmp/DD-attack/requirements.txt (line 82))
Processing /cvmfs/soft.computecanada.ca/custom/python/wheelhouse/generic/tzdata-2025.3+computecanada-py2.py3-none-any.whl (from -r /tmp/DD-attack/requirements.txt (line 83))
Processing /cvmfs/soft.computecanada.ca/custom/python/wheelhouse/generic/urllib3-2.6.3+computecanada-py3-none-any.whl (from -r /tmp/DD-attack/requirements.txt (line 84))
Processing /cvmfs/soft.computecanada.ca/custom/python/wheelhouse/generic/visdom-0.1.8.9+computecanada-py3-none-any.whl (from -r /tmp/DD-attack/requirements.txt (line 85))
Processing /cvmfs/soft.computecanada.ca/custom/python/wheelhouse/gentoo2023/generic/wandb-0.24.0+computecanada-py3-none-linux_x86_64.whl (from -r /tmp/DD-attack/requirements.txt (line 86))
Processing /cvmfs/soft.computecanada.ca/custom/python/wheelhouse/generic/websocket_client-1.9.0+computecanada-py3-none-any.whl (from -r /tmp/DD-attack/requirements.txt (line 87))
Using cached ctgan-0.12.1-py3-none-any.whl (25 kB)
Using cached faker-40.13.0-py3-none-any.whl (2.0 MB)
Using cached fast_pytorch_kmeans-0.2.2-py3-none-any.whl (9.8 kB)
Using cached higher-0.2.1-py3-none-any.whl (27 kB)
Using cached kornia-0.8.2-py2.py3-none-any.whl (1.1 MB)
Using cached mlconfig-0.1.1-py3-none-any.whl (5.3 kB)
Using cached platformdirs-4.9.6-py3-none-any.whl (21 kB)
Using cached rdt-1.20.0-py3-none-any.whl (74 kB)
Using cached timm-1.0.26-py3-none-any.whl (2.6 MB)
Installing collected packages: torchfile, pytz, mpmath, antlr4_python3_runtime, websocket_client, urllib3, tzdata, typing_extensions, triton, tqdm, tornado, toml, threadpoolctl, sympy, smmap, six, shellingham, safetensors, pyzmq, pyyaml, pyparsing, pygments, psutil, protobuf, platformdirs, Pillow_SIMD, pillow, packaging, numpy, networkx, mdurl, MarkupSafe, kornia_rs, kiwisolver, jsonpointer, joblib, idna, hf_xet, h11, fsspec, fonttools, filelock, Faker, cycler, click, charset_normalizer, certifi, annotated_types, annotated_doc, typing_inspection, sentry_sdk, scipy, requests, python_dateutil, pydantic_core, omegaconf, mlconfig, markdown_it_py, jsonpatch, jinja2, httpcore, gitdb, contourpy, anyio, visdom, torch, scikit_learn, rich, pydantic, POT, pandas, matplotlib, httpx, GitPython, wandb, typer, torchvision, torchnet, seaborn, rdt, kornia, higher, fast_pytorch_kmeans, efficientnet_pytorch, huggingface_hub, ctgan, timm

Successfully installed Faker-40.13.0 GitPython-3.1.49+computecanada MarkupSafe-3.0.2+computecanada POT-0.9.0+computecanada Pillow_SIMD-9.5.0.post2+computecanada annotated_doc-0.0.4+computecanada annotated_types-0.7.0+computecanada antlr4_python3_runtime-4.9.3+computecanada anyio-4.13.0+computecanada certifi-2026.2.25+computecanada charset_normalizer-3.4.6+computecanada click-8.3.2+computecanada contourpy-1.3.1+computecanada ctgan-0.12.1 cycler-0.12.1+computecanada efficientnet_pytorch-0.7.1+computecanada fast_pytorch_kmeans-0.2.2 filelock-3.20.1+computecanada fonttools-4.61.1+computecanada fsspec-2025.12.0+computecanada gitdb-4.0.12+computecanada h11-0.16.0+computecanada hf_xet-1.4.3+computecanada higher-0.2.1 httpcore-1.0.9+computecanada httpx-0.28.1+computecanada huggingface_hub-1.9.0+computecanada idna-3.11+computecanada jinja2-3.1.6+computecanada joblib-1.5.3+computecanada jsonpatch-1.33+computecanada jsonpointer-3.1.1+computecanada kiwisolver-1.4.8+computecanada kornia-0.8.2 kornia_rs-0.1.9+computecanada markdown_it_py-4.0.0+computecanada matplotlib-3.10.1+computecanada mdurl-0.1.2+computecanada mlconfig-0.1.1 mpmath-1.3.0+computecanada networkx-3.6.1+computecanada numpy-1.26.4+computecanada omegaconf-2.3.0+computecanada packaging-25.0+computecanada pandas-2.3.3+computecanada pillow-11.1.0+computecanada platformdirs-4.9.6 protobuf-6.33.6+computecanada psutil-7.0.0+computecanada pydantic-2.13.3+computecanada pydantic_core-2.46.3+computecanada pygments-2.20.0+computecanada pyparsing-3.2.5+computecanada python_dateutil-2.9.0.post0+computecanada pytz-2025.2+computecanada pyyaml-6.0.3+computecanada pyzmq-27.1.0+computecanada rdt-1.20.0 requests-2.33.1+computecanada rich-14.3.3+computecanada safetensors-0.7.0+computecanada scikit_learn-1.7.1+computecanada scipy-1.11.2+computecanada seaborn-0.13.2+computecanada sentry_sdk-2.58.0+computecanada shellingham-1.5.4+computecanada six-1.17.0+computecanada smmap-5.0.3+computecanada sympy-1.14.0+computecanada threadpoolctl-3.6.0+computecanada timm-1.0.26 toml-0.10.2+computecanada torch-2.9.1+computecanada torchfile-0.1.0+computecanada torchnet-0.0.4+computecanada torchvision-0.24.1+computecanada tornado-6.5.5+computecanada tqdm-4.67.1+computecanada triton-3.6.0+computecanada typer-0.24.1+computecanada typing_extensions-4.15.0+computecanada typing_inspection-0.4.2+computecanada tzdata-2025.3+computecanada urllib3-2.6.3+computecanada visdom-0.1.8.9+computecanada wandb-0.24.0+computecanada websocket_client-1.9.0+computecanada
──────────────────────────────────────────────────────────
[1/27] ConvNetBN_frog-airplane_fc_b0.00002_seed0
──────────────────────────────────────────────────────────
[2026-06-16 12:57:06] device=cuda
[2026-06-16 12:57:06] hyperparams: {'dataset': 'CIFAR10', 'data_path': 'data', 'model': 'ConvNetBN', 'out_dir': 'result/standard_nodistill', 'seed': 0, 'target_idx_file': 'result/selected_targets.json', 'dsa_strategy': 'color_crop_cutout_flip_scale_rotate', 'syn_data_path': 'result/res_DM_CIFAR10_ConvNet_50ipc.pt', 'surrogate_model': 'ConvNet', 'num_surrogates': 10, 'surrogate_epochs': 1000, 'surrogate_lr': 0.01, 'surrogate_bs': 256, 'attack': 'fc', 'class_pairs': ['frog-airplane'], 'budget': 2e-05, 'epsilon': 0.0313725, 'pgd_steps': 150, 'pgd_alpha': 0.0039216, 'restarts': 1, 'lambda_margin': 0.1, 'num_targets': 10, 'num_victims': 6, 'target_select': 'random', 'victim_epochs': 30, 'victim_lr': 0.1, 'victim_bs': 125, 'victim_decay': [40, 60], 'victim_aug': False, 'clean_baseline': True, 'cache_dir': 'result/cache', 'precompute_only': False, 'random_select': False, 'single_surrogate': True}
[2026-06-16 12:57:06] loaded pre-selected targets from result/selected_targets.json
[2026-06-16 12:57:18] N_total=50000  budget=0.0000 -> N_p=1 poisons (all in y_adv class)

[2026-06-16 12:57:18] === loading 10 surrogates from cache: result/cache/surrogates_ConvNet_10x1000ep_seed0 ===

[2026-06-16 12:57:18] === training 6 clean victims (ConvNetBN) from scratch on full clean data ===
[2026-06-16T13:00:59.887] error: *** JOB 3968095 ON kn173 CANCELLED AT 2026-06-16T13:00:59 DUE to SIGNAL Terminated ***
