created virtual environment CPython3.11.5.final.0-64 in 1284ms
  creator CPython3Posix(dest=/tmp/env, clear=False, no_vcs_ignore=False, global=False)
  seeder FromAppData(download=False, pip=bundle, setuptools=bundle, wheel=bundle, via=copy, app_data_dir=/home/mmoslem3/.local/share/virtualenv)
    added seed packages: pip==26.1.2, setuptools==80.9.0+computecanada, wheel==0.47.0
  activators BashActivator,CShellActivator,FishActivator,NushellActivator,PowerShellActivator,PythonActivator
Looking in links: /cvmfs/soft.computecanada.ca/custom/python/wheelhouse/gentoo2023/x86-64-v3, /cvmfs/soft.computecanada.ca/custom/python/wheelhouse/gentoo2023/generic, /cvmfs/soft.computecanada.ca/custom/python/wheelhouse/generic
Requirement already satisfied: pip in /tmp/env/lib/python3.11/site-packages (26.1.2)
Looking in links: /cvmfs/soft.computecanada.ca/custom/python/wheelhouse/gentoo2023/x86-64-v3, /cvmfs/soft.computecanada.ca/custom/python/wheelhouse/gentoo2023/generic, /cvmfs/soft.computecanada.ca/custom/python/wheelhouse/generic
Processing /cvmfs/soft.computecanada.ca/custom/python/wheelhouse/generic/annotated_doc-0.0.4+computecanada-py3-none-any.whl (from -r /tmp/DD-attack/requirements.txt (line 1))
Processing /cvmfs/soft.computecanada.ca/custom/python/wheelhouse/generic/annotated_types-0.7.0+computecanada-py3-none-any.whl (from -r /tmp/DD-attack/requirements.txt (line 2))
Processing /cvmfs/soft.computecanada.ca/custom/python/wheelhouse/generic/antlr4_python3_runtime-4.9.3+computecanada-py3-none-any.whl (from -r /tmp/DD-attack/requirements.txt (line 3))
Processing /cvmfs/soft.computecanada.ca/custom/python/wheelhouse/generic/anyio-4.13.0+computecanada-py3-none-any.whl (from -r /tmp/DD-attack/requirements.txt (line 4))
Processing /cvmfs/soft.computecanada.ca/custom/python/wheelhouse/generic/certifi-2026.2.25+computecanada-py3-none-any.whl (from -r /tmp/DD-attack/requirements.txt (line 5))
Processing /cvmfs/soft.computecanada.ca/custom/python/wheelhouse/generic/charset_normalizer-3.4.6+computecanada-py3-none-any.whl (from -r /tmp/DD-attack/requirements.txt (line 6))
Processing /cvmfs/soft.computecanada.ca/custom/python/wheelhouse/generic/click-8.3.2+computecanada-py3-none-any.whl (from -r /tmp/DD-attack/requirements.txt (line 7))
Processing /cvmfs/soft.computecanada.ca/custom/python/wheelhouse/gentoo2023/generic/contourpy-1.3.1+computecanada-cp311-cp311-linux_x86_64.whl (from -r /tmp/DD-attack/requirements.txt (line 8))
Collecting ctgan==0.12.1 (from -r /tmp/DD-attack/requirements.txt (line 9))
  Using cached ctgan-0.12.1-py3-none-any.whl.metadata (10 kB)
Processing /cvmfs/soft.computecanada.ca/custom/python/wheelhouse/generic/cycler-0.12.1+computecanada-py3-none-any.whl (from -r /tmp/DD-attack/requirements.txt (line 10))
Processing /cvmfs/soft.computecanada.ca/custom/python/wheelhouse/generic/efficientnet_pytorch-0.7.1+computecanada-py3-none-any.whl (from -r /tmp/DD-attack/requirements.txt (line 11))
Collecting Faker==40.13.0 (from -r /tmp/DD-attack/requirements.txt (line 12))
  Using cached faker-40.13.0-py3-none-any.whl.metadata (16 kB)
Collecting fast_pytorch_kmeans==0.2.2 (from -r /tmp/DD-attack/requirements.txt (line 13))
  Using cached fast_pytorch_kmeans-0.2.2-py3-none-any.whl.metadata (1.1 kB)
Processing /cvmfs/soft.computecanada.ca/custom/python/wheelhouse/generic/filelock-3.20.1+computecanada-py3-none-any.whl (from -r /tmp/DD-attack/requirements.txt (line 14))
Processing /cvmfs/soft.computecanada.ca/custom/python/wheelhouse/generic/fonttools-4.61.1+computecanada-cp311-cp311-linux_x86_64.whl (from -r /tmp/DD-attack/requirements.txt (line 15))
Processing /cvmfs/soft.computecanada.ca/custom/python/wheelhouse/generic/fsspec-2025.12.0+computecanada-py3-none-any.whl (from -r /tmp/DD-attack/requirements.txt (line 16))
Processing /cvmfs/soft.computecanada.ca/custom/python/wheelhouse/generic/gitdb-4.0.12+computecanada-py3-none-any.whl (from -r /tmp/DD-attack/requirements.txt (line 17))
Processing /cvmfs/soft.computecanada.ca/custom/python/wheelhouse/generic/gitpython-3.1.49+computecanada-py3-none-any.whl (from -r /tmp/DD-attack/requirements.txt (line 18))
Processing /cvmfs/soft.computecanada.ca/custom/python/wheelhouse/generic/h11-0.16.0+computecanada-py3-none-any.whl (from -r /tmp/DD-attack/requirements.txt (line 19))
Processing /cvmfs/soft.computecanada.ca/custom/python/wheelhouse/gentoo2023/generic/hf_xet-1.4.3+computecanada-cp37-abi3-linux_x86_64.whl (from -r /tmp/DD-attack/requirements.txt (line 20))
Collecting higher==0.2.1 (from -r /tmp/DD-attack/requirements.txt (line 21))
  Using cached higher-0.2.1-py3-none-any.whl.metadata (10 kB)
Processing /cvmfs/soft.computecanada.ca/custom/python/wheelhouse/generic/httpcore-1.0.9+computecanada-py3-none-any.whl (from -r /tmp/DD-attack/requirements.txt (line 22))
Processing /cvmfs/soft.computecanada.ca/custom/python/wheelhouse/generic/httpx-0.28.1+computecanada-py3-none-any.whl (from -r /tmp/DD-attack/requirements.txt (line 23))
Processing /cvmfs/soft.computecanada.ca/custom/python/wheelhouse/generic/huggingface_hub-1.9.0+computecanada-py3-none-any.whl (from -r /tmp/DD-attack/requirements.txt (line 24))
Processing /cvmfs/soft.computecanada.ca/custom/python/wheelhouse/generic/idna-3.11+computecanada-py3-none-any.whl (from -r /tmp/DD-attack/requirements.txt (line 25))
Processing /cvmfs/soft.computecanada.ca/custom/python/wheelhouse/generic/jinja2-3.1.6+computecanada-py3-none-any.whl (from -r /tmp/DD-attack/requirements.txt (line 26))
Processing /cvmfs/soft.computecanada.ca/custom/python/wheelhouse/generic/joblib-1.5.3+computecanada-py3-none-any.whl (from -r /tmp/DD-attack/requirements.txt (line 27))
Processing /cvmfs/soft.computecanada.ca/custom/python/wheelhouse/generic/jsonpatch-1.33+computecanada-py2.py3-none-any.whl (from -r /tmp/DD-attack/requirements.txt (line 28))
Processing /cvmfs/soft.computecanada.ca/custom/python/wheelhouse/generic/jsonpointer-3.1.1+computecanada-py3-none-any.whl (from -r /tmp/DD-attack/requirements.txt (line 29))
Processing /cvmfs/soft.computecanada.ca/custom/python/wheelhouse/gentoo2023/x86-64-v3/kiwisolver-1.4.8+computecanada-cp311-cp311-linux_x86_64.whl (from -r /tmp/DD-attack/requirements.txt (line 30))
Collecting kornia==0.8.2 (from -r /tmp/DD-attack/requirements.txt (line 31))
  Using cached kornia-0.8.2-py2.py3-none-any.whl.metadata (18 kB)
Processing /cvmfs/soft.computecanada.ca/custom/python/wheelhouse/generic/kornia_rs-0.1.9+computecanada-cp311-cp311-linux_x86_64.whl (from -r /tmp/DD-attack/requirements.txt (line 32))
Processing /cvmfs/soft.computecanada.ca/custom/python/wheelhouse/generic/markdown_it_py-4.0.0+computecanada-py3-none-any.whl (from -r /tmp/DD-attack/requirements.txt (line 33))
Processing /cvmfs/soft.computecanada.ca/custom/python/wheelhouse/generic/MarkupSafe-3.0.2+computecanada-cp311-cp311-linux_x86_64.whl (from -r /tmp/DD-attack/requirements.txt (line 34))
Processing /cvmfs/soft.computecanada.ca/custom/python/wheelhouse/gentoo2023/x86-64-v3/matplotlib-3.10.1+computecanada-cp311-cp311-linux_x86_64.whl (from -r /tmp/DD-attack/requirements.txt (line 35))
Processing /cvmfs/soft.computecanada.ca/custom/python/wheelhouse/generic/mdurl-0.1.2+computecanada-py3-none-any.whl (from -r /tmp/DD-attack/requirements.txt (line 36))
Collecting mlconfig==0.1.1 (from -r /tmp/DD-attack/requirements.txt (line 37))
  Using cached mlconfig-0.1.1-py3-none-any.whl.metadata (202 bytes)
Processing /cvmfs/soft.computecanada.ca/custom/python/wheelhouse/generic/mpmath-1.3.0+computecanada-py3-none-any.whl (from -r /tmp/DD-attack/requirements.txt (line 38))
Processing /cvmfs/soft.computecanada.ca/custom/python/wheelhouse/generic/networkx-3.6.1+computecanada-py3-none-any.whl (from -r /tmp/DD-attack/requirements.txt (line 39))
Processing /cvmfs/soft.computecanada.ca/custom/python/wheelhouse/gentoo2023/generic/numpy-1.26.4+computecanada-cp311-cp311-linux_x86_64.whl (from -r /tmp/DD-attack/requirements.txt (line 40))
Processing /cvmfs/soft.computecanada.ca/custom/python/wheelhouse/generic/omegaconf-2.3.0+computecanada-py3-none-any.whl (from -r /tmp/DD-attack/requirements.txt (line 41))
Processing /cvmfs/soft.computecanada.ca/custom/python/wheelhouse/generic/packaging-25.0+computecanada-py3-none-any.whl (from -r /tmp/DD-attack/requirements.txt (line 42))
Processing /cvmfs/soft.computecanada.ca/custom/python/wheelhouse/gentoo2023/x86-64-v3/pandas-2.3.3+computecanada-cp311-cp311-linux_x86_64.whl (from -r /tmp/DD-attack/requirements.txt (line 43))
Processing /cvmfs/soft.computecanada.ca/custom/python/wheelhouse/gentoo2023/x86-64-v3/pillow-11.1.0+computecanada-cp311-cp311-linux_x86_64.whl (from -r /tmp/DD-attack/requirements.txt (line 44))
Processing /cvmfs/soft.computecanada.ca/custom/python/wheelhouse/gentoo2023/x86-64-v3/Pillow_SIMD-9.5.0.post2+computecanada-cp311-cp311-linux_x86_64.whl (from -r /tmp/DD-attack/requirements.txt (line 45))
Collecting platformdirs==4.9.6 (from -r /tmp/DD-attack/requirements.txt (line 46))
  Using cached platformdirs-4.9.6-py3-none-any.whl.metadata (4.7 kB)
Processing /cvmfs/soft.computecanada.ca/custom/python/wheelhouse/generic/POT-0.9.0+computecanada-cp311-cp311-linux_x86_64.whl (from -r /tmp/DD-attack/requirements.txt (line 47))
Processing /cvmfs/soft.computecanada.ca/custom/python/wheelhouse/gentoo2023/x86-64-v3/protobuf-6.33.6+computecanada-cp311-cp311-linux_x86_64.whl (from -r /tmp/DD-attack/requirements.txt (line 48))
Processing /cvmfs/soft.computecanada.ca/custom/python/wheelhouse/generic/psutil-7.0.0+computecanada-cp36-abi3-linux_x86_64.whl (from -r /tmp/DD-attack/requirements.txt (line 49))
Processing /cvmfs/soft.computecanada.ca/custom/python/wheelhouse/generic/pydantic-2.13.3+computecanada-py3-none-any.whl (from -r /tmp/DD-attack/requirements.txt (line 50))
Processing /cvmfs/soft.computecanada.ca/custom/python/wheelhouse/gentoo2023/x86-64-v3/pydantic_core-2.46.3+computecanada-cp311-cp311-linux_x86_64.whl (from -r /tmp/DD-attack/requirements.txt (line 51))
Processing /cvmfs/soft.computecanada.ca/custom/python/wheelhouse/generic/pygments-2.20.0+computecanada-py3-none-any.whl (from -r /tmp/DD-attack/requirements.txt (line 52))
Processing /cvmfs/soft.computecanada.ca/custom/python/wheelhouse/generic/pyparsing-3.2.5+computecanada-py3-none-any.whl (from -r /tmp/DD-attack/requirements.txt (line 53))
Processing /cvmfs/soft.computecanada.ca/custom/python/wheelhouse/generic/python_dateutil-2.9.0.post0+computecanada-py2.py3-none-any.whl (from -r /tmp/DD-attack/requirements.txt (line 54))
Processing /cvmfs/soft.computecanada.ca/custom/python/wheelhouse/generic/pytz-2025.2+computecanada-py2.py3-none-any.whl (from -r /tmp/DD-attack/requirements.txt (line 55))
Processing /cvmfs/soft.computecanada.ca/custom/python/wheelhouse/generic/pyyaml-6.0.3+computecanada-cp311-cp311-linux_x86_64.whl (from -r /tmp/DD-attack/requirements.txt (line 56))
Processing /cvmfs/soft.computecanada.ca/custom/python/wheelhouse/gentoo2023/x86-64-v3/pyzmq-27.1.0+computecanada-cp311-cp311-linux_x86_64.whl (from -r /tmp/DD-attack/requirements.txt (line 57))
Collecting rdt==1.20.0 (from -r /tmp/DD-attack/requirements.txt (line 58))
  Using cached rdt-1.20.0-py3-none-any.whl.metadata (11 kB)
Processing /cvmfs/soft.computecanada.ca/custom/python/wheelhouse/generic/requests-2.33.1+computecanada-py3-none-any.whl (from -r /tmp/DD-attack/requirements.txt (line 59))
Processing /cvmfs/soft.computecanada.ca/custom/python/wheelhouse/generic/rich-14.3.3+computecanada-py3-none-any.whl (from -r /tmp/DD-attack/requirements.txt (line 60))
Processing /cvmfs/soft.computecanada.ca/custom/python/wheelhouse/gentoo2023/generic/safetensors-0.7.0+computecanada-cp38-abi3-linux_x86_64.whl (from -r /tmp/DD-attack/requirements.txt (line 61))
Processing /cvmfs/soft.computecanada.ca/custom/python/wheelhouse/gentoo2023/generic/scikit_learn-1.7.1+computecanada-cp311-cp311-linux_x86_64.whl (from -r /tmp/DD-attack/requirements.txt (line 62))
Processing /cvmfs/soft.computecanada.ca/custom/python/wheelhouse/gentoo2023/generic/scipy-1.11.2+computecanada-cp311-cp311-linux_x86_64.whl (from -r /tmp/DD-attack/requirements.txt (line 63))
Processing /cvmfs/soft.computecanada.ca/custom/python/wheelhouse/generic/seaborn-0.13.2+computecanada-py3-none-any.whl (from -r /tmp/DD-attack/requirements.txt (line 64))
Processing /cvmfs/soft.computecanada.ca/custom/python/wheelhouse/generic/sentry_sdk-2.58.0+computecanada-py2.py3-none-any.whl (from -r /tmp/DD-attack/requirements.txt (line 65))
Processing /cvmfs/soft.computecanada.ca/custom/python/wheelhouse/generic/shellingham-1.5.4+computecanada-py2.py3-none-any.whl (from -r /tmp/DD-attack/requirements.txt (line 66))
Processing /cvmfs/soft.computecanada.ca/custom/python/wheelhouse/generic/six-1.17.0+computecanada-py2.py3-none-any.whl (from -r /tmp/DD-attack/requirements.txt (line 67))
Processing /cvmfs/soft.computecanada.ca/custom/python/wheelhouse/generic/smmap-5.0.3+computecanada-py3-none-any.whl (from -r /tmp/DD-attack/requirements.txt (line 68))
Processing /cvmfs/soft.computecanada.ca/custom/python/wheelhouse/generic/sympy-1.14.0+computecanada-py3-none-any.whl (from -r /tmp/DD-attack/requirements.txt (line 69))
Processing /cvmfs/soft.computecanada.ca/custom/python/wheelhouse/generic/threadpoolctl-3.6.0+computecanada-py3-none-any.whl (from -r /tmp/DD-attack/requirements.txt (line 70))
Collecting timm==1.0.26 (from -r /tmp/DD-attack/requirements.txt (line 71))
  Using cached timm-1.0.26-py3-none-any.whl.metadata (39 kB)
Processing /cvmfs/soft.computecanada.ca/custom/python/wheelhouse/generic/toml-0.10.2+computecanada-py2.py3-none-any.whl (from -r /tmp/DD-attack/requirements.txt (line 72))
Processing /cvmfs/soft.computecanada.ca/custom/python/wheelhouse/gentoo2023/generic/torch-2.9.1+computecanada-cp311-cp311-linux_x86_64.whl (from -r /tmp/DD-attack/requirements.txt (line 73))
Processing /cvmfs/soft.computecanada.ca/custom/python/wheelhouse/generic/torchfile-0.1.0+computecanada-py3-none-any.whl (from -r /tmp/DD-attack/requirements.txt (line 74))
Processing /cvmfs/soft.computecanada.ca/custom/python/wheelhouse/generic/torchnet-0.0.4+computecanada-py3-none-any.whl (from -r /tmp/DD-attack/requirements.txt (line 75))
Processing /cvmfs/soft.computecanada.ca/custom/python/wheelhouse/gentoo2023/generic/torchvision-0.24.1+computecanada-cp311-cp311-linux_x86_64.whl (from -r /tmp/DD-attack/requirements.txt (line 76))
Processing /cvmfs/soft.computecanada.ca/custom/python/wheelhouse/generic/tornado-6.5.5+computecanada-cp39-abi3-linux_x86_64.whl (from -r /tmp/DD-attack/requirements.txt (line 77))
Processing /cvmfs/soft.computecanada.ca/custom/python/wheelhouse/generic/tqdm-4.67.1+computecanada-py3-none-any.whl (from -r /tmp/DD-attack/requirements.txt (line 78))
Processing /cvmfs/soft.computecanada.ca/custom/python/wheelhouse/generic/triton-3.6.0+computecanada-cp311-cp311-linux_x86_64.whl (from -r /tmp/DD-attack/requirements.txt (line 79))
Processing /cvmfs/soft.computecanada.ca/custom/python/wheelhouse/generic/typer-0.24.1+computecanada-py3-none-any.whl (from -r /tmp/DD-attack/requirements.txt (line 80))
Processing /cvmfs/soft.computecanada.ca/custom/python/wheelhouse/generic/typing_extensions-4.15.0+computecanada-py3-none-any.whl (from -r /tmp/DD-attack/requirements.txt (line 81))
Processing /cvmfs/soft.computecanada.ca/custom/python/wheelhouse/generic/typing_inspection-0.4.2+computecanada-py3-none-any.whl (from -r /tmp/DD-attack/requirements.txt (line 82))
Processing /cvmfs/soft.computecanada.ca/custom/python/wheelhouse/generic/tzdata-2025.3+computecanada-py2.py3-none-any.whl (from -r /tmp/DD-attack/requirements.txt (line 83))
Processing /cvmfs/soft.computecanada.ca/custom/python/wheelhouse/generic/urllib3-2.6.3+computecanada-py3-none-any.whl (from -r /tmp/DD-attack/requirements.txt (line 84))
Processing /cvmfs/soft.computecanada.ca/custom/python/wheelhouse/generic/visdom-0.1.8.9+computecanada-py3-none-any.whl (from -r /tmp/DD-attack/requirements.txt (line 85))
Processing /cvmfs/soft.computecanada.ca/custom/python/wheelhouse/gentoo2023/generic/wandb-0.24.0+computecanada-py3-none-linux_x86_64.whl (from -r /tmp/DD-attack/requirements.txt (line 86))
Processing /cvmfs/soft.computecanada.ca/custom/python/wheelhouse/generic/websocket_client-1.9.0+computecanada-py3-none-any.whl (from -r /tmp/DD-attack/requirements.txt (line 87))
Using cached ctgan-0.12.1-py3-none-any.whl (25 kB)
Using cached faker-40.13.0-py3-none-any.whl (2.0 MB)
Using cached fast_pytorch_kmeans-0.2.2-py3-none-any.whl (9.8 kB)
Using cached higher-0.2.1-py3-none-any.whl (27 kB)
Using cached kornia-0.8.2-py2.py3-none-any.whl (1.1 MB)
Using cached mlconfig-0.1.1-py3-none-any.whl (5.3 kB)
Using cached platformdirs-4.9.6-py3-none-any.whl (21 kB)
Using cached rdt-1.20.0-py3-none-any.whl (74 kB)
Using cached timm-1.0.26-py3-none-any.whl (2.6 MB)
Installing collected packages: torchfile, pytz, mpmath, antlr4_python3_runtime, websocket_client, urllib3, tzdata, typing_extensions, triton, tqdm, tornado, toml, threadpoolctl, sympy, smmap, six, shellingham, safetensors, pyzmq, pyyaml, pyparsing, pygments, psutil, protobuf, platformdirs, Pillow_SIMD, pillow, packaging, numpy, networkx, mdurl, MarkupSafe, kornia_rs, kiwisolver, jsonpointer, joblib, idna, hf_xet, h11, fsspec, fonttools, filelock, Faker, cycler, click, charset_normalizer, certifi, annotated_types, annotated_doc, typing_inspection, sentry_sdk, scipy, requests, python_dateutil, pydantic_core, omegaconf, mlconfig, markdown_it_py, jsonpatch, jinja2, httpcore, gitdb, contourpy, anyio, visdom, torch, scikit_learn, rich, pydantic, POT, pandas, matplotlib, httpx, GitPython, wandb, typer, torchvision, torchnet, seaborn, rdt, kornia, higher, fast_pytorch_kmeans, efficientnet_pytorch, huggingface_hub, ctgan, timm

Successfully installed Faker-40.13.0 GitPython-3.1.49+computecanada MarkupSafe-3.0.2+computecanada POT-0.9.0+computecanada Pillow_SIMD-9.5.0.post2+computecanada annotated_doc-0.0.4+computecanada annotated_types-0.7.0+computecanada antlr4_python3_runtime-4.9.3+computecanada anyio-4.13.0+computecanada certifi-2026.2.25+computecanada charset_normalizer-3.4.6+computecanada click-8.3.2+computecanada contourpy-1.3.1+computecanada ctgan-0.12.1 cycler-0.12.1+computecanada efficientnet_pytorch-0.7.1+computecanada fast_pytorch_kmeans-0.2.2 filelock-3.20.1+computecanada fonttools-4.61.1+computecanada fsspec-2025.12.0+computecanada gitdb-4.0.12+computecanada h11-0.16.0+computecanada hf_xet-1.4.3+computecanada higher-0.2.1 httpcore-1.0.9+computecanada httpx-0.28.1+computecanada huggingface_hub-1.9.0+computecanada idna-3.11+computecanada jinja2-3.1.6+computecanada joblib-1.5.3+computecanada jsonpatch-1.33+computecanada jsonpointer-3.1.1+computecanada kiwisolver-1.4.8+computecanada kornia-0.8.2 kornia_rs-0.1.9+computecanada markdown_it_py-4.0.0+computecanada matplotlib-3.10.1+computecanada mdurl-0.1.2+computecanada mlconfig-0.1.1 mpmath-1.3.0+computecanada networkx-3.6.1+computecanada numpy-1.26.4+computecanada omegaconf-2.3.0+computecanada packaging-25.0+computecanada pandas-2.3.3+computecanada pillow-11.1.0+computecanada platformdirs-4.9.6 protobuf-6.33.6+computecanada psutil-7.0.0+computecanada pydantic-2.13.3+computecanada pydantic_core-2.46.3+computecanada pygments-2.20.0+computecanada pyparsing-3.2.5+computecanada python_dateutil-2.9.0.post0+computecanada pytz-2025.2+computecanada pyyaml-6.0.3+computecanada pyzmq-27.1.0+computecanada rdt-1.20.0 requests-2.33.1+computecanada rich-14.3.3+computecanada safetensors-0.7.0+computecanada scikit_learn-1.7.1+computecanada scipy-1.11.2+computecanada seaborn-0.13.2+computecanada sentry_sdk-2.58.0+computecanada shellingham-1.5.4+computecanada six-1.17.0+computecanada smmap-5.0.3+computecanada sympy-1.14.0+computecanada threadpoolctl-3.6.0+computecanada timm-1.0.26 toml-0.10.2+computecanada torch-2.9.1+computecanada torchfile-0.1.0+computecanada torchnet-0.0.4+computecanada torchvision-0.24.1+computecanada tornado-6.5.5+computecanada tqdm-4.67.1+computecanada triton-3.6.0+computecanada typer-0.24.1+computecanada typing_extensions-4.15.0+computecanada typing_inspection-0.4.2+computecanada tzdata-2025.3+computecanada urllib3-2.6.3+computecanada visdom-0.1.8.9+computecanada wandb-0.24.0+computecanada websocket_client-1.9.0+computecanada
[1/9] ConvNetBN_frog-airplane_fc_b0.1_seed0 → GPU 0
[2/9] ConvNetBN_frog-airplane_fc_b0.05_seed0 → GPU 1
[3/9] ConvNetBN_frog-airplane_fc_b0.02_seed0 → GPU 2
[4/9] ConvNetBN_frog-airplane_fc_b0.01_seed0 → GPU 3
[2026-06-16 23:26:12] device=cuda
[2026-06-16 23:26:12] hyperparams: {'dataset': 'CIFAR10', 'data_path': 'data', 'model': 'ConvNetBN', 'out_dir': 'result/standard_nodistill', 'seed': 0, 'target_idx_file': None, 'dsa_strategy': 'color_crop_cutout_flip_scale_rotate', 'syn_data_path': 'result/res_DM_CIFAR10_ConvNet_50ipc.pt', 'surrogate_model': 'ConvNet', 'num_surrogates': 10, 'surrogate_epochs': 1000, 'surrogate_lr': 0.01, 'surrogate_bs': 256, 'attack': 'fc', 'class_pairs': ['frog-airplane'], 'budget': 0.01, 'epsilon': 0.0313725, 'pgd_steps': 150, 'pgd_alpha': 0.0039216, 'restarts': 1, 'lambda_margin': 1.0, 'num_targets': 10, 'num_victims': 5, 'target_select': 'random', 'victim_epochs': 60, 'victim_lr': 0.1, 'victim_bs': 125, 'victim_decay': [40], 'victim_aug': False, 'clean_baseline': True, 'cache_dir': 'result/cache', 'precompute_only': False, 'random_select': False, 'single_surrogate': True}
[2026-06-16 23:26:12] device=cuda
[2026-06-16 23:26:12] hyperparams: {'dataset': 'CIFAR10', 'data_path': 'data', 'model': 'ConvNetBN', 'out_dir': 'result/standard_nodistill', 'seed': 0, 'target_idx_file': None, 'dsa_strategy': 'color_crop_cutout_flip_scale_rotate', 'syn_data_path': 'result/res_DM_CIFAR10_ConvNet_50ipc.pt', 'surrogate_model': 'ConvNet', 'num_surrogates': 10, 'surrogate_epochs': 1000, 'surrogate_lr': 0.01, 'surrogate_bs': 256, 'attack': 'fc', 'class_pairs': ['frog-airplane'], 'budget': 0.02, 'epsilon': 0.0313725, 'pgd_steps': 150, 'pgd_alpha': 0.0039216, 'restarts': 1, 'lambda_margin': 1.0, 'num_targets': 10, 'num_victims': 5, 'target_select': 'random', 'victim_epochs': 60, 'victim_lr': 0.1, 'victim_bs': 125, 'victim_decay': [40], 'victim_aug': False, 'clean_baseline': True, 'cache_dir': 'result/cache', 'precompute_only': False, 'random_select': False, 'single_surrogate': True}
[2026-06-16 23:26:12] device=cuda
[2026-06-16 23:26:12] hyperparams: {'dataset': 'CIFAR10', 'data_path': 'data', 'model': 'ConvNetBN', 'out_dir': 'result/standard_nodistill', 'seed': 0, 'target_idx_file': None, 'dsa_strategy': 'color_crop_cutout_flip_scale_rotate', 'syn_data_path': 'result/res_DM_CIFAR10_ConvNet_50ipc.pt', 'surrogate_model': 'ConvNet', 'num_surrogates': 10, 'surrogate_epochs': 1000, 'surrogate_lr': 0.01, 'surrogate_bs': 256, 'attack': 'fc', 'class_pairs': ['frog-airplane'], 'budget': 0.05, 'epsilon': 0.0313725, 'pgd_steps': 150, 'pgd_alpha': 0.0039216, 'restarts': 1, 'lambda_margin': 1.0, 'num_targets': 10, 'num_victims': 5, 'target_select': 'random', 'victim_epochs': 60, 'victim_lr': 0.1, 'victim_bs': 125, 'victim_decay': [40], 'victim_aug': False, 'clean_baseline': True, 'cache_dir': 'result/cache', 'precompute_only': False, 'random_select': False, 'single_surrogate': True}
[2026-06-16 23:26:12] device=cuda
[2026-06-16 23:26:12] hyperparams: {'dataset': 'CIFAR10', 'data_path': 'data', 'model': 'ConvNetBN', 'out_dir': 'result/standard_nodistill', 'seed': 0, 'target_idx_file': None, 'dsa_strategy': 'color_crop_cutout_flip_scale_rotate', 'syn_data_path': 'result/res_DM_CIFAR10_ConvNet_50ipc.pt', 'surrogate_model': 'ConvNet', 'num_surrogates': 10, 'surrogate_epochs': 1000, 'surrogate_lr': 0.01, 'surrogate_bs': 256, 'attack': 'fc', 'class_pairs': ['frog-airplane'], 'budget': 0.1, 'epsilon': 0.0313725, 'pgd_steps': 150, 'pgd_alpha': 0.0039216, 'restarts': 1, 'lambda_margin': 1.0, 'num_targets': 10, 'num_victims': 5, 'target_select': 'random', 'victim_epochs': 60, 'victim_lr': 0.1, 'victim_bs': 125, 'victim_decay': [40], 'victim_aug': False, 'clean_baseline': True, 'cache_dir': 'result/cache', 'precompute_only': False, 'random_select': False, 'single_surrogate': True}
[2026-06-16 23:26:35] N_total=50000  budget=0.0100 -> N_p=500 poisons (all in y_adv class)

[2026-06-16 23:26:35] === loading 10 surrogates from cache: result/cache/surrogates_ConvNet_10x1000ep_seed0 ===

[2026-06-16 23:26:35] === training 5 clean victims (ConvNetBN) from scratch on full clean data ===
[2026-06-16 23:26:35] N_total=50000  budget=0.0500 -> N_p=2500 poisons (all in y_adv class)
[2026-06-16 23:26:35] N_total=50000  budget=0.0200 -> N_p=1000 poisons (all in y_adv class)

[2026-06-16 23:26:35] === loading 10 surrogates from cache: result/cache/surrogates_ConvNet_10x1000ep_seed0 ===

[2026-06-16 23:26:35] === loading 10 surrogates from cache: result/cache/surrogates_ConvNet_10x1000ep_seed0 ===
[2026-06-16 23:26:35] N_total=50000  budget=0.1000 -> N_p=5000 poisons (all in y_adv class)

[2026-06-16 23:26:35] === loading 10 surrogates from cache: result/cache/surrogates_ConvNet_10x1000ep_seed0 ===

[2026-06-16 23:26:35] === training 5 clean victims (ConvNetBN) from scratch on full clean data ===

[2026-06-16 23:26:35] === training 5 clean victims (ConvNetBN) from scratch on full clean data ===

[2026-06-16 23:26:35] === training 5 clean victims (ConvNetBN) from scratch on full clean data ===
[2026-06-16 23:31:42]  saved clean victims to result/cache/clean_victims_ConvNetBN_5x60ep_seed0
[2026-06-16 23:31:43]  saved clean victims to result/cache/clean_victims_ConvNetBN_5x60ep_seed0
[2026-06-16 23:31:43]  saved clean victims to result/cache/clean_victims_ConvNetBN_5x60ep_seed0
  clean baseline CTA = 0.7956

[2026-06-16 23:31:43] ################ pair frog-airplane : y_adv=6(frog)  target_class=0(airplane) ################
  targets (random): [398, 315, 6738, 7742, 9544, 2113, 7146, 5124, 5703, 2672]
[2026-06-16 23:31:43]  saved clean victims to result/cache/clean_victims_ConvNetBN_5x60ep_seed0
  clean baseline CTA = 0.7898

[2026-06-16 23:31:43] ################ pair frog-airplane : y_adv=6(frog)  target_class=0(airplane) ################
  targets (random): [398, 315, 6738, 7742, 9544, 2113, 7146, 5124, 5703, 2672]
  clean baseline CTA = 0.7975

[2026-06-16 23:31:43] ################ pair frog-airplane : y_adv=6(frog)  target_class=0(airplane) ################
  targets (random): [398, 315, 6738, 7742, 9544, 2113, 7146, 5124, 5703, 2672]
  clean baseline CTA = 0.8048

[2026-06-16 23:31:44] ################ pair frog-airplane : y_adv=6(frog)  target_class=0(airplane) ################
  targets (random): [398, 315, 6738, 7742, 9544, 2113, 7146, 5124, 5703, 2672]
  victims:   victims:   victims:   victims: v1 done, v1 done, v1 done, v1 done, v2 done, v2 done, v2 done, v2 done, v3 done, v3 done, v3 done, v3 done, v4 done, v4 done, v4 done, v4 done, v5 done
  [frog-airplane t1/10 idx=398] fc craft_obj=0.2582 linf=0.0314 | clean_ASR=0% poison_CTA=0.7860 poison_ASR=0%
v5 done
  [frog-airplane t1/10 idx=398] fc craft_obj=0.2490 linf=0.0314 | clean_ASR=0% poison_CTA=0.8041 poison_ASR=0%
  victims: v5 done
  [frog-airplane t1/10 idx=398] fc craft_obj=0.2675 linf=0.0314 | clean_ASR=0% poison_CTA=0.7930 poison_ASR=0%
  victims:   victims: v5 done
  [frog-airplane t1/10 idx=398] fc craft_obj=0.2804 linf=0.0314 | clean_ASR=0% poison_CTA=0.7565 poison_ASR=0%
  victims: v1 done, v1 done, v1 done, v1 done, v2 done, v2 done, v2 done, v2 done, v3 done, v3 done, v3 done, v3 done, v4 done, v4 done, v4 done, v4 done, v5 done
  [frog-airplane t2/10 idx=315] fc craft_obj=0.2202 linf=0.0314 | clean_ASR=0% poison_CTA=0.8003 poison_ASR=0%
v5 done
  [frog-airplane t2/10 idx=315] fc craft_obj=0.2305 linf=0.0314 | clean_ASR=0% poison_CTA=0.7961 poison_ASR=0%
  victims:   victims: v5 done
  [frog-airplane t2/10 idx=315] fc craft_obj=0.2453 linf=0.0314 | clean_ASR=0% poison_CTA=0.7993 poison_ASR=0%
  victims: v5 done
  [frog-airplane t2/10 idx=315] fc craft_obj=0.2584 linf=0.0314 | clean_ASR=0% poison_CTA=0.7696 poison_ASR=0%
  victims: v1 done, v1 done, v1 done, v1 done, v2 done, v2 done, v2 done, v2 done, v3 done, v3 done, v3 done, v3 done, v4 done, v4 done, v4 done, v4 done, v5 done
  [frog-airplane t3/10 idx=6738] fc craft_obj=0.2568 linf=0.0314 | clean_ASR=0% poison_CTA=0.7907 poison_ASR=0%
v5 done
  [frog-airplane t3/10 idx=6738] fc craft_obj=0.2667 linf=0.0314 | clean_ASR=0% poison_CTA=0.8026 poison_ASR=0%
  victims:   victims: v5 done
  [frog-airplane t3/10 idx=6738] fc craft_obj=0.2790 linf=0.0314 | clean_ASR=0% poison_CTA=0.7973 poison_ASR=0%
  victims: v5 done
  [frog-airplane t3/10 idx=6738] fc craft_obj=0.2890 linf=0.0314 | clean_ASR=0% poison_CTA=0.7508 poison_ASR=0%
v1 done, v1 done,   victims: v1 done, v2 done, v2 done, v1 done, v2 done, v3 done, v2 done, v3 done, v3 done, v4 done, v3 done, v4 done, v4 done, v5 done
  [frog-airplane t4/10 idx=7742] fc craft_obj=0.2245 linf=0.0314 | clean_ASR=0% poison_CTA=0.8063 poison_ASR=0%
v4 done,   victims: v5 done
  [frog-airplane t4/10 idx=7742] fc craft_obj=0.2384 linf=0.0314 | clean_ASR=0% poison_CTA=0.8039 poison_ASR=0%
  victims: v5 done
  [frog-airplane t4/10 idx=7742] fc craft_obj=0.2572 linf=0.0314 | clean_ASR=0% poison_CTA=0.7987 poison_ASR=0%
  victims: v5 done
  [frog-airplane t4/10 idx=7742] fc craft_obj=0.2725 linf=0.0314 | clean_ASR=0% poison_CTA=0.7575 poison_ASR=0%
v1 done, v1 done,   victims: v1 done, v2 done, v2 done, v1 done, v2 done, v3 done, v3 done, v2 done, v3 done, v4 done, v4 done, v3 done, v4 done, v5 done
  [frog-airplane t5/10 idx=9544] fc craft_obj=0.2300 linf=0.0314 | clean_ASR=0% poison_CTA=0.8017 poison_ASR=0%
  victims: v5 done
  [frog-airplane t5/10 idx=9544] fc craft_obj=0.2406 linf=0.0314 | clean_ASR=0% poison_CTA=0.8075 poison_ASR=0%
  victims: v4 done, v5 done
  [frog-airplane t5/10 idx=9544] fc craft_obj=0.2531 linf=0.0314 | clean_ASR=0% poison_CTA=0.8015 poison_ASR=0%
  victims: v1 done, v1 done, v5 done
  [frog-airplane t5/10 idx=9544] fc craft_obj=0.2651 linf=0.0314 | clean_ASR=0% poison_CTA=0.7558 poison_ASR=0%
  victims: v1 done, v2 done, v2 done, v1 done, v2 done, v3 done, v3 done, v2 done, v3 done, v4 done, v4 done, v3 done, v4 done, v5 done
  [frog-airplane t6/10 idx=2113] fc craft_obj=0.2316 linf=0.0314 | clean_ASR=0% poison_CTA=0.8030 poison_ASR=0%
  victims: v5 done
  [frog-airplane t6/10 idx=2113] fc craft_obj=0.2395 linf=0.0314 | clean_ASR=0% poison_CTA=0.7916 poison_ASR=0%
  victims: v4 done, v5 done
  [frog-airplane t6/10 idx=2113] fc craft_obj=0.2539 linf=0.0314 | clean_ASR=0% poison_CTA=0.7967 poison_ASR=0%
  victims: v1 done, v1 done, v5 done
  [frog-airplane t6/10 idx=2113] fc craft_obj=0.2681 linf=0.0314 | clean_ASR=0% poison_CTA=0.7520 poison_ASR=0%
v1 done,   victims: v2 done, v2 done, v2 done, v1 done, v3 done, v3 done, v3 done, v2 done, v4 done, v4 done, v4 done, v3 done, v5 done
  [frog-airplane t7/10 idx=7146] fc craft_obj=0.2495 linf=0.0314 | clean_ASR=0% poison_CTA=0.7945 poison_ASR=20%
  victims: v5 done
  [frog-airplane t7/10 idx=7146] fc craft_obj=0.2590 linf=0.0314 | clean_ASR=0% poison_CTA=0.8066 poison_ASR=0%
  victims: v4 done, v5 done
  [frog-airplane t7/10 idx=7146] fc craft_obj=0.2739 linf=0.0314 | clean_ASR=0% poison_CTA=0.7953 poison_ASR=20%
  victims: v1 done, v1 done, v5 done
  [frog-airplane t7/10 idx=7146] fc craft_obj=0.2889 linf=0.0314 | clean_ASR=0% poison_CTA=0.7472 poison_ASR=60%
v1 done, v2 done,   victims: v2 done, v2 done, v3 done, v1 done, v3 done, v3 done, v4 done, v2 done, v4 done, v4 done, v3 done, v5 done
  [frog-airplane t8/10 idx=5124] fc craft_obj=0.2570 linf=0.0314 | clean_ASR=0% poison_CTA=0.7941 poison_ASR=0%
  victims: v5 done
  [frog-airplane t8/10 idx=5124] fc craft_obj=0.2634 linf=0.0314 | clean_ASR=0% poison_CTA=0.7964 poison_ASR=0%
  victims: v5 done
  [frog-airplane t8/10 idx=5124] fc craft_obj=0.2722 linf=0.0314 | clean_ASR=0% poison_CTA=0.7991 poison_ASR=0%
v4 done, v1 done,   victims: v1 done, v5 done
  [frog-airplane t8/10 idx=5124] fc craft_obj=0.2834 linf=0.0314 | clean_ASR=0% poison_CTA=0.7507 poison_ASR=0%
v2 done, v1 done, v2 done,   victims: v3 done, v2 done, v3 done, v1 done, v3 done, v4 done, v4 done, v2 done, v4 done, v5 done
  [frog-airplane t9/10 idx=5703] fc craft_obj=0.2229 linf=0.0314 | clean_ASR=0% poison_CTA=0.8053 poison_ASR=0%
  victims: v3 done, v5 done
  [frog-airplane t9/10 idx=5703] fc craft_obj=0.2315 linf=0.0314 | clean_ASR=0% poison_CTA=0.8046 poison_ASR=0%
  victims: v5 done
  [frog-airplane t9/10 idx=5703] fc craft_obj=0.2423 linf=0.0314 | clean_ASR=0% poison_CTA=0.7975 poison_ASR=0%
v1 done,   victims: v4 done, v1 done, v2 done, v1 done, v5 done
  [frog-airplane t9/10 idx=5703] fc craft_obj=0.2550 linf=0.0314 | clean_ASR=0% poison_CTA=0.7582 poison_ASR=60%
v2 done,   victims: v3 done, v2 done, v3 done, v1 done, v4 done, v3 done, v4 done, v2 done, v5 done
  [frog-airplane t10/10 idx=2672] fc craft_obj=0.2378 linf=0.0314 | clean_ASR=0% poison_CTA=0.8024 poison_ASR=0%

  ---- pair frog-airplane (fc) summary over 10 targets x 5 victims = 50 votes ----
    clean baseline CTA = 0.7898   mean clean ASR = 0.0%
    poison CTA = 0.8002 +/- 0.0050
    poison ASR = 2.0% +/- 6.0%
    target-prediction tally (['airplane', 'automobile', 'bird', 'cat', 'deer', 'dog', 'frog', 'horse', 'ship', 'truck']): [48, 0, 0, 0, 0, 0, 1, 0, 1, 0]

[2026-06-17 00:23:19] wrote results_standard_nodistill_fc_ConvNetBN_b100_eps8.{json,csv} to result/standard_nodistill
[2026-06-17 00:23:23] device=cuda
[2026-06-17 00:23:23] hyperparams: {'dataset': 'CIFAR10', 'data_path': 'data', 'model': 'ConvNetBN', 'out_dir': 'result/standard_nodistill', 'seed': 0, 'target_idx_file': None, 'dsa_strategy': 'color_crop_cutout_flip_scale_rotate', 'syn_data_path': 'result/res_DM_CIFAR10_ConvNet_50ipc.pt', 'surrogate_model': 'ConvNet', 'num_surrogates': 10, 'surrogate_epochs': 1000, 'surrogate_lr': 0.01, 'surrogate_bs': 256, 'attack': 'fc', 'class_pairs': ['frog-airplane'], 'budget': 0.01, 'epsilon': 0.0313725, 'pgd_steps': 150, 'pgd_alpha': 0.0039216, 'restarts': 1, 'lambda_margin': 1.0, 'num_targets': 10, 'num_victims': 5, 'target_select': 'random', 'victim_epochs': 60, 'victim_lr': 0.1, 'victim_bs': 125, 'victim_decay': [40], 'victim_aug': False, 'clean_baseline': True, 'cache_dir': 'result/cache', 'precompute_only': False, 'random_select': True, 'single_surrogate': True}
v4 done, v5 done
  [frog-airplane t10/10 idx=2672] fc craft_obj=0.2501 linf=0.0314 | clean_ASR=0% poison_CTA=0.7968 poison_ASR=20%

  ---- pair frog-airplane (fc) summary over 10 targets x 5 victims = 50 votes ----
    clean baseline CTA = 0.7956   mean clean ASR = 0.0%
    poison CTA = 0.7992 +/- 0.0066
    poison ASR = 2.0% +/- 6.0%
    target-prediction tally (['airplane', 'automobile', 'bird', 'cat', 'deer', 'dog', 'frog', 'horse', 'ship', 'truck']): [47, 1, 0, 0, 0, 0, 1, 0, 0, 1]

[2026-06-17 00:23:37] wrote results_standard_nodistill_fc_ConvNetBN_b200_eps8.{json,csv} to result/standard_nodistill
[2026-06-17 00:23:40] device=cuda
[2026-06-17 00:23:40] hyperparams: {'dataset': 'CIFAR10', 'data_path': 'data', 'model': 'ConvNetBN', 'out_dir': 'result/standard_nodistill', 'seed': 0, 'target_idx_file': None, 'dsa_strategy': 'color_crop_cutout_flip_scale_rotate', 'syn_data_path': 'result/res_DM_CIFAR10_ConvNet_50ipc.pt', 'surrogate_model': 'ConvNet', 'num_surrogates': 10, 'surrogate_epochs': 1000, 'surrogate_lr': 0.01, 'surrogate_bs': 256, 'attack': 'fc', 'class_pairs': ['frog-airplane'], 'budget': 0.02, 'epsilon': 0.0313725, 'pgd_steps': 150, 'pgd_alpha': 0.0039216, 'restarts': 1, 'lambda_margin': 1.0, 'num_targets': 10, 'num_victims': 5, 'target_select': 'random', 'victim_epochs': 60, 'victim_lr': 0.1, 'victim_bs': 125, 'victim_decay': [40], 'victim_aug': False, 'clean_baseline': True, 'cache_dir': 'result/cache', 'precompute_only': False, 'random_select': True, 'single_surrogate': True}
[2026-06-17 00:23:45] N_total=50000  budget=0.0100 -> N_p=500 poisons (all in y_adv class)

[2026-06-17 00:23:45] === loading 10 surrogates from cache: result/cache/surrogates_ConvNet_10x1000ep_seed0 ===

[2026-06-17 00:23:45] === loading 5 clean victims (ConvNetBN) from cache: result/cache/clean_victims_ConvNetBN_5x60ep_seed0 ===
  clean baseline CTA = 0.8048

[2026-06-17 00:23:46] ################ pair frog-airplane : y_adv=6(frog)  target_class=0(airplane) ################
  targets (random): [398, 315, 6738, 7742, 9544, 2113, 7146, 5124, 5703, 2672]
v3 done,   victims: [2026-06-17 00:24:02] N_total=50000  budget=0.0200 -> N_p=1000 poisons (all in y_adv class)

[2026-06-17 00:24:02] === loading 10 surrogates from cache: result/cache/surrogates_ConvNet_10x1000ep_seed0 ===

[2026-06-17 00:24:02] === loading 5 clean victims (ConvNetBN) from cache: result/cache/clean_victims_ConvNetBN_5x60ep_seed0 ===
  clean baseline CTA = 0.8048

[2026-06-17 00:24:03] ################ pair frog-airplane : y_adv=6(frog)  target_class=0(airplane) ################
  targets (random): [398, 315, 6738, 7742, 9544, 2113, 7146, 5124, 5703, 2672]
  victims: v5 done
  [frog-airplane t10/10 idx=2672] fc craft_obj=0.2659 linf=0.0314 | clean_ASR=0% poison_CTA=0.7928 poison_ASR=20%

  ---- pair frog-airplane (fc) summary over 10 targets x 5 victims = 50 votes ----
    clean baseline CTA = 0.7975   mean clean ASR = 0.0%
    poison CTA = 0.7971 +/- 0.0026
    poison ASR = 4.0% +/- 8.0%
    target-prediction tally (['airplane', 'automobile', 'bird', 'cat', 'deer', 'dog', 'frog', 'horse', 'ship', 'truck']): [45, 1, 0, 0, 0, 0, 2, 0, 1, 1]

[2026-06-17 00:24:26] wrote results_standard_nodistill_fc_ConvNetBN_b500_eps8.{json,csv} to result/standard_nodistill
[2026-06-17 00:24:29] device=cuda
[2026-06-17 00:24:29] hyperparams: {'dataset': 'CIFAR10', 'data_path': 'data', 'model': 'ConvNetBN', 'out_dir': 'result/standard_nodistill', 'seed': 0, 'target_idx_file': None, 'dsa_strategy': 'color_crop_cutout_flip_scale_rotate', 'syn_data_path': 'result/res_DM_CIFAR10_ConvNet_50ipc.pt', 'surrogate_model': 'ConvNet', 'num_surrogates': 10, 'surrogate_epochs': 1000, 'surrogate_lr': 0.01, 'surrogate_bs': 256, 'attack': 'fc', 'class_pairs': ['frog-airplane'], 'budget': 0.05, 'epsilon': 0.0313725, 'pgd_steps': 150, 'pgd_alpha': 0.0039216, 'restarts': 1, 'lambda_margin': 1.0, 'num_targets': 10, 'num_victims': 5, 'target_select': 'random', 'victim_epochs': 60, 'victim_lr': 0.1, 'victim_bs': 125, 'victim_decay': [40], 'victim_aug': False, 'clean_baseline': True, 'cache_dir': 'result/cache', 'precompute_only': False, 'random_select': True, 'single_surrogate': True}
v4 done, v1 done, [2026-06-17 00:24:51] N_total=50000  budget=0.0500 -> N_p=2500 poisons (all in y_adv class)

[2026-06-17 00:24:51] === loading 10 surrogates from cache: result/cache/surrogates_ConvNet_10x1000ep_seed0 ===

[2026-06-17 00:24:52] === loading 5 clean victims (ConvNetBN) from cache: result/cache/clean_victims_ConvNetBN_5x60ep_seed0 ===
  clean baseline CTA = 0.8048

[2026-06-17 00:24:52] ################ pair frog-airplane : y_adv=6(frog)  target_class=0(airplane) ################
  targets (random): [398, 315, 6738, 7742, 9544, 2113, 7146, 5124, 5703, 2672]
  victims: v1 done, v5 done
  [frog-airplane t10/10 idx=2672] fc craft_obj=0.2830 linf=0.0314 | clean_ASR=0% poison_CTA=0.7541 poison_ASR=0%

  ---- pair frog-airplane (fc) summary over 10 targets x 5 victims = 50 votes ----
    clean baseline CTA = 0.8048   mean clean ASR = 0.0%
    poison CTA = 0.7552 +/- 0.0058
    poison ASR = 12.0% +/- 24.0%
    target-prediction tally (['airplane', 'automobile', 'bird', 'cat', 'deer', 'dog', 'frog', 'horse', 'ship', 'truck']): [42, 0, 0, 0, 0, 0, 6, 0, 2, 0]

[2026-06-17 00:25:48] wrote results_standard_nodistill_fc_ConvNetBN_b1000_eps8.{json,csv} to result/standard_nodistill
v2 done, [2026-06-17 00:25:51] device=cuda
[2026-06-17 00:25:51] hyperparams: {'dataset': 'CIFAR10', 'data_path': 'data', 'model': 'ConvNetBN', 'out_dir': 'result/standard_nodistill', 'seed': 0, 'target_idx_file': None, 'dsa_strategy': 'color_crop_cutout_flip_scale_rotate', 'syn_data_path': 'result/res_DM_CIFAR10_ConvNet_50ipc.pt', 'surrogate_model': 'ConvNet', 'num_surrogates': 10, 'surrogate_epochs': 1000, 'surrogate_lr': 0.01, 'surrogate_bs': 256, 'attack': 'fc', 'class_pairs': ['frog-airplane'], 'budget': 0.1, 'epsilon': 0.0313725, 'pgd_steps': 150, 'pgd_alpha': 0.0039216, 'restarts': 1, 'lambda_margin': 1.0, 'num_targets': 10, 'num_victims': 5, 'target_select': 'random', 'victim_epochs': 60, 'victim_lr': 0.1, 'victim_bs': 125, 'victim_decay': [40], 'victim_aug': False, 'clean_baseline': True, 'cache_dir': 'result/cache', 'precompute_only': False, 'random_select': True, 'single_surrogate': True}
v1 done, v2 done, [2026-06-17 00:26:13] N_total=50000  budget=0.1000 -> N_p=5000 poisons (all in y_adv class)

[2026-06-17 00:26:13] === loading 10 surrogates from cache: result/cache/surrogates_ConvNet_10x1000ep_seed0 ===

[2026-06-17 00:26:13] === loading 5 clean victims (ConvNetBN) from cache: result/cache/clean_victims_ConvNetBN_5x60ep_seed0 ===
  clean baseline CTA = 0.8048

[2026-06-17 00:26:14] ################ pair frog-airplane : y_adv=6(frog)  target_class=0(airplane) ################
  targets (random): [398, 315, 6738, 7742, 9544, 2113, 7146, 5124, 5703, 2672]
  victims: v3 done, v2 done, v3 done, v1 done, v4 done, v3 done, v4 done, v2 done, v5 done
  [frog-airplane t1/10 idx=398] fc craft_obj=0.2837 linf=0.0314 | clean_ASR=0% poison_CTA=0.8064 poison_ASR=0%
  victims: v4 done, v5 done
  [frog-airplane t1/10 idx=398] fc craft_obj=0.2816 linf=0.0314 | clean_ASR=0% poison_CTA=0.8090 poison_ASR=0%
  victims: v3 done, v1 done, v5 done
  [frog-airplane t1/10 idx=398] fc craft_obj=0.2794 linf=0.0314 | clean_ASR=0% poison_CTA=0.8049 poison_ASR=0%
v1 done,   victims: v4 done, v2 done, v2 done, v1 done, v5 done
  [frog-airplane t1/10 idx=398] fc craft_obj=0.2804 linf=0.0314 | clean_ASR=0% poison_CTA=0.7556 poison_ASR=0%
v3 done,   victims: v3 done, v2 done, v4 done, v1 done, v4 done, v3 done, v2 done, v5 done
  [frog-airplane t2/10 idx=315] fc craft_obj=0.2629 linf=0.0314 | clean_ASR=0% poison_CTA=0.8076 poison_ASR=0%
  victims: v5 done
  [frog-airplane t2/10 idx=315] fc craft_obj=0.2590 linf=0.0314 | clean_ASR=0% poison_CTA=0.8083 poison_ASR=0%
  victims: v4 done, v3 done, v1 done, v1 done, v5 done
  [frog-airplane t2/10 idx=315] fc craft_obj=0.2580 linf=0.0314 | clean_ASR=0% poison_CTA=0.7934 poison_ASR=0%
  victims: v4 done, v2 done, v2 done, v1 done, v5 done
  [frog-airplane t2/10 idx=315] fc craft_obj=0.2584 linf=0.0314 | clean_ASR=0% poison_CTA=0.7731 poison_ASR=0%
v3 done, v3 done,   victims: v2 done, v4 done, v4 done, v1 done, v3 done, v5 done
  [frog-airplane t3/10 idx=6738] fc craft_obj=0.2899 linf=0.0314 | clean_ASR=0% poison_CTA=0.7999 poison_ASR=0%
  victims: v5 done
  [frog-airplane t3/10 idx=6738] fc craft_obj=0.2895 linf=0.0314 | clean_ASR=0% poison_CTA=0.8005 poison_ASR=0%
  victims: v2 done, v4 done, v1 done, v1 done, v3 done, v5 done
  [frog-airplane t3/10 idx=6738] fc craft_obj=0.2903 linf=0.0314 | clean_ASR=0% poison_CTA=0.7969 poison_ASR=0%
  victims: v2 done, v2 done, v4 done, v1 done, v3 done, v3 done, v5 done
  [frog-airplane t3/10 idx=6738] fc craft_obj=0.2890 linf=0.0314 | clean_ASR=0% poison_CTA=0.7478 poison_ASR=0%
v2 done,   victims: v4 done, v4 done, v3 done, v1 done, v5 done
  [frog-airplane t4/10 idx=7742] fc craft_obj=0.2772 linf=0.0314 | clean_ASR=0% poison_CTA=0.8072 poison_ASR=0%
  victims: v5 done
  [frog-airplane t4/10 idx=7742] fc craft_obj=0.2713 linf=0.0314 | clean_ASR=0% poison_CTA=0.8043 poison_ASR=0%
  victims: v4 done, v2 done, v1 done, v1 done, v5 done
  [frog-airplane t4/10 idx=7742] fc craft_obj=0.2720 linf=0.0314 | clean_ASR=0% poison_CTA=0.8015 poison_ASR=0%
v3 done,   victims: v2 done, v2 done, v4 done, v1 done, v3 done, v3 done, v5 done
  [frog-airplane t4/10 idx=7742] fc craft_obj=0.2725 linf=0.0314 | clean_ASR=0% poison_CTA=0.7614 poison_ASR=0%
v2 done,   victims: v4 done, v4 done, v3 done, v1 done, v5 done
  [frog-airplane t5/10 idx=9544] fc craft_obj=0.2619 linf=0.0314 | clean_ASR=0% poison_CTA=0.8062 poison_ASR=0%
  victims: v5 done
  [frog-airplane t5/10 idx=9544] fc craft_obj=0.2637 linf=0.0314 | clean_ASR=0% poison_CTA=0.8068 poison_ASR=0%
  victims: v4 done, v2 done, v1 done, v1 done, v5 done
  [frog-airplane t5/10 idx=9544] fc craft_obj=0.2659 linf=0.0314 | clean_ASR=0% poison_CTA=0.8004 poison_ASR=0%
  victims: v3 done, v2 done, v2 done, v1 done, v4 done, v3 done, v3 done, v2 done, v5 done
  [frog-airplane t5/10 idx=9544] fc craft_obj=0.2651 linf=0.0314 | clean_ASR=0% poison_CTA=0.7587 poison_ASR=40%
  victims: v4 done, v4 done, v3 done, v1 done, v5 done
  [frog-airplane t6/10 idx=2113] fc craft_obj=0.2661 linf=0.0314 | clean_ASR=0% poison_CTA=0.7977 poison_ASR=0%
  victims: v5 done
  [frog-airplane t6/10 idx=2113] fc craft_obj=0.2685 linf=0.0314 | clean_ASR=0% poison_CTA=0.8092 poison_ASR=0%
  victims: v4 done, v2 done, v1 done, v1 done, v5 done
  [frog-airplane t6/10 idx=2113] fc craft_obj=0.2689 linf=0.0314 | clean_ASR=0% poison_CTA=0.8005 poison_ASR=0%
  victims: v3 done, v2 done, v2 done, v1 done, v4 done, v3 done, v3 done, v2 done, v5 done
  [frog-airplane t6/10 idx=2113] fc craft_obj=0.2681 linf=0.0314 | clean_ASR=0% poison_CTA=0.7586 poison_ASR=0%
v4 done, v4 done,   victims: v3 done, v5 done
  [frog-airplane t7/10 idx=7146] fc craft_obj=0.2889 linf=0.0314 | clean_ASR=0% poison_CTA=0.8075 poison_ASR=0%
  victims: v5 done
  [frog-airplane t7/10 idx=7146] fc craft_obj=0.2890 linf=0.0314 | clean_ASR=0% poison_CTA=0.8076 poison_ASR=0%
v1 done,   victims: v4 done, v1 done, v2 done, v1 done, v5 done
  [frog-airplane t7/10 idx=7146] fc craft_obj=0.2894 linf=0.0314 | clean_ASR=0% poison_CTA=0.7933 poison_ASR=0%
  victims: v2 done, v3 done, v2 done, v1 done, v3 done, v4 done, v3 done, v2 done, v4 done, v5 done
  [frog-airplane t7/10 idx=7146] fc craft_obj=0.2889 linf=0.0314 | clean_ASR=0% poison_CTA=0.7497 poison_ASR=60%
v4 done,   victims: v3 done, v5 done
  [frog-airplane t8/10 idx=5124] fc craft_obj=0.2825 linf=0.0314 | clean_ASR=0% poison_CTA=0.8040 poison_ASR=0%
  victims: v5 done
  [frog-airplane t8/10 idx=5124] fc craft_obj=0.2833 linf=0.0314 | clean_ASR=0% poison_CTA=0.7934 poison_ASR=0%
  victims: v1 done, v4 done, v1 done, v1 done, v2 done, v5 done
  [frog-airplane t8/10 idx=5124] fc craft_obj=0.2832 linf=0.0314 | clean_ASR=0% poison_CTA=0.7989 poison_ASR=0%
  victims: v2 done, v2 done, v3 done, v1 done, v3 done, v3 done, v4 done, v2 done, v4 done, v4 done, v5 done
  [frog-airplane t8/10 idx=5124] fc craft_obj=0.2833 linf=0.0314 | clean_ASR=0% poison_CTA=0.7364 poison_ASR=0%
  victims: v3 done, v5 done
  [frog-airplane t9/10 idx=5703] fc craft_obj=0.2541 linf=0.0314 | clean_ASR=0% poison_CTA=0.8023 poison_ASR=0%
  victims: v5 done
  [frog-airplane t9/10 idx=5703] fc craft_obj=0.2556 linf=0.0314 | clean_ASR=0% poison_CTA=0.8023 poison_ASR=0%
  victims: v1 done, v4 done, v1 done, v1 done, v2 done, v5 done
  [frog-airplane t9/10 idx=5703] fc craft_obj=0.2547 linf=0.0314 | clean_ASR=0% poison_CTA=0.8047 poison_ASR=0%
  victims: v2 done, v2 done, v3 done, v1 done, v3 done, v3 done, v4 done, v2 done, v4 done, v4 done, v5 done
  [frog-airplane t9/10 idx=5703] fc craft_obj=0.2550 linf=0.0314 | clean_ASR=0% poison_CTA=0.7483 poison_ASR=100%
v3 done,   victims: v5 done
  [frog-airplane t10/10 idx=2672] fc craft_obj=0.2814 linf=0.0314 | clean_ASR=0% poison_CTA=0.7997 poison_ASR=0%

  ---- pair frog-airplane (fc) summary over 10 targets x 5 victims = 50 votes ----
    clean baseline CTA = 0.8048   mean clean ASR = 0.0%
    poison CTA = 0.8038 +/- 0.0035
    poison ASR = 0.0% +/- 0.0%
    target-prediction tally (['airplane', 'automobile', 'bird', 'cat', 'deer', 'dog', 'frog', 'horse', 'ship', 'truck']): [49, 0, 0, 0, 0, 0, 0, 0, 1, 0]

[2026-06-17 01:15:20] wrote results_standard_nodistill_fc_ConvNetBN_b100_eps8.{json,csv} to result/standard_nodistill
v5 done
  [frog-airplane t10/10 idx=2672] fc craft_obj=0.2845 linf=0.0314 | clean_ASR=0% poison_CTA=0.8076 poison_ASR=0%

  ---- pair frog-airplane (fc) summary over 10 targets x 5 victims = 50 votes ----
    clean baseline CTA = 0.8048   mean clean ASR = 0.0%
    poison CTA = 0.8049 +/- 0.0047
    poison ASR = 0.0% +/- 0.0%
    target-prediction tally (['airplane', 'automobile', 'bird', 'cat', 'deer', 'dog', 'frog', 'horse', 'ship', 'truck']): [43, 1, 0, 1, 0, 0, 0, 0, 2, 3]

[2026-06-17 01:15:36] wrote results_standard_nodistill_fc_ConvNetBN_b200_eps8.{json,csv} to result/standard_nodistill
v4 done, v1 done, v5 done
  [frog-airplane t10/10 idx=2672] fc craft_obj=0.2831 linf=0.0314 | clean_ASR=0% poison_CTA=0.7996 poison_ASR=0%

  ---- pair frog-airplane (fc) summary over 10 targets x 5 victims = 50 votes ----
    clean baseline CTA = 0.8048   mean clean ASR = 0.0%
    poison CTA = 0.7994 +/- 0.0038
    poison ASR = 0.0% +/- 0.0%
    target-prediction tally (['airplane', 'automobile', 'bird', 'cat', 'deer', 'dog', 'frog', 'horse', 'ship', 'truck']): [47, 0, 0, 1, 0, 0, 0, 0, 2, 0]

[2026-06-17 01:18:26] wrote results_standard_nodistill_fc_ConvNetBN_b500_eps8.{json,csv} to result/standard_nodistill
v2 done, v3 done, v4 done, v5 done
  [frog-airplane t10/10 idx=2672] fc craft_obj=0.2830 linf=0.0314 | clean_ASR=0% poison_CTA=0.7574 poison_ASR=60%

  ---- pair frog-airplane (fc) summary over 10 targets x 5 victims = 50 votes ----
    clean baseline CTA = 0.8048   mean clean ASR = 0.0%
    poison CTA = 0.7547 +/- 0.0093
    poison ASR = 26.0% +/- 34.7%
    target-prediction tally (['airplane', 'automobile', 'bird', 'cat', 'deer', 'dog', 'frog', 'horse', 'ship', 'truck']): [36, 0, 0, 0, 0, 0, 13, 0, 1, 0]

[2026-06-17 01:24:31] wrote results_standard_nodistill_fc_ConvNetBN_b1000_eps8.{json,csv} to result/standard_nodistill
[5/9] ConvNetBN_frog-airplane_fc_b0.005_seed0 → GPU 0
[6/9] ConvNetBN_frog-airplane_fc_b0.002_seed0 → GPU 1
[7/9] ConvNetBN_frog-airplane_fc_b0.001_seed0 → GPU 2
[8/9] ConvNetBN_frog-airplane_fc_b0.0001_seed0 → GPU 3
[2026-06-17 01:24:34] device=cuda
[2026-06-17 01:24:34] hyperparams: {'dataset': 'CIFAR10', 'data_path': 'data', 'model': 'ConvNetBN', 'out_dir': 'result/standard_nodistill', 'seed': 0, 'target_idx_file': None, 'dsa_strategy': 'color_crop_cutout_flip_scale_rotate', 'syn_data_path': 'result/res_DM_CIFAR10_ConvNet_50ipc.pt', 'surrogate_model': 'ConvNet', 'num_surrogates': 10, 'surrogate_epochs': 1000, 'surrogate_lr': 0.01, 'surrogate_bs': 256, 'attack': 'fc', 'class_pairs': ['frog-airplane'], 'budget': 0.001, 'epsilon': 0.0313725, 'pgd_steps': 150, 'pgd_alpha': 0.0039216, 'restarts': 1, 'lambda_margin': 1.0, 'num_targets': 10, 'num_victims': 5, 'target_select': 'random', 'victim_epochs': 60, 'victim_lr': 0.1, 'victim_bs': 125, 'victim_decay': [40], 'victim_aug': False, 'clean_baseline': True, 'cache_dir': 'result/cache', 'precompute_only': False, 'random_select': False, 'single_surrogate': True}
[2026-06-17 01:24:34] device=cuda
[2026-06-17 01:24:34] hyperparams: {'dataset': 'CIFAR10', 'data_path': 'data', 'model': 'ConvNetBN', 'out_dir': 'result/standard_nodistill', 'seed': 0, 'target_idx_file': None, 'dsa_strategy': 'color_crop_cutout_flip_scale_rotate', 'syn_data_path': 'result/res_DM_CIFAR10_ConvNet_50ipc.pt', 'surrogate_model': 'ConvNet', 'num_surrogates': 10, 'surrogate_epochs': 1000, 'surrogate_lr': 0.01, 'surrogate_bs': 256, 'attack': 'fc', 'class_pairs': ['frog-airplane'], 'budget': 0.0001, 'epsilon': 0.0313725, 'pgd_steps': 150, 'pgd_alpha': 0.0039216, 'restarts': 1, 'lambda_margin': 1.0, 'num_targets': 10, 'num_victims': 5, 'target_select': 'random', 'victim_epochs': 60, 'victim_lr': 0.1, 'victim_bs': 125, 'victim_decay': [40], 'victim_aug': False, 'clean_baseline': True, 'cache_dir': 'result/cache', 'precompute_only': False, 'random_select': False, 'single_surrogate': True}
[2026-06-17 01:24:34] device=cuda
[2026-06-17 01:24:34] hyperparams: {'dataset': 'CIFAR10', 'data_path': 'data', 'model': 'ConvNetBN', 'out_dir': 'result/standard_nodistill', 'seed': 0, 'target_idx_file': None, 'dsa_strategy': 'color_crop_cutout_flip_scale_rotate', 'syn_data_path': 'result/res_DM_CIFAR10_ConvNet_50ipc.pt', 'surrogate_model': 'ConvNet', 'num_surrogates': 10, 'surrogate_epochs': 1000, 'surrogate_lr': 0.01, 'surrogate_bs': 256, 'attack': 'fc', 'class_pairs': ['frog-airplane'], 'budget': 0.002, 'epsilon': 0.0313725, 'pgd_steps': 150, 'pgd_alpha': 0.0039216, 'restarts': 1, 'lambda_margin': 1.0, 'num_targets': 10, 'num_victims': 5, 'target_select': 'random', 'victim_epochs': 60, 'victim_lr': 0.1, 'victim_bs': 125, 'victim_decay': [40], 'victim_aug': False, 'clean_baseline': True, 'cache_dir': 'result/cache', 'precompute_only': False, 'random_select': False, 'single_surrogate': True}
[2026-06-17 01:24:35] device=cuda
[2026-06-17 01:24:35] hyperparams: {'dataset': 'CIFAR10', 'data_path': 'data', 'model': 'ConvNetBN', 'out_dir': 'result/standard_nodistill', 'seed': 0, 'target_idx_file': None, 'dsa_strategy': 'color_crop_cutout_flip_scale_rotate', 'syn_data_path': 'result/res_DM_CIFAR10_ConvNet_50ipc.pt', 'surrogate_model': 'ConvNet', 'num_surrogates': 10, 'surrogate_epochs': 1000, 'surrogate_lr': 0.01, 'surrogate_bs': 256, 'attack': 'fc', 'class_pairs': ['frog-airplane'], 'budget': 0.005, 'epsilon': 0.0313725, 'pgd_steps': 150, 'pgd_alpha': 0.0039216, 'restarts': 1, 'lambda_margin': 1.0, 'num_targets': 10, 'num_victims': 5, 'target_select': 'random', 'victim_epochs': 60, 'victim_lr': 0.1, 'victim_bs': 125, 'victim_decay': [40], 'victim_aug': False, 'clean_baseline': True, 'cache_dir': 'result/cache', 'precompute_only': False, 'random_select': False, 'single_surrogate': True}
[2026-06-17 01:24:57] N_total=50000  budget=0.0010 -> N_p=50 poisons (all in y_adv class)
[2026-06-17 01:24:57] N_total=50000  budget=0.0001 -> N_p=5 poisons (all in y_adv class)

[2026-06-17 01:24:57] === loading 10 surrogates from cache: result/cache/surrogates_ConvNet_10x1000ep_seed0 ===

[2026-06-17 01:24:57] === loading 10 surrogates from cache: result/cache/surrogates_ConvNet_10x1000ep_seed0 ===
[2026-06-17 01:24:57] N_total=50000  budget=0.0020 -> N_p=100 poisons (all in y_adv class)

[2026-06-17 01:24:57] === loading 10 surrogates from cache: result/cache/surrogates_ConvNet_10x1000ep_seed0 ===
[2026-06-17 01:24:57] N_total=50000  budget=0.0050 -> N_p=250 poisons (all in y_adv class)

[2026-06-17 01:24:57] === loading 5 clean victims (ConvNetBN) from cache: result/cache/clean_victims_ConvNetBN_5x60ep_seed0 ===

[2026-06-17 01:24:57] === loading 5 clean victims (ConvNetBN) from cache: result/cache/clean_victims_ConvNetBN_5x60ep_seed0 ===

[2026-06-17 01:24:57] === loading 10 surrogates from cache: result/cache/surrogates_ConvNet_10x1000ep_seed0 ===

[2026-06-17 01:24:57] === loading 5 clean victims (ConvNetBN) from cache: result/cache/clean_victims_ConvNetBN_5x60ep_seed0 ===

[2026-06-17 01:24:57] === loading 5 clean victims (ConvNetBN) from cache: result/cache/clean_victims_ConvNetBN_5x60ep_seed0 ===
  clean baseline CTA = 0.8048

[2026-06-17 01:24:57] ################ pair frog-airplane : y_adv=6(frog)  target_class=0(airplane) ################
  targets (random): [398, 315, 6738, 7742, 9544, 2113, 7146, 5124, 5703, 2672]
  clean baseline CTA = 0.8048

[2026-06-17 01:24:57] ################ pair frog-airplane : y_adv=6(frog)  target_class=0(airplane) ################
  targets (random): [398, 315, 6738, 7742, 9544, 2113, 7146, 5124, 5703, 2672]
  clean baseline CTA = 0.8048

[2026-06-17 01:24:57] ################ pair frog-airplane : y_adv=6(frog)  target_class=0(airplane) ################
  targets (random): [398, 315, 6738, 7742, 9544, 2113, 7146, 5124, 5703, 2672]
  clean baseline CTA = 0.8048

[2026-06-17 01:24:58] ################ pair frog-airplane : y_adv=6(frog)  target_class=0(airplane) ################
  targets (random): [398, 315, 6738, 7742, 9544, 2113, 7146, 5124, 5703, 2672]
  victims:   victims:   victims:   victims: v1 done, v1 done, v1 done, v1 done, v2 done, v2 done, v2 done, v2 done, v3 done, v3 done, v3 done, v3 done, v4 done, v4 done, v4 done, v4 done, v5 done
  [frog-airplane t1/10 idx=398] fc craft_obj=0.2298 linf=0.0314 | clean_ASR=0% poison_CTA=0.8012 poison_ASR=0%
v5 done
  [frog-airplane t1/10 idx=398] fc craft_obj=0.2223 linf=0.0314 | clean_ASR=0% poison_CTA=0.8028 poison_ASR=0%
v5 done
  [frog-airplane t1/10 idx=398] fc craft_obj=0.1961 linf=0.0314 | clean_ASR=0% poison_CTA=0.8065 poison_ASR=0%
  victims:   victims:   victims: v5 done
  [frog-airplane t1/10 idx=398] fc craft_obj=0.2421 linf=0.0314 | clean_ASR=0% poison_CTA=0.7873 poison_ASR=0%
  victims: v1 done, v1 done, v1 done, v1 done, v2 done, v2 done, v2 done, v2 done, v3 done, v3 done, v3 done, v3 done, v4 done, v4 done, v4 done, v4 done, v5 done
  [frog-airplane t2/10 idx=315] fc craft_obj=0.1800 linf=0.0314 | clean_ASR=0% poison_CTA=0.8025 poison_ASR=0%
  victims: v5 done
  [frog-airplane t2/10 idx=315] fc craft_obj=0.1574 linf=0.0314 | clean_ASR=0% poison_CTA=0.8033 poison_ASR=0%
  victims: v5 done
  [frog-airplane t2/10 idx=315] fc craft_obj=0.1947 linf=0.0314 | clean_ASR=0% poison_CTA=0.8038 poison_ASR=0%
  victims: v5 done
  [frog-airplane t2/10 idx=315] fc craft_obj=0.2093 linf=0.0314 | clean_ASR=0% poison_CTA=0.8034 poison_ASR=0%
  victims: v1 done, v1 done, v1 done, v1 done, v2 done, v2 done, v2 done, v2 done, v3 done, v3 done, v3 done, v3 done, v4 done, v4 done, v4 done, v4 done, v5 done
  [frog-airplane t3/10 idx=6738] fc craft_obj=0.2201 linf=0.0314 | clean_ASR=0% poison_CTA=0.8007 poison_ASR=0%
  victims: v5 done
  [frog-airplane t3/10 idx=6738] fc craft_obj=0.1951 linf=0.0314 | clean_ASR=0% poison_CTA=0.8028 poison_ASR=0%
  victims: v5 done
  [frog-airplane t3/10 idx=6738] fc craft_obj=0.2315 linf=0.0314 | clean_ASR=0% poison_CTA=0.8037 poison_ASR=0%
  victims: v5 done
  [frog-airplane t3/10 idx=6738] fc craft_obj=0.2446 linf=0.0314 | clean_ASR=0% poison_CTA=0.7957 poison_ASR=0%
  victims: v1 done, v1 done, v1 done, v1 done, v2 done, v2 done, v2 done, v2 done, v3 done, v3 done, v3 done, v3 done, v4 done, v4 done, v4 done, v4 done, v5 done
  [frog-airplane t4/10 idx=7742] fc craft_obj=0.1771 linf=0.0314 | clean_ASR=0% poison_CTA=0.8054 poison_ASR=0%
  victims: v5 done
  [frog-airplane t4/10 idx=7742] fc craft_obj=0.1802 linf=0.0314 | clean_ASR=0% poison_CTA=0.7953 poison_ASR=0%
  victims: v5 done
  [frog-airplane t4/10 idx=7742] fc craft_obj=0.1924 linf=0.0314 | clean_ASR=0% poison_CTA=0.7965 poison_ASR=0%
  victims: v5 done
  [frog-airplane t4/10 idx=7742] fc craft_obj=0.2081 linf=0.0314 | clean_ASR=0% poison_CTA=0.8036 poison_ASR=0%
  victims: v1 done, v1 done, v1 done, v1 done, v2 done, v2 done, v2 done, v2 done, v3 done, v3 done, v3 done, v3 done, v4 done, v4 done, v4 done, v4 done, v5 done
  [frog-airplane t5/10 idx=9544] fc craft_obj=0.1963 linf=0.0314 | clean_ASR=0% poison_CTA=0.8038 poison_ASR=0%
  victims: v5 done
  [frog-airplane t5/10 idx=9544] fc craft_obj=0.1943 linf=0.0314 | clean_ASR=0% poison_CTA=0.7999 poison_ASR=0%
  victims: v5 done
  [frog-airplane t5/10 idx=9544] fc craft_obj=0.2082 linf=0.0314 | clean_ASR=0% poison_CTA=0.8050 poison_ASR=0%
  victims: v5 done
  [frog-airplane t5/10 idx=9544] fc craft_obj=0.2198 linf=0.0314 | clean_ASR=0% poison_CTA=0.8093 poison_ASR=0%
  victims: v1 done, v1 done, v1 done, v1 done, v2 done, v2 done, v2 done, v2 done, v3 done, v3 done, v3 done, v3 done, v4 done, v4 done, v4 done, v4 done, v5 done
  [frog-airplane t6/10 idx=2113] fc craft_obj=0.2050 linf=0.0314 | clean_ASR=0% poison_CTA=0.8056 poison_ASR=0%
  victims: v5 done
  [frog-airplane t6/10 idx=2113] fc craft_obj=0.1914 linf=0.0314 | clean_ASR=0% poison_CTA=0.8063 poison_ASR=0%
  victims: v5 done
  [frog-airplane t6/10 idx=2113] fc craft_obj=0.2102 linf=0.0314 | clean_ASR=0% poison_CTA=0.7987 poison_ASR=0%
  victims: v5 done
  [frog-airplane t6/10 idx=2113] fc craft_obj=0.2198 linf=0.0314 | clean_ASR=0% poison_CTA=0.8046 poison_ASR=0%
  victims: v1 done, v1 done, v1 done, v1 done, v2 done, v2 done, v2 done, v2 done, v3 done, v3 done, v3 done, v3 done, v4 done, v4 done, v4 done, v4 done, v5 done
  [frog-airplane t7/10 idx=7146] fc craft_obj=0.2065 linf=0.0314 | clean_ASR=0% poison_CTA=0.8041 poison_ASR=0%
  victims: v5 done
  [frog-airplane t7/10 idx=7146] fc craft_obj=0.1678 linf=0.0314 | clean_ASR=0% poison_CTA=0.8075 poison_ASR=0%
  victims: v5 done
  [frog-airplane t7/10 idx=7146] fc craft_obj=0.2226 linf=0.0314 | clean_ASR=0% poison_CTA=0.8031 poison_ASR=0%
  victims: v5 done
  [frog-airplane t7/10 idx=7146] fc craft_obj=0.2356 linf=0.0314 | clean_ASR=0% poison_CTA=0.8071 poison_ASR=0%
  victims: v1 done, v1 done, v1 done, v1 done, v2 done, v2 done, v2 done, v2 done, v3 done, v3 done, v3 done, v3 done, v4 done, v4 done, v4 done, v4 done, v5 done
  [frog-airplane t8/10 idx=5124] fc craft_obj=0.2324 linf=0.0314 | clean_ASR=0% poison_CTA=0.8030 poison_ASR=0%
  victims: v5 done
  [frog-airplane t8/10 idx=5124] fc craft_obj=0.2126 linf=0.0314 | clean_ASR=0% poison_CTA=0.8053 poison_ASR=0%
  victims: v5 done
  [frog-airplane t8/10 idx=5124] fc craft_obj=0.2387 linf=0.0314 | clean_ASR=0% poison_CTA=0.7975 poison_ASR=0%
  victims: v5 done
  [frog-airplane t8/10 idx=5124] fc craft_obj=0.2479 linf=0.0314 | clean_ASR=0% poison_CTA=0.7908 poison_ASR=0%
  victims: v1 done, v1 done, v1 done, v1 done, v2 done, v2 done, v2 done, v2 done, v3 done, v3 done, v3 done, v3 done, v4 done, v4 done, v4 done, v4 done, v5 done
  [frog-airplane t9/10 idx=5703] fc craft_obj=0.2021 linf=0.0314 | clean_ASR=0% poison_CTA=0.8003 poison_ASR=0%
  victims: v5 done
  [frog-airplane t9/10 idx=5703] fc craft_obj=0.1771 linf=0.0314 | clean_ASR=0% poison_CTA=0.8016 poison_ASR=0%
  victims: v5 done
  [frog-airplane t9/10 idx=5703] fc craft_obj=0.2050 linf=0.0314 | clean_ASR=0% poison_CTA=0.8023 poison_ASR=0%
  victims: v5 done
  [frog-airplane t9/10 idx=5703] fc craft_obj=0.2133 linf=0.0314 | clean_ASR=0% poison_CTA=0.7979 poison_ASR=0%
  victims: v1 done, v1 done, v1 done, v1 done, v2 done, v2 done, v2 done, v2 done, v3 done, v3 done, v3 done, v3 done, v4 done, v4 done, v4 done, v4 done, v5 done
  [frog-airplane t10/10 idx=2672] fc craft_obj=0.2052 linf=0.0314 | clean_ASR=0% poison_CTA=0.8090 poison_ASR=20%

  ---- pair frog-airplane (fc) summary over 10 targets x 5 victims = 50 votes ----
    clean baseline CTA = 0.8048   mean clean ASR = 0.0%
    poison CTA = 0.8037 +/- 0.0024
    poison ASR = 2.0% +/- 6.0%
    target-prediction tally (['airplane', 'automobile', 'bird', 'cat', 'deer', 'dog', 'frog', 'horse', 'ship', 'truck']): [46, 0, 0, 0, 0, 0, 1, 0, 2, 1]

[2026-06-17 02:14:38] wrote results_standard_nodistill_fc_ConvNetBN_b10_eps8.{json,csv} to result/standard_nodistill
[2026-06-17 02:14:41] device=cuda
[2026-06-17 02:14:41] hyperparams: {'dataset': 'CIFAR10', 'data_path': 'data', 'model': 'ConvNetBN', 'out_dir': 'result/standard_nodistill', 'seed': 0, 'target_idx_file': None, 'dsa_strategy': 'color_crop_cutout_flip_scale_rotate', 'syn_data_path': 'result/res_DM_CIFAR10_ConvNet_50ipc.pt', 'surrogate_model': 'ConvNet', 'num_surrogates': 10, 'surrogate_epochs': 1000, 'surrogate_lr': 0.01, 'surrogate_bs': 256, 'attack': 'fc', 'class_pairs': ['frog-airplane'], 'budget': 0.001, 'epsilon': 0.0313725, 'pgd_steps': 150, 'pgd_alpha': 0.0039216, 'restarts': 1, 'lambda_margin': 1.0, 'num_targets': 10, 'num_victims': 5, 'target_select': 'random', 'victim_epochs': 60, 'victim_lr': 0.1, 'victim_bs': 125, 'victim_decay': [40], 'victim_aug': False, 'clean_baseline': True, 'cache_dir': 'result/cache', 'precompute_only': False, 'random_select': True, 'single_surrogate': True}
v5 done
  [frog-airplane t10/10 idx=2672] fc craft_obj=0.2069 linf=0.0314 | clean_ASR=0% poison_CTA=0.8088 poison_ASR=0%

  ---- pair frog-airplane (fc) summary over 10 targets x 5 victims = 50 votes ----
    clean baseline CTA = 0.8048   mean clean ASR = 0.0%
    poison CTA = 0.8037 +/- 0.0039
    poison ASR = 0.0% +/- 0.0%
    target-prediction tally (['airplane', 'automobile', 'bird', 'cat', 'deer', 'dog', 'frog', 'horse', 'ship', 'truck']): [48, 0, 0, 0, 0, 0, 0, 0, 1, 1]

[2026-06-17 02:14:50] wrote results_standard_nodistill_fc_ConvNetBN_b1_eps8.{json,csv} to result/standard_nodistill
[2026-06-17 02:14:53] device=cuda
[2026-06-17 02:14:53] hyperparams: {'dataset': 'CIFAR10', 'data_path': 'data', 'model': 'ConvNetBN', 'out_dir': 'result/standard_nodistill', 'seed': 0, 'target_idx_file': None, 'dsa_strategy': 'color_crop_cutout_flip_scale_rotate', 'syn_data_path': 'result/res_DM_CIFAR10_ConvNet_50ipc.pt', 'surrogate_model': 'ConvNet', 'num_surrogates': 10, 'surrogate_epochs': 1000, 'surrogate_lr': 0.01, 'surrogate_bs': 256, 'attack': 'fc', 'class_pairs': ['frog-airplane'], 'budget': 0.0001, 'epsilon': 0.0313725, 'pgd_steps': 150, 'pgd_alpha': 0.0039216, 'restarts': 1, 'lambda_margin': 1.0, 'num_targets': 10, 'num_victims': 5, 'target_select': 'random', 'victim_epochs': 60, 'victim_lr': 0.1, 'victim_bs': 125, 'victim_decay': [40], 'victim_aug': False, 'clean_baseline': True, 'cache_dir': 'result/cache', 'precompute_only': False, 'random_select': True, 'single_surrogate': True}
v5 done
  [frog-airplane t10/10 idx=2672] fc craft_obj=0.2096 linf=0.0314 | clean_ASR=0% poison_CTA=0.8056 poison_ASR=0%

  ---- pair frog-airplane (fc) summary over 10 targets x 5 victims = 50 votes ----
    clean baseline CTA = 0.8048   mean clean ASR = 0.0%
    poison CTA = 0.8017 +/- 0.0030
    poison ASR = 0.0% +/- 0.0%
    target-prediction tally (['airplane', 'automobile', 'bird', 'cat', 'deer', 'dog', 'frog', 'horse', 'ship', 'truck']): [47, 0, 0, 0, 0, 0, 0, 0, 2, 1]

[2026-06-17 02:15:03] wrote results_standard_nodistill_fc_ConvNetBN_b20_eps8.{json,csv} to result/standard_nodistill
[2026-06-17 02:15:03] N_total=50000  budget=0.0010 -> N_p=50 poisons (all in y_adv class)

[2026-06-17 02:15:03] === loading 10 surrogates from cache: result/cache/surrogates_ConvNet_10x1000ep_seed0 ===

[2026-06-17 02:15:03] === loading 5 clean victims (ConvNetBN) from cache: result/cache/clean_victims_ConvNetBN_5x60ep_seed0 ===
  clean baseline CTA = 0.8048

[2026-06-17 02:15:04] ################ pair frog-airplane : y_adv=6(frog)  target_class=0(airplane) ################
  targets (random): [398, 315, 6738, 7742, 9544, 2113, 7146, 5124, 5703, 2672]
  victims: [2026-06-17 02:15:06] device=cuda
[2026-06-17 02:15:06] hyperparams: {'dataset': 'CIFAR10', 'data_path': 'data', 'model': 'ConvNetBN', 'out_dir': 'result/standard_nodistill', 'seed': 0, 'target_idx_file': None, 'dsa_strategy': 'color_crop_cutout_flip_scale_rotate', 'syn_data_path': 'result/res_DM_CIFAR10_ConvNet_50ipc.pt', 'surrogate_model': 'ConvNet', 'num_surrogates': 10, 'surrogate_epochs': 1000, 'surrogate_lr': 0.01, 'surrogate_bs': 256, 'attack': 'fc', 'class_pairs': ['frog-airplane'], 'budget': 0.002, 'epsilon': 0.0313725, 'pgd_steps': 150, 'pgd_alpha': 0.0039216, 'restarts': 1, 'lambda_margin': 1.0, 'num_targets': 10, 'num_victims': 5, 'target_select': 'random', 'victim_epochs': 60, 'victim_lr': 0.1, 'victim_bs': 125, 'victim_decay': [40], 'victim_aug': False, 'clean_baseline': True, 'cache_dir': 'result/cache', 'precompute_only': False, 'random_select': True, 'single_surrogate': True}
[2026-06-17 02:15:15] N_total=50000  budget=0.0001 -> N_p=5 poisons (all in y_adv class)

[2026-06-17 02:15:15] === loading 10 surrogates from cache: result/cache/surrogates_ConvNet_10x1000ep_seed0 ===

[2026-06-17 02:15:15] === loading 5 clean victims (ConvNetBN) from cache: result/cache/clean_victims_ConvNetBN_5x60ep_seed0 ===
  clean baseline CTA = 0.8048

[2026-06-17 02:15:16] ################ pair frog-airplane : y_adv=6(frog)  target_class=0(airplane) ################
  targets (random): [398, 315, 6738, 7742, 9544, 2113, 7146, 5124, 5703, 2672]
  victims: v5 done
  [frog-airplane t10/10 idx=2672] fc craft_obj=0.2277 linf=0.0314 | clean_ASR=0% poison_CTA=0.8097 poison_ASR=0%

  ---- pair frog-airplane (fc) summary over 10 targets x 5 victims = 50 votes ----
    clean baseline CTA = 0.8048   mean clean ASR = 0.0%
    poison CTA = 0.8009 +/- 0.0073
    poison ASR = 0.0% +/- 0.0%
    target-prediction tally (['airplane', 'automobile', 'bird', 'cat', 'deer', 'dog', 'frog', 'horse', 'ship', 'truck']): [45, 0, 1, 0, 0, 0, 0, 0, 3, 1]

[2026-06-17 02:15:22] wrote results_standard_nodistill_fc_ConvNetBN_b50_eps8.{json,csv} to result/standard_nodistill
[2026-06-17 02:15:25] device=cuda
[2026-06-17 02:15:25] hyperparams: {'dataset': 'CIFAR10', 'data_path': 'data', 'model': 'ConvNetBN', 'out_dir': 'result/standard_nodistill', 'seed': 0, 'target_idx_file': None, 'dsa_strategy': 'color_crop_cutout_flip_scale_rotate', 'syn_data_path': 'result/res_DM_CIFAR10_ConvNet_50ipc.pt', 'surrogate_model': 'ConvNet', 'num_surrogates': 10, 'surrogate_epochs': 1000, 'surrogate_lr': 0.01, 'surrogate_bs': 256, 'attack': 'fc', 'class_pairs': ['frog-airplane'], 'budget': 0.005, 'epsilon': 0.0313725, 'pgd_steps': 150, 'pgd_alpha': 0.0039216, 'restarts': 1, 'lambda_margin': 1.0, 'num_targets': 10, 'num_victims': 5, 'target_select': 'random', 'victim_epochs': 60, 'victim_lr': 0.1, 'victim_bs': 125, 'victim_decay': [40], 'victim_aug': False, 'clean_baseline': True, 'cache_dir': 'result/cache', 'precompute_only': False, 'random_select': True, 'single_surrogate': True}
[2026-06-17 02:15:28] N_total=50000  budget=0.0020 -> N_p=100 poisons (all in y_adv class)

[2026-06-17 02:15:28] === loading 10 surrogates from cache: result/cache/surrogates_ConvNet_10x1000ep_seed0 ===

[2026-06-17 02:15:28] === loading 5 clean victims (ConvNetBN) from cache: result/cache/clean_victims_ConvNetBN_5x60ep_seed0 ===
  clean baseline CTA = 0.8048

[2026-06-17 02:15:29] ################ pair frog-airplane : y_adv=6(frog)  target_class=0(airplane) ################
  targets (random): [398, 315, 6738, 7742, 9544, 2113, 7146, 5124, 5703, 2672]
  victims: [2026-06-17 02:15:47] N_total=50000  budget=0.0050 -> N_p=250 poisons (all in y_adv class)

[2026-06-17 02:15:47] === loading 10 surrogates from cache: result/cache/surrogates_ConvNet_10x1000ep_seed0 ===

[2026-06-17 02:15:47] === loading 5 clean victims (ConvNetBN) from cache: result/cache/clean_victims_ConvNetBN_5x60ep_seed0 ===
  clean baseline CTA = 0.8048

[2026-06-17 02:15:48] ################ pair frog-airplane : y_adv=6(frog)  target_class=0(airplane) ################
  targets (random): [398, 315, 6738, 7742, 9544, 2113, 7146, 5124, 5703, 2672]
  victims: v1 done, v1 done, v1 done, v1 done, v2 done, v2 done, v2 done, v2 done, v3 done, v3 done, v3 done, v3 done, v4 done, v4 done, v4 done, v4 done, v5 done
  [frog-airplane t1/10 idx=398] fc craft_obj=0.2853 linf=0.0314 | clean_ASR=0% poison_CTA=0.8047 poison_ASR=0%
  victims: v5 done
  [frog-airplane t1/10 idx=398] fc craft_obj=0.3022 linf=0.0314 | clean_ASR=0% poison_CTA=0.8043 poison_ASR=0%
  victims: v5 done
  [frog-airplane t1/10 idx=398] fc craft_obj=0.2803 linf=0.0314 | clean_ASR=0% poison_CTA=0.8098 poison_ASR=0%
  victims: v5 done
  [frog-airplane t1/10 idx=398] fc craft_obj=0.2770 linf=0.0314 | clean_ASR=0% poison_CTA=0.7973 poison_ASR=0%
  victims: v1 done, v1 done, v1 done, v1 done, v2 done, v2 done, v2 done, v2 done, v3 done, v3 done, v3 done, v3 done, v4 done, v4 done, v4 done, v4 done, v5 done
  [frog-airplane t2/10 idx=315] fc craft_obj=0.2632 linf=0.0314 | clean_ASR=0% poison_CTA=0.8098 poison_ASR=0%
  victims: v5 done
  [frog-airplane t2/10 idx=315] fc craft_obj=0.2775 linf=0.0314 | clean_ASR=0% poison_CTA=0.7991 poison_ASR=0%
  victims: v5 done
  [frog-airplane t2/10 idx=315] fc craft_obj=0.2643 linf=0.0314 | clean_ASR=0% poison_CTA=0.8097 poison_ASR=0%
  victims: v5 done
  [frog-airplane t2/10 idx=315] fc craft_obj=0.2572 linf=0.0314 | clean_ASR=0% poison_CTA=0.8037 poison_ASR=0%
  victims: v1 done, v1 done, v1 done, v2 done, v1 done, v2 done, v2 done, v3 done, v2 done, v3 done, v3 done, v4 done, v3 done, v4 done, v4 done, v5 done
  [frog-airplane t3/10 idx=6738] fc craft_obj=0.2962 linf=0.0314 | clean_ASR=0% poison_CTA=0.8010 poison_ASR=0%
  victims: v4 done, v5 done
  [frog-airplane t3/10 idx=6738] fc craft_obj=0.3017 linf=0.0314 | clean_ASR=0% poison_CTA=0.7974 poison_ASR=0%
  victims: v5 done
  [frog-airplane t3/10 idx=6738] fc craft_obj=0.2884 linf=0.0314 | clean_ASR=0% poison_CTA=0.8062 poison_ASR=0%
  victims: v1 done, v5 done
  [frog-airplane t3/10 idx=6738] fc craft_obj=0.2907 linf=0.0314 | clean_ASR=0% poison_CTA=0.8089 poison_ASR=0%
  victims: v1 done, v1 done, v2 done, v1 done, v2 done, v2 done, v3 done, v2 done, v3 done, v3 done, v4 done, v3 done, v4 done, v4 done, v5 done
  [frog-airplane t4/10 idx=7742] fc craft_obj=0.2696 linf=0.0314 | clean_ASR=0% poison_CTA=0.8069 poison_ASR=0%
  victims: v4 done, v5 done
  [frog-airplane t4/10 idx=7742] fc craft_obj=0.2755 linf=0.0314 | clean_ASR=0% poison_CTA=0.8005 poison_ASR=0%
  victims: v5 done
  [frog-airplane t4/10 idx=7742] fc craft_obj=0.2707 linf=0.0314 | clean_ASR=0% poison_CTA=0.7937 poison_ASR=0%
  victims: v1 done, v5 done
  [frog-airplane t4/10 idx=7742] fc craft_obj=0.2681 linf=0.0314 | clean_ASR=0% poison_CTA=0.8083 poison_ASR=0%
v1 done,   victims: v1 done, v2 done, v2 done, v1 done, v2 done, v3 done, v3 done, v2 done, v3 done, v4 done, v4 done, v3 done, v4 done, v5 done
  [frog-airplane t5/10 idx=9544] fc craft_obj=0.2675 linf=0.0314 | clean_ASR=0% poison_CTA=0.8083 poison_ASR=0%
  victims: v5 done
  [frog-airplane t5/10 idx=9544] fc craft_obj=0.2538 linf=0.0314 | clean_ASR=0% poison_CTA=0.7815 poison_ASR=0%
  victims: v4 done, v5 done
  [frog-airplane t5/10 idx=9544] fc craft_obj=0.2643 linf=0.0314 | clean_ASR=0% poison_CTA=0.7989 poison_ASR=0%
  victims: v1 done, v1 done, v5 done
  [frog-airplane t5/10 idx=9544] fc craft_obj=0.2657 linf=0.0314 | clean_ASR=0% poison_CTA=0.8074 poison_ASR=0%
  victims: v1 done, v2 done, v2 done, v1 done, v2 done, v3 done, v3 done, v2 done, v3 done, v4 done, v4 done, v3 done, v4 done, v5 done
  [frog-airplane t6/10 idx=2113] fc craft_obj=0.2622 linf=0.0314 | clean_ASR=0% poison_CTA=0.7972 poison_ASR=0%
  victims: v5 done
  [frog-airplane t6/10 idx=2113] fc craft_obj=0.2609 linf=0.0314 | clean_ASR=0% poison_CTA=0.8029 poison_ASR=0%
  victims: v4 done, v5 done
  [frog-airplane t6/10 idx=2113] fc craft_obj=0.2719 linf=0.0314 | clean_ASR=0% poison_CTA=0.8044 poison_ASR=0%
  victims: v1 done, v1 done, v5 done
  [frog-airplane t6/10 idx=2113] fc craft_obj=0.2717 linf=0.0314 | clean_ASR=0% poison_CTA=0.8014 poison_ASR=0%
  victims: v1 done, v2 done, v2 done, v1 done, v2 done, v3 done, v3 done, v2 done, v3 done, v4 done, v4 done, v3 done, v4 done, v5 done
  [frog-airplane t7/10 idx=7146] fc craft_obj=0.2904 linf=0.0314 | clean_ASR=0% poison_CTA=0.7932 poison_ASR=0%
  victims: v5 done
  [frog-airplane t7/10 idx=7146] fc craft_obj=0.2796 linf=0.0314 | clean_ASR=0% poison_CTA=0.8022 poison_ASR=0%
  victims: v4 done, v5 done
  [frog-airplane t7/10 idx=7146] fc craft_obj=0.2845 linf=0.0314 | clean_ASR=0% poison_CTA=0.7992 poison_ASR=0%
  victims: v1 done, v1 done, v5 done
  [frog-airplane t7/10 idx=7146] fc craft_obj=0.2945 linf=0.0314 | clean_ASR=0% poison_CTA=0.8072 poison_ASR=0%
  victims: v1 done, v2 done, v2 done, v1 done, v2 done, v3 done, v3 done, v2 done, v3 done, v4 done, v4 done, v3 done, v4 done, v5 done
  [frog-airplane t8/10 idx=5124] fc craft_obj=0.2809 linf=0.0314 | clean_ASR=0% poison_CTA=0.8071 poison_ASR=0%
  victims: v5 done
  [frog-airplane t8/10 idx=5124] fc craft_obj=0.2663 linf=0.0314 | clean_ASR=0% poison_CTA=0.8014 poison_ASR=0%
  victims: v4 done, v5 done
  [frog-airplane t8/10 idx=5124] fc craft_obj=0.2903 linf=0.0314 | clean_ASR=0% poison_CTA=0.7960 poison_ASR=0%
  victims: v1 done, v1 done, v5 done
  [frog-airplane t8/10 idx=5124] fc craft_obj=0.2840 linf=0.0314 | clean_ASR=0% poison_CTA=0.8012 poison_ASR=0%
  victims: v1 done, v2 done, v2 done, v2 done, v1 done, v3 done, v3 done, v3 done, v2 done, v4 done, v4 done, v4 done, v3 done, v5 done
  [frog-airplane t9/10 idx=5703] fc craft_obj=0.2640 linf=0.0314 | clean_ASR=0% poison_CTA=0.8045 poison_ASR=0%
  victims: v5 done
  [frog-airplane t9/10 idx=5703] fc craft_obj=0.2385 linf=0.0314 | clean_ASR=0% poison_CTA=0.7997 poison_ASR=0%
  victims: v5 done
  [frog-airplane t9/10 idx=5703] fc craft_obj=0.2521 linf=0.0314 | clean_ASR=0% poison_CTA=0.7855 poison_ASR=0%
  victims: v4 done, v1 done, v1 done, v1 done, v5 done
  [frog-airplane t9/10 idx=5703] fc craft_obj=0.2564 linf=0.0314 | clean_ASR=0% poison_CTA=0.8060 poison_ASR=0%
  victims: v2 done, v2 done, v2 done, v1 done, v3 done, v3 done, v3 done, v2 done, v4 done, v4 done, v4 done, v5 done
  [frog-airplane t10/10 idx=2672] fc craft_obj=0.2787 linf=0.0314 | clean_ASR=0% poison_CTA=0.8050 poison_ASR=0%

  ---- pair frog-airplane (fc) summary over 10 targets x 5 victims = 50 votes ----
    clean baseline CTA = 0.8048   mean clean ASR = 0.0%
    poison CTA = 0.8038 +/- 0.0049
    poison ASR = 0.0% +/- 0.0%
    target-prediction tally (['airplane', 'automobile', 'bird', 'cat', 'deer', 'dog', 'frog', 'horse', 'ship', 'truck']): [46, 1, 0, 1, 0, 0, 0, 0, 2, 0]

[2026-06-17 03:04:31] wrote results_standard_nodistill_fc_ConvNetBN_b10_eps8.{json,csv} to result/standard_nodistill
v3 done, v5 done
  [frog-airplane t10/10 idx=2672] fc craft_obj=0.2330 linf=0.0314 | clean_ASR=0% poison_CTA=0.8087 poison_ASR=0%

  ---- pair frog-airplane (fc) summary over 10 targets x 5 victims = 50 votes ----
    clean baseline CTA = 0.8048   mean clean ASR = 0.0%
    poison CTA = 0.7998 +/- 0.0068
    poison ASR = 0.0% +/- 0.0%
    target-prediction tally (['airplane', 'automobile', 'bird', 'cat', 'deer', 'dog', 'frog', 'horse', 'ship', 'truck']): [47, 0, 0, 0, 0, 1, 0, 0, 1, 1]

[2026-06-17 03:04:52] wrote results_standard_nodistill_fc_ConvNetBN_b1_eps8.{json,csv} to result/standard_nodistill
v5 done
  [frog-airplane t10/10 idx=2672] fc craft_obj=0.2858 linf=0.0314 | clean_ASR=0% poison_CTA=0.8075 poison_ASR=0%

  ---- pair frog-airplane (fc) summary over 10 targets x 5 victims = 50 votes ----
    clean baseline CTA = 0.8048   mean clean ASR = 0.0%
    poison CTA = 0.8011 +/- 0.0075
    poison ASR = 0.0% +/- 0.0%
    target-prediction tally (['airplane', 'automobile', 'bird', 'cat', 'deer', 'dog', 'frog', 'horse', 'ship', 'truck']): [48, 0, 0, 0, 0, 0, 0, 0, 0, 2]

[2026-06-17 03:05:52] wrote results_standard_nodistill_fc_ConvNetBN_b20_eps8.{json,csv} to result/standard_nodistill
v4 done, v5 done
  [frog-airplane t10/10 idx=2672] fc craft_obj=0.2820 linf=0.0314 | clean_ASR=0% poison_CTA=0.7989 poison_ASR=0%

  ---- pair frog-airplane (fc) summary over 10 targets x 5 victims = 50 votes ----
    clean baseline CTA = 0.8048   mean clean ASR = 0.0%
    poison CTA = 0.8040 +/- 0.0039
    poison ASR = 0.0% +/- 0.0%
    target-prediction tally (['airplane', 'automobile', 'bird', 'cat', 'deer', 'dog', 'frog', 'horse', 'ship', 'truck']): [49, 0, 0, 0, 0, 0, 0, 0, 1, 0]

[2026-06-17 03:08:03] wrote results_standard_nodistill_fc_ConvNetBN_b50_eps8.{json,csv} to result/standard_nodistill
[9/9] ConvNetBN_frog-airplane_fc_b0.00002_seed0 → GPU 0
[2026-06-17 03:08:06] device=cuda
[2026-06-17 03:08:06] hyperparams: {'dataset': 'CIFAR10', 'data_path': 'data', 'model': 'ConvNetBN', 'out_dir': 'result/standard_nodistill', 'seed': 0, 'target_idx_file': None, 'dsa_strategy': 'color_crop_cutout_flip_scale_rotate', 'syn_data_path': 'result/res_DM_CIFAR10_ConvNet_50ipc.pt', 'surrogate_model': 'ConvNet', 'num_surrogates': 10, 'surrogate_epochs': 1000, 'surrogate_lr': 0.01, 'surrogate_bs': 256, 'attack': 'fc', 'class_pairs': ['frog-airplane'], 'budget': 2e-05, 'epsilon': 0.0313725, 'pgd_steps': 150, 'pgd_alpha': 0.0039216, 'restarts': 1, 'lambda_margin': 1.0, 'num_targets': 10, 'num_victims': 5, 'target_select': 'random', 'victim_epochs': 60, 'victim_lr': 0.1, 'victim_bs': 125, 'victim_decay': [40], 'victim_aug': False, 'clean_baseline': True, 'cache_dir': 'result/cache', 'precompute_only': False, 'random_select': False, 'single_surrogate': True}
[2026-06-17 03:08:28] N_total=50000  budget=0.0000 -> N_p=1 poisons (all in y_adv class)

[2026-06-17 03:08:28] === loading 10 surrogates from cache: result/cache/surrogates_ConvNet_10x1000ep_seed0 ===

[2026-06-17 03:08:28] === loading 5 clean victims (ConvNetBN) from cache: result/cache/clean_victims_ConvNetBN_5x60ep_seed0 ===
  clean baseline CTA = 0.8048

[2026-06-17 03:08:29] ################ pair frog-airplane : y_adv=6(frog)  target_class=0(airplane) ################
  targets (random): [398, 315, 6738, 7742, 9544, 2113, 7146, 5124, 5703, 2672]
  victims: v1 done, v2 done, v3 done, v4 done, v5 done
  [frog-airplane t1/10 idx=398] fc craft_obj=0.2407 linf=0.0314 | clean_ASR=0% poison_CTA=0.8033 poison_ASR=0%
  victims: v1 done, v2 done, v3 done, v4 done, v5 done
  [frog-airplane t2/10 idx=315] fc craft_obj=0.1349 linf=0.0314 | clean_ASR=0% poison_CTA=0.7977 poison_ASR=0%
  victims: v1 done, v2 done, v3 done, v4 done, v5 done
  [frog-airplane t3/10 idx=6738] fc craft_obj=0.1702 linf=0.0314 | clean_ASR=0% poison_CTA=0.8058 poison_ASR=0%
  victims: v1 done, v2 done, v3 done, v4 done, v5 done
  [frog-airplane t4/10 idx=7742] fc craft_obj=0.1306 linf=0.0314 | clean_ASR=0% poison_CTA=0.8054 poison_ASR=0%
  victims: v1 done, v2 done, v3 done, v4 done, v5 done
  [frog-airplane t5/10 idx=9544] fc craft_obj=0.1861 linf=0.0314 | clean_ASR=0% poison_CTA=0.8057 poison_ASR=0%
  victims: v1 done, v2 done, v3 done, v4 done, v5 done
  [frog-airplane t6/10 idx=2113] fc craft_obj=0.1976 linf=0.0314 | clean_ASR=0% poison_CTA=0.7940 poison_ASR=0%
  victims: v1 done, v2 done, v3 done, v4 done, v5 done
  [frog-airplane t7/10 idx=7146] fc craft_obj=0.1246 linf=0.0314 | clean_ASR=0% poison_CTA=0.8028 poison_ASR=0%
  victims: v1 done, v2 done, v3 done, v4 done, v5 done
  [frog-airplane t8/10 idx=5124] fc craft_obj=0.2525 linf=0.0314 | clean_ASR=0% poison_CTA=0.8075 poison_ASR=0%
  victims: v1 done, v2 done, v3 done, v4 done, v5 done
  [frog-airplane t9/10 idx=5703] fc craft_obj=0.2035 linf=0.0314 | clean_ASR=0% poison_CTA=0.8025 poison_ASR=0%
  victims: v1 done, v2 done, v3 done, v4 done, v5 done
  [frog-airplane t10/10 idx=2672] fc craft_obj=0.1824 linf=0.0314 | clean_ASR=0% poison_CTA=0.8073 poison_ASR=0%

  ---- pair frog-airplane (fc) summary over 10 targets x 5 victims = 50 votes ----
    clean baseline CTA = 0.8048   mean clean ASR = 0.0%
    poison CTA = 0.8032 +/- 0.0041
    poison ASR = 0.0% +/- 0.0%
    target-prediction tally (['airplane', 'automobile', 'bird', 'cat', 'deer', 'dog', 'frog', 'horse', 'ship', 'truck']): [48, 1, 1, 0, 0, 0, 0, 0, 0, 0]

[2026-06-17 04:45:33] wrote results_standard_nodistill_fc_ConvNetBN_b0_eps8.{json,csv} to result/standard_nodistill
[2026-06-17 04:45:36] device=cuda
[2026-06-17 04:45:36] hyperparams: {'dataset': 'CIFAR10', 'data_path': 'data', 'model': 'ConvNetBN', 'out_dir': 'result/standard_nodistill', 'seed': 0, 'target_idx_file': None, 'dsa_strategy': 'color_crop_cutout_flip_scale_rotate', 'syn_data_path': 'result/res_DM_CIFAR10_ConvNet_50ipc.pt', 'surrogate_model': 'ConvNet', 'num_surrogates': 10, 'surrogate_epochs': 1000, 'surrogate_lr': 0.01, 'surrogate_bs': 256, 'attack': 'fc', 'class_pairs': ['frog-airplane'], 'budget': 2e-05, 'epsilon': 0.0313725, 'pgd_steps': 150, 'pgd_alpha': 0.0039216, 'restarts': 1, 'lambda_margin': 1.0, 'num_targets': 10, 'num_victims': 5, 'target_select': 'random', 'victim_epochs': 60, 'victim_lr': 0.1, 'victim_bs': 125, 'victim_decay': [40], 'victim_aug': False, 'clean_baseline': True, 'cache_dir': 'result/cache', 'precompute_only': False, 'random_select': True, 'single_surrogate': True}
[2026-06-17 04:45:58] N_total=50000  budget=0.0000 -> N_p=1 poisons (all in y_adv class)

[2026-06-17 04:45:58] === loading 10 surrogates from cache: result/cache/surrogates_ConvNet_10x1000ep_seed0 ===

[2026-06-17 04:45:58] === loading 5 clean victims (ConvNetBN) from cache: result/cache/clean_victims_ConvNetBN_5x60ep_seed0 ===
  clean baseline CTA = 0.8048

[2026-06-17 04:45:59] ################ pair frog-airplane : y_adv=6(frog)  target_class=0(airplane) ################
  targets (random): [398, 315, 6738, 7742, 9544, 2113, 7146, 5124, 5703, 2672]
  victims: v1 done, v2 done, v3 done, v4 done, v5 done
  [frog-airplane t1/10 idx=398] fc craft_obj=0.2313 linf=0.0314 | clean_ASR=0% poison_CTA=0.8066 poison_ASR=0%
  victims: v1 done, v2 done, v3 done, v4 done, v5 done
  [frog-airplane t2/10 idx=315] fc craft_obj=0.3132 linf=0.0314 | clean_ASR=0% poison_CTA=0.7911 poison_ASR=0%
  victims: v1 done, v2 done, v3 done, v4 done, v5 done
  [frog-airplane t3/10 idx=6738] fc craft_obj=0.2279 linf=0.0314 | clean_ASR=0% poison_CTA=0.7925 poison_ASR=0%
  victims: v1 done, v2 done, v3 done, v4 done, v5 done
  [frog-airplane t4/10 idx=7742] fc craft_obj=0.2512 linf=0.0314 | clean_ASR=0% poison_CTA=0.7963 poison_ASR=0%
  victims: v1 done, v2 done, v3 done, v4 done, v5 done
  [frog-airplane t5/10 idx=9544] fc craft_obj=0.2937 linf=0.0314 | clean_ASR=0% poison_CTA=0.8069 poison_ASR=0%
  victims: v1 done, v2 done, v3 done, v4 done, v5 done
  [frog-airplane t6/10 idx=2113] fc craft_obj=0.2233 linf=0.0314 | clean_ASR=0% poison_CTA=0.8048 poison_ASR=0%
  victims: v1 done, v2 done, v3 done, [2026-06-17T05:50:08.016] error: *** JOB 3968667 ON kn006 CANCELLED AT 2026-06-17T05:50:08 DUE TO TIME LIMIT ***
