──────────────────────────────────────────────────────────
[GPU 1] ConvNetBN_frog-airplane_fc_b0.05_seed0_random_bl
──────────────────────────────────────────────────────────
[2026-06-17 00:24:29] device=cuda
[2026-06-17 00:24:29] hyperparams: {'dataset': 'CIFAR10', 'data_path': 'data', 'model': 'ConvNetBN', 'out_dir': 'result/standard_nodistill', 'seed': 0, 'target_idx_file': None, 'dsa_strategy': 'color_crop_cutout_flip_scale_rotate', 'syn_data_path': 'result/res_DM_CIFAR10_ConvNet_50ipc.pt', 'surrogate_model': 'ConvNet', 'num_surrogates': 10, 'surrogate_epochs': 1000, 'surrogate_lr': 0.01, 'surrogate_bs': 256, 'attack': 'fc', 'class_pairs': ['frog-airplane'], 'budget': 0.05, 'epsilon': 0.0313725, 'pgd_steps': 150, 'pgd_alpha': 0.0039216, 'restarts': 1, 'lambda_margin': 1.0, 'num_targets': 10, 'num_victims': 5, 'target_select': 'random', 'victim_epochs': 60, 'victim_lr': 0.1, 'victim_bs': 125, 'victim_decay': [40], 'victim_aug': False, 'clean_baseline': True, 'cache_dir': 'result/cache', 'precompute_only': False, 'random_select': True, 'single_surrogate': True}
[2026-06-17 00:24:51] N_total=50000  budget=0.0500 -> N_p=2500 poisons (all in y_adv class)

[2026-06-17 00:24:51] === loading 10 surrogates from cache: result/cache/surrogates_ConvNet_10x1000ep_seed0 ===

[2026-06-17 00:24:52] === loading 5 clean victims (ConvNetBN) from cache: result/cache/clean_victims_ConvNetBN_5x60ep_seed0 ===
  clean baseline CTA = 0.8048

[2026-06-17 00:24:52] ################ pair frog-airplane : y_adv=6(frog)  target_class=0(airplane) ################
  targets (random): [398, 315, 6738, 7742, 9544, 2113, 7146, 5124, 5703, 2672]
  victims: v1 done, v2 done, v3 done, v4 done, v5 done
  [frog-airplane t1/10 idx=398] fc craft_obj=0.2794 linf=0.0314 | clean_ASR=0% poison_CTA=0.8049 poison_ASR=0%
  victims: v1 done, v2 done, v3 done, v4 done, v5 done
  [frog-airplane t2/10 idx=315] fc craft_obj=0.2580 linf=0.0314 | clean_ASR=0% poison_CTA=0.7934 poison_ASR=0%
  victims: v1 done, v2 done, v3 done, v4 done, v5 done
  [frog-airplane t3/10 idx=6738] fc craft_obj=0.2903 linf=0.0314 | clean_ASR=0% poison_CTA=0.7969 poison_ASR=0%
  victims: v1 done, v2 done, v3 done, v4 done, v5 done
  [frog-airplane t4/10 idx=7742] fc craft_obj=0.2720 linf=0.0314 | clean_ASR=0% poison_CTA=0.8015 poison_ASR=0%
  victims: v1 done, v2 done, v3 done, v4 done, v5 done
  [frog-airplane t5/10 idx=9544] fc craft_obj=0.2659 linf=0.0314 | clean_ASR=0% poison_CTA=0.8004 poison_ASR=0%
  victims: v1 done, v2 done, v3 done, v4 done, v5 done
  [frog-airplane t6/10 idx=2113] fc craft_obj=0.2689 linf=0.0314 | clean_ASR=0% poison_CTA=0.8005 poison_ASR=0%
  victims: v1 done, v2 done, v3 done, v4 done, v5 done
  [frog-airplane t7/10 idx=7146] fc craft_obj=0.2894 linf=0.0314 | clean_ASR=0% poison_CTA=0.7933 poison_ASR=0%
  victims: v1 done, v2 done, v3 done, v4 done, v5 done
  [frog-airplane t8/10 idx=5124] fc craft_obj=0.2832 linf=0.0314 | clean_ASR=0% poison_CTA=0.7989 poison_ASR=0%
  victims: v1 done, v2 done, v3 done, v4 done, v5 done
  [frog-airplane t9/10 idx=5703] fc craft_obj=0.2547 linf=0.0314 | clean_ASR=0% poison_CTA=0.8047 poison_ASR=0%
  victims: v1 done, v2 done, v3 done, v4 done, v5 done
  [frog-airplane t10/10 idx=2672] fc craft_obj=0.2831 linf=0.0314 | clean_ASR=0% poison_CTA=0.7996 poison_ASR=0%

  ---- pair frog-airplane (fc) summary over 10 targets x 5 victims = 50 votes ----
    clean baseline CTA = 0.8048   mean clean ASR = 0.0%
    poison CTA = 0.7994 +/- 0.0038
    poison ASR = 0.0% +/- 0.0%
    target-prediction tally (['airplane', 'automobile', 'bird', 'cat', 'deer', 'dog', 'frog', 'horse', 'ship', 'truck']): [47, 0, 0, 1, 0, 0, 0, 0, 2, 0]

[2026-06-17 01:18:26] wrote results_standard_nodistill_fc_ConvNetBN_b500_eps8.{json,csv} to result/standard_nodistill
──────────────────────────────────────────────────────────
[GPU 0] ConvNetBN_frog-airplane_fc_b0.05_seed0_random_bl
──────────────────────────────────────────────────────────
[2026-06-17 18:02:19] device=cpu
[2026-06-17 18:02:19] hyperparams: {'dataset': 'CIFAR10', 'data_path': 'data', 'model': 'ConvNetBN', 'out_dir': 'result/standard_nodistill', 'seed': 0, 'target_idx_file': None, 'dsa_strategy': 'color_crop_cutout_flip_scale_rotate', 'syn_data_path': 'result/res_DM_CIFAR10_ConvNet_50ipc.pt', 'surrogate_model': 'ConvNet', 'num_surrogates': 2, 'surrogate_epochs': 40, 'surrogate_lr': 0.01, 'surrogate_bs': 256, 'attack': 'fc', 'class_pairs': ['frog-airplane'], 'budget': 0.05, 'epsilon': 0.0313725, 'pgd_steps': 150, 'pgd_alpha': 0.0039216, 'restarts': 1, 'lambda_margin': 1.0, 'num_targets': 10, 'num_victims': 5, 'target_select': 'random', 'victim_epochs': 60, 'victim_lr': 0.1, 'victim_bs': 125, 'victim_decay': [40], 'victim_aug': False, 'clean_baseline': True, 'cache_dir': 'result/cache', 'precompute_only': False, 'random_select': True, 'single_surrogate': True, 'surrogate_on_full_data': False}
[2026-06-17 18:02:30] N_total=50000  budget=0.0500 -> N_p=2500 poisons (all in y_adv class)

[2026-06-17 18:02:30] === training 2 surrogates (ConvNet) on distilled S (40 ep each) ===
──────────────────────────────────────────────────────────
[GPU 0] ConvNetBN_frog-airplane_fc_b0.05_seed0_random_bl
──────────────────────────────────────────────────────────
[2026-06-17 18:03:40] device=cuda
[2026-06-17 18:03:40] hyperparams: {'dataset': 'CIFAR10', 'data_path': 'data', 'model': 'ConvNetBN', 'out_dir': 'result/standard_nodistill', 'seed': 0, 'target_idx_file': None, 'dsa_strategy': 'color_crop_cutout_flip_scale_rotate', 'syn_data_path': 'result/res_DM_CIFAR10_ConvNet_50ipc.pt', 'surrogate_model': 'ConvNet', 'num_surrogates': 2, 'surrogate_epochs': 40, 'surrogate_lr': 0.01, 'surrogate_bs': 256, 'attack': 'fc', 'class_pairs': ['frog-airplane'], 'budget': 0.05, 'epsilon': 0.0313725, 'pgd_steps': 150, 'pgd_alpha': 0.0039216, 'restarts': 1, 'lambda_margin': 1.0, 'num_targets': 10, 'num_victims': 5, 'target_select': 'random', 'victim_epochs': 60, 'victim_lr': 0.1, 'victim_bs': 125, 'victim_decay': [40], 'victim_aug': False, 'clean_baseline': True, 'cache_dir': 'result/cache', 'precompute_only': False, 'random_select': True, 'single_surrogate': True, 'surrogate_on_full_data': False}
[2026-06-17 18:03:52] N_total=50000  budget=0.0500 -> N_p=2500 poisons (all in y_adv class)

[2026-06-17 18:03:52] === training 2 surrogates (ConvNet) on distilled S (40 ep each) ===
[2026-06-17 18:03:53] Evaluate_00: epoch = 0040 train time = 0 s train loss = 1.208059 train acc = 0.6480, test acc = 0.4749
[2026-06-17 18:03:53] Evaluate_01: epoch = 0040 train time = 0 s train loss = 1.144352 train acc = 0.6920, test acc = 0.4905
[2026-06-17 18:03:53]  saved surrogates to result/cache/surrogates_ConvNet_syn_2x40ep_seed0

[2026-06-17 18:03:53] === training 5 clean victims (ConvNetBN) from scratch on full clean data ===
──────────────────────────────────────────────────────────
[GPU 0] ConvNetBN_frog-airplane_fc_b0.05_seed0_random_bl
──────────────────────────────────────────────────────────
[2026-06-17 18:06:11] device=cuda
[2026-06-17 18:06:11] hyperparams: {'dataset': 'CIFAR10', 'data_path': 'data', 'model': 'ConvNetBN', 'out_dir': 'result/standard_nodistill', 'seed': 0, 'target_idx_file': None, 'dsa_strategy': 'color_crop_cutout_flip_scale_rotate', 'syn_data_path': 'result/res_DM_CIFAR10_ConvNet_50ipc.pt', 'surrogate_model': 'ConvNet', 'num_surrogates': 2, 'surrogate_epochs': 40, 'surrogate_lr': 0.01, 'surrogate_bs': 256, 'attack': 'fc', 'class_pairs': ['frog-airplane'], 'budget': 0.05, 'epsilon': 0.0313725, 'pgd_steps': 150, 'pgd_alpha': 0.0039216, 'restarts': 1, 'lambda_margin': 1.0, 'num_targets': 10, 'num_victims': 5, 'target_select': 'random', 'victim_epochs': 60, 'victim_lr': 0.1, 'victim_bs': 125, 'victim_decay': [40], 'victim_aug': False, 'clean_baseline': False, 'cache_dir': 'result/cache', 'precompute_only': False, 'random_select': True, 'single_surrogate': True, 'surrogate_on_full_data': False}
[2026-06-17 18:06:23] N_total=50000  budget=0.0500 -> N_p=2500 poisons (all in y_adv class)

[2026-06-17 18:06:23] === loading 2 surrogates from cache: result/cache/surrogates_ConvNet_syn_2x40ep_seed0 ===

[2026-06-17 18:06:23] ################ pair frog-airplane : y_adv=6(frog)  target_class=0(airplane) ################
  targets (random): [398, 315, 6738, 7742, 9544, 2113, 7146, 5124, 5703, 2672]
  victims: v1 done, ──────────────────────────────────────────────────────────
[GPU 0] ConvNetBN_frog-airplane_fc_b0.05_seed0_random_bl
──────────────────────────────────────────────────────────
[2026-06-17 18:07:56] device=cuda
[2026-06-17 18:07:56] hyperparams: {'dataset': 'CIFAR10', 'data_path': 'data', 'model': 'ConvNetBN', 'out_dir': 'result/standard_nodistill', 'seed': 0, 'target_idx_file': None, 'dsa_strategy': 'color_crop_cutout_flip_scale_rotate', 'syn_data_path': 'result/res_DM_CIFAR10_ConvNet_50ipc.pt', 'surrogate_model': 'ConvNet', 'num_surrogates': 2, 'surrogate_epochs': 1000, 'surrogate_lr': 0.01, 'surrogate_bs': 256, 'attack': 'fc', 'class_pairs': ['frog-airplane'], 'budget': 0.05, 'epsilon': 0.0313725, 'pgd_steps': 150, 'pgd_alpha': 0.0039216, 'restarts': 1, 'lambda_margin': 1.0, 'num_targets': 10, 'num_victims': 5, 'target_select': 'random', 'victim_epochs': 60, 'victim_lr': 0.1, 'victim_bs': 125, 'victim_decay': [40], 'victim_aug': False, 'clean_baseline': False, 'cache_dir': 'result/cache', 'precompute_only': False, 'random_select': True, 'single_surrogate': True, 'surrogate_on_full_data': False}
[2026-06-17 18:08:08] N_total=50000  budget=0.0500 -> N_p=2500 poisons (all in y_adv class)

[2026-06-17 18:08:08] === training 2 surrogates (ConvNet) on distilled S (1000 ep each) ===
[2026-06-17 18:08:19] Evaluate_00: epoch = 1000 train time = 11 s train loss = 0.002449 train acc = 1.0000, test acc = 0.6141
[2026-06-17 18:08:30] Evaluate_01: epoch = 1000 train time = 11 s train loss = 0.015094 train acc = 1.0000, test acc = 0.6062
[2026-06-17 18:08:30]  saved surrogates to result/cache/surrogates_ConvNet_syn_2x1000ep_seed0

[2026-06-17 18:08:30] ################ pair frog-airplane : y_adv=6(frog)  target_class=0(airplane) ################
  targets (random): [398, 315, 6738, 7742, 9544, 2113, 7146, 5124, 5703, 2672]
  victims: v1 done, v2 done, v3 done, v4 done, v5 done
  [frog-airplane t1/10 idx=398] fc craft_obj=0.2830 linf=0.0314 | clean_ASR=n/a poison_CTA=0.8052 poison_ASR=0%
  victims: v1 done, v2 done, v3 done, v4 done, v5 done
  [frog-airplane t2/10 idx=315] fc craft_obj=0.2611 linf=0.0314 | clean_ASR=n/a poison_CTA=0.7968 poison_ASR=0%
  victims: v1 done, v2 done, v3 done, v4 done, v5 done
  [frog-airplane t3/10 idx=6738] fc craft_obj=0.3031 linf=0.0314 | clean_ASR=n/a poison_CTA=0.7962 poison_ASR=0%
  victims: v1 done, v2 done, v3 done, v4 done, v5 done
  [frog-airplane t4/10 idx=7742] fc craft_obj=0.2800 linf=0.0314 | clean_ASR=n/a poison_CTA=0.8084 poison_ASR=0%
  victims: v1 done, v2 done, v3 done, v4 done, v5 done
  [frog-airplane t5/10 idx=9544] fc craft_obj=0.2642 linf=0.0314 | clean_ASR=n/a poison_CTA=0.8054 poison_ASR=0%
  victims: v1 done, v2 done, v3 done, v4 done, v5 done
  [frog-airplane t6/10 idx=2113] fc craft_obj=0.2762 linf=0.0314 | clean_ASR=n/a poison_CTA=0.8037 poison_ASR=0%
  victims: v1 done, v2 done, v3 done, v4 done, v5 done
  [frog-airplane t7/10 idx=7146] fc craft_obj=0.2787 linf=0.0314 | clean_ASR=n/a poison_CTA=0.8026 poison_ASR=0%
  victims: v1 done, v2 done, v3 done, v4 done, v5 done
  [frog-airplane t8/10 idx=5124] fc craft_obj=0.2911 linf=0.0314 | clean_ASR=n/a poison_CTA=0.7981 poison_ASR=0%
  victims: v1 done, v2 done, v3 done, v4 done, v5 done
  [frog-airplane t9/10 idx=5703] fc craft_obj=0.2520 linf=0.0314 | clean_ASR=n/a poison_CTA=0.7951 poison_ASR=0%
  victims: v1 done, v2 done, v3 done, v4 done, v5 done
  [frog-airplane t10/10 idx=2672] fc craft_obj=0.2768 linf=0.0314 | clean_ASR=n/a poison_CTA=0.7983 poison_ASR=0%

  ---- pair frog-airplane (fc) summary over 10 targets x 5 victims = 50 votes ----
    poison CTA = 0.8010 +/- 0.0044
    poison ASR = 0.0% +/- 0.0%
    target-prediction tally (['airplane', 'automobile', 'bird', 'cat', 'deer', 'dog', 'frog', 'horse', 'ship', 'truck']): [48, 0, 0, 0, 0, 0, 0, 0, 2, 0]

[2026-06-17 18:45:30] wrote results_standard_nodistill_fc_ConvNetBN_b500_eps8.{json,csv} to result/standard_nodistill
