──────────────────────────────────────────────────────────
[GPU 0] ConvNetBN_dog-bird_fc_b0.005_seed0_random_bl
──────────────────────────────────────────────────────────
[2026-06-16 21:22:27] device=cuda
[2026-06-16 21:22:27] hyperparams: {'dataset': 'CIFAR10', 'data_path': 'data', 'model': 'ConvNetBN', 'out_dir': 'result/standard_nodistill', 'seed': 0, 'target_idx_file': None, 'dsa_strategy': 'color_crop_cutout_flip_scale_rotate', 'syn_data_path': 'result/res_DM_CIFAR10_ConvNet_50ipc.pt', 'surrogate_model': 'ConvNet', 'num_surrogates': 10, 'surrogate_epochs': 1000, 'surrogate_lr': 0.01, 'surrogate_bs': 256, 'attack': 'fc', 'class_pairs': ['dog-bird'], 'budget': 0.005, 'epsilon': 0.0313725, 'pgd_steps': 150, 'pgd_alpha': 0.0039216, 'restarts': 1, 'lambda_margin': 1.0, 'num_targets': 10, 'num_victims': 5, 'target_select': 'random', 'victim_epochs': 60, 'victim_lr': 0.1, 'victim_bs': 125, 'victim_decay': [40], 'victim_aug': False, 'clean_baseline': True, 'cache_dir': 'result/cache', 'precompute_only': False, 'random_select': True, 'single_surrogate': True}
[2026-06-16 21:22:49] N_total=50000  budget=0.0050 -> N_p=250 poisons (all in y_adv class)

[2026-06-16 21:22:49] === loading 10 surrogates from cache: result/cache/surrogates_ConvNet_10x1000ep_seed0 ===

[2026-06-16 21:22:49] === loading 5 clean victims (ConvNetBN) from cache: result/cache/clean_victims_ConvNetBN_5x60ep_seed0 ===
  clean baseline CTA = 0.7996

[2026-06-16 21:22:50] ################ pair dog-bird : y_adv=5(dog)  target_class=2(bird) ################
  targets (random): [430, 387, 6715, 7670, 9467, 2100, 7171, 4833, 5599, 2544]
  victims: v1 done, v2 done, v3 done, v4 done, v5 done
  [dog-bird t1/10 idx=430] fc craft_obj=0.2578 linf=0.0314 | clean_ASR=0% poison_CTA=0.8049 poison_ASR=0%
  victims: v1 done, v2 done, v3 done, v4 done, v5 done
  [dog-bird t2/10 idx=387] fc craft_obj=0.2939 linf=0.0314 | clean_ASR=20% poison_CTA=0.8005 poison_ASR=0%
  victims: v1 done, v2 done, v3 done, v4 done, v5 done
  [dog-bird t3/10 idx=6715] fc craft_obj=0.2560 linf=0.0314 | clean_ASR=0% poison_CTA=0.8043 poison_ASR=60%
  victims: v1 done, v2 done, v3 done, v4 done, v5 done
  [dog-bird t4/10 idx=7670] fc craft_obj=0.2657 linf=0.0314 | clean_ASR=0% poison_CTA=0.8002 poison_ASR=0%
  victims: v1 done, v2 done, v3 done, v4 done, v5 done
  [dog-bird t5/10 idx=9467] fc craft_obj=0.2655 linf=0.0314 | clean_ASR=0% poison_CTA=0.8031 poison_ASR=0%
  victims: v1 done, v2 done, v3 done, v4 done, v5 done
  [dog-bird t6/10 idx=2100] fc craft_obj=0.2554 linf=0.0314 | clean_ASR=0% poison_CTA=0.8100 poison_ASR=0%
  victims: v1 done, v2 done, v3 done, v4 done, v5 done
  [dog-bird t7/10 idx=7171] fc craft_obj=0.2663 linf=0.0314 | clean_ASR=0% poison_CTA=0.8073 poison_ASR=20%
  victims: v1 done, v2 done, v3 done, v4 done, v5 done
  [dog-bird t8/10 idx=4833] fc craft_obj=0.2613 linf=0.0314 | clean_ASR=20% poison_CTA=0.8070 poison_ASR=40%
  victims: v1 done, v2 done, v3 done, v4 done, v5 done
  [dog-bird t9/10 idx=5599] fc craft_obj=0.2901 linf=0.0314 | clean_ASR=0% poison_CTA=0.8059 poison_ASR=0%
  victims: v1 done, v2 done, v3 done, v4 done, v5 done
  [dog-bird t10/10 idx=2544] fc craft_obj=0.2384 linf=0.0314 | clean_ASR=0% poison_CTA=0.8026 poison_ASR=0%

  ---- pair dog-bird (fc) summary over 10 targets x 5 victims = 50 votes ----
    clean baseline CTA = 0.7996   mean clean ASR = 4.0%
    poison CTA = 0.8046 +/- 0.0029
    poison ASR = 12.0% +/- 20.4%
    target-prediction tally (['airplane', 'automobile', 'bird', 'cat', 'deer', 'dog', 'frog', 'horse', 'ship', 'truck']): [0, 0, 31, 3, 4, 6, 1, 5, 0, 0]

[2026-06-16 22:15:13] wrote results_standard_nodistill_fc_ConvNetBN_b50_eps8.{json,csv} to result/standard_nodistill
