──────────────────────────────────────────────────────────
[GPU 0] ConvNetBN_dog-bird_fc_b0.00002_seed0_random_bl
──────────────────────────────────────────────────────────
[2026-06-16 23:52:19] device=cuda
[2026-06-16 23:52:19] hyperparams: {'dataset': 'CIFAR10', 'data_path': 'data', 'model': 'ConvNetBN', 'out_dir': 'result/standard_nodistill', 'seed': 0, 'target_idx_file': None, 'dsa_strategy': 'color_crop_cutout_flip_scale_rotate', 'syn_data_path': 'result/res_DM_CIFAR10_ConvNet_50ipc.pt', 'surrogate_model': 'ConvNet', 'num_surrogates': 10, 'surrogate_epochs': 1000, 'surrogate_lr': 0.01, 'surrogate_bs': 256, 'attack': 'fc', 'class_pairs': ['dog-bird'], 'budget': 2e-05, 'epsilon': 0.0313725, 'pgd_steps': 150, 'pgd_alpha': 0.0039216, 'restarts': 1, 'lambda_margin': 1.0, 'num_targets': 10, 'num_victims': 5, 'target_select': 'random', 'victim_epochs': 60, 'victim_lr': 0.1, 'victim_bs': 125, 'victim_decay': [40], 'victim_aug': False, 'clean_baseline': True, 'cache_dir': 'result/cache', 'precompute_only': False, 'random_select': True, 'single_surrogate': True}
[2026-06-16 23:52:41] N_total=50000  budget=0.0000 -> N_p=1 poisons (all in y_adv class)

[2026-06-16 23:52:41] === loading 10 surrogates from cache: result/cache/surrogates_ConvNet_10x1000ep_seed0 ===

[2026-06-16 23:52:41] === loading 5 clean victims (ConvNetBN) from cache: result/cache/clean_victims_ConvNetBN_5x60ep_seed0 ===
  clean baseline CTA = 0.7996

[2026-06-16 23:52:42] ################ pair dog-bird : y_adv=5(dog)  target_class=2(bird) ################
  targets (random): [430, 387, 6715, 7670, 9467, 2100, 7171, 4833, 5599, 2544]
  victims: v1 done, v2 done, v3 done, v4 done, v5 done
  [dog-bird t1/10 idx=430] fc craft_obj=0.2949 linf=0.0314 | clean_ASR=0% poison_CTA=0.8066 poison_ASR=0%
  victims: v1 done, v2 done, v3 done, v4 done, v5 done
  [dog-bird t2/10 idx=387] fc craft_obj=0.3014 linf=0.0314 | clean_ASR=20% poison_CTA=0.8051 poison_ASR=0%
  victims: v1 done, v2 done, v3 done, v4 done, v5 done
  [dog-bird t3/10 idx=6715] fc craft_obj=0.3057 linf=0.0314 | clean_ASR=0% poison_CTA=0.7981 poison_ASR=0%
  victims: v1 done, v2 done, v3 done, v4 done, v5 done
  [dog-bird t4/10 idx=7670] fc craft_obj=0.2172 linf=0.0314 | clean_ASR=0% poison_CTA=0.7972 poison_ASR=0%
  victims: v1 done, v2 done, v3 done, v4 done, v5 done
  [dog-bird t5/10 idx=9467] fc craft_obj=0.2392 linf=0.0314 | clean_ASR=0% poison_CTA=0.8024 poison_ASR=0%
  victims: v1 done, v2 done, v3 done, v4 done, v5 done
  [dog-bird t6/10 idx=2100] fc craft_obj=0.2623 linf=0.0314 | clean_ASR=0% poison_CTA=0.8021 poison_ASR=0%
  victims: v1 done, v2 done, v3 done, 