──────────────────────────────────────────────────────────
[GPU 2] ConvNetBN_dog-bird_fc_b0.001_seed0_random_bl
──────────────────────────────────────────────────────────
[2026-06-16 21:21:40] device=cuda
[2026-06-16 21:21:40] hyperparams: {'dataset': 'CIFAR10', 'data_path': 'data', 'model': 'ConvNetBN', 'out_dir': 'result/standard_nodistill', 'seed': 0, 'target_idx_file': None, 'dsa_strategy': 'color_crop_cutout_flip_scale_rotate', 'syn_data_path': 'result/res_DM_CIFAR10_ConvNet_50ipc.pt', 'surrogate_model': 'ConvNet', 'num_surrogates': 10, 'surrogate_epochs': 1000, 'surrogate_lr': 0.01, 'surrogate_bs': 256, 'attack': 'fc', 'class_pairs': ['dog-bird'], 'budget': 0.001, 'epsilon': 0.0313725, 'pgd_steps': 150, 'pgd_alpha': 0.0039216, 'restarts': 1, 'lambda_margin': 1.0, 'num_targets': 10, 'num_victims': 5, 'target_select': 'random', 'victim_epochs': 60, 'victim_lr': 0.1, 'victim_bs': 125, 'victim_decay': [40], 'victim_aug': False, 'clean_baseline': True, 'cache_dir': 'result/cache', 'precompute_only': False, 'random_select': True, 'single_surrogate': True}
[2026-06-16 21:22:02] N_total=50000  budget=0.0010 -> N_p=50 poisons (all in y_adv class)

[2026-06-16 21:22:02] === loading 10 surrogates from cache: result/cache/surrogates_ConvNet_10x1000ep_seed0 ===

[2026-06-16 21:22:02] === loading 5 clean victims (ConvNetBN) from cache: result/cache/clean_victims_ConvNetBN_5x60ep_seed0 ===
  clean baseline CTA = 0.7996

[2026-06-16 21:22:03] ################ pair dog-bird : y_adv=5(dog)  target_class=2(bird) ################
  targets (random): [430, 387, 6715, 7670, 9467, 2100, 7171, 4833, 5599, 2544]
  victims: v1 done, v2 done, v3 done, v4 done, v5 done
  [dog-bird t1/10 idx=430] fc craft_obj=0.2537 linf=0.0314 | clean_ASR=0% poison_CTA=0.8022 poison_ASR=0%
  victims: v1 done, v2 done, v3 done, v4 done, v5 done
  [dog-bird t2/10 idx=387] fc craft_obj=0.2850 linf=0.0314 | clean_ASR=20% poison_CTA=0.7912 poison_ASR=0%
  victims: v1 done, v2 done, v3 done, v4 done, v5 done
  [dog-bird t3/10 idx=6715] fc craft_obj=0.2531 linf=0.0314 | clean_ASR=0% poison_CTA=0.7905 poison_ASR=20%
  victims: v1 done, v2 done, v3 done, v4 done, v5 done
  [dog-bird t4/10 idx=7670] fc craft_obj=0.2702 linf=0.0314 | clean_ASR=0% poison_CTA=0.7934 poison_ASR=0%
  victims: v1 done, v2 done, v3 done, v4 done, v5 done
  [dog-bird t5/10 idx=9467] fc craft_obj=0.2588 linf=0.0314 | clean_ASR=0% poison_CTA=0.8012 poison_ASR=0%
  victims: v1 done, v2 done, v3 done, v4 done, v5 done
  [dog-bird t6/10 idx=2100] fc craft_obj=0.2529 linf=0.0314 | clean_ASR=0% poison_CTA=0.8088 poison_ASR=0%
  victims: v1 done, v2 done, v3 done, v4 done, v5 done
  [dog-bird t7/10 idx=7171] fc craft_obj=0.2682 linf=0.0314 | clean_ASR=0% poison_CTA=0.8072 poison_ASR=0%
  victims: v1 done, v2 done, v3 done, v4 done, v5 done
  [dog-bird t8/10 idx=4833] fc craft_obj=0.2532 linf=0.0314 | clean_ASR=20% poison_CTA=0.8020 poison_ASR=0%
  victims: v1 done, v2 done, v3 done, v4 done, v5 done
  [dog-bird t9/10 idx=5599] fc craft_obj=0.2901 linf=0.0314 | clean_ASR=0% poison_CTA=0.7980 poison_ASR=0%
  victims: v1 done, v2 done, v3 done, v4 done, v5 done
  [dog-bird t10/10 idx=2544] fc craft_obj=0.2514 linf=0.0314 | clean_ASR=0% poison_CTA=0.8046 poison_ASR=0%

  ---- pair dog-bird (fc) summary over 10 targets x 5 victims = 50 votes ----
    clean baseline CTA = 0.7996   mean clean ASR = 4.0%
    poison CTA = 0.7999 +/- 0.0061
    poison ASR = 2.0% +/- 6.0%
    target-prediction tally (['airplane', 'automobile', 'bird', 'cat', 'deer', 'dog', 'frog', 'horse', 'ship', 'truck']): [1, 0, 32, 1, 6, 1, 4, 5, 0, 0]

[2026-06-16 22:11:23] wrote results_standard_nodistill_fc_ConvNetBN_b10_eps8.{json,csv} to result/standard_nodistill
