──────────────────────────────────────────────────────────
[GPU 3] ConvNetBN_dog-bird_gradmatch_b0.01_seed0
──────────────────────────────────────────────────────────
[2026-06-17 00:41:00] device=cuda
[2026-06-17 00:41:00] hyperparams: {'dataset': 'CIFAR10', 'data_path': 'data', 'model': 'ConvNetBN', 'out_dir': 'result/standard_nodistill', 'seed': 0, 'target_idx_file': None, 'dsa_strategy': 'color_crop_cutout_flip_scale_rotate', 'syn_data_path': 'result/res_DM_CIFAR10_ConvNet_50ipc.pt', 'surrogate_model': 'ConvNet', 'num_surrogates': 10, 'surrogate_epochs': 1000, 'surrogate_lr': 0.01, 'surrogate_bs': 256, 'attack': 'gradmatch', 'class_pairs': ['dog-bird'], 'budget': 0.01, 'epsilon': 0.0313725, 'pgd_steps': 150, 'pgd_alpha': 0.0039216, 'restarts': 8, 'lambda_margin': 1.0, 'num_targets': 10, 'num_victims': 5, 'target_select': 'random', 'victim_epochs': 60, 'victim_lr': 0.1, 'victim_bs': 125, 'victim_decay': [40], 'victim_aug': False, 'clean_baseline': True, 'cache_dir': 'result/cache', 'precompute_only': False, 'random_select': False, 'single_surrogate': True}
[2026-06-17 00:41:12] N_total=50000  budget=0.0100 -> N_p=500 poisons (all in y_adv class)

[2026-06-17 00:41:12] === loading 10 surrogates from cache: result/cache/surrogates_ConvNet_10x1000ep_seed0 ===

[2026-06-17 00:41:12] === training 5 clean victims (ConvNetBN) from scratch on full clean data ===
[2026-06-17 00:44:50]  saved clean victims to result/cache/clean_victims_ConvNetBN_5x60ep_seed0
  clean baseline CTA = 0.8047

[2026-06-17 00:44:50] ################ pair dog-bird : y_adv=5(dog)  target_class=2(bird) ################
  targets (random): [430, 387, 6715, 7670, 9467, 2100, 7171, 4833, 5599, 2544]
  victims: v1 done, v2 done, v3 done, v4 done, v5 done
  [dog-bird t1/10 idx=430] gradmatch craft_obj=0.2084 linf=0.0314 | clean_ASR=0% poison_CTA=0.8047 poison_ASR=20%
  victims: v1 done, v2 done, v3 done, v4 done, v5 done
  [dog-bird t2/10 idx=387] gradmatch craft_obj=0.1738 linf=0.0314 | clean_ASR=20% poison_CTA=0.8023 poison_ASR=80%
  victims: v1 done, v2 done, v3 done, v4 done, v5 done
  [dog-bird t3/10 idx=6715] gradmatch craft_obj=0.2661 linf=0.0314 | clean_ASR=0% poison_CTA=0.7996 poison_ASR=100%
  victims: v1 done, v2 done, v3 done, v4 done, v5 done
  [dog-bird t4/10 idx=7670] gradmatch craft_obj=0.1616 linf=0.0314 | clean_ASR=0% poison_CTA=0.8006 poison_ASR=40%
  victims: v1 done, v2 done, v3 done, v4 done, v5 done
  [dog-bird t5/10 idx=9467] gradmatch craft_obj=0.2182 linf=0.0314 | clean_ASR=0% poison_CTA=0.8015 poison_ASR=20%
  victims: v1 done, v2 done, v3 done, v4 done, v5 done
  [dog-bird t6/10 idx=2100] gradmatch craft_obj=0.2243 linf=0.0314 | clean_ASR=0% poison_CTA=0.8040 poison_ASR=0%
  victims: v1 done, v2 done, v3 done, v4 done, v5 done
  [dog-bird t7/10 idx=7171] gradmatch craft_obj=0.2126 linf=0.0314 | clean_ASR=0% poison_CTA=0.8021 poison_ASR=80%
  victims: v1 done, v2 done, v3 done, v4 done, v5 done
  [dog-bird t8/10 idx=4833] gradmatch craft_obj=0.2078 linf=0.0314 | clean_ASR=0% poison_CTA=0.8053 poison_ASR=80%
  victims: v1 done, v2 done, v3 done, v4 done, v5 done
  [dog-bird t9/10 idx=5599] gradmatch craft_obj=0.2119 linf=0.0314 | clean_ASR=0% poison_CTA=0.8023 poison_ASR=0%
  victims: v1 done, v2 done, v3 done, v4 done, v5 done
  [dog-bird t10/10 idx=2544] gradmatch craft_obj=0.2180 linf=0.0314 | clean_ASR=0% poison_CTA=0.8033 poison_ASR=20%

  ---- pair dog-bird (gradmatch) summary over 10 targets x 5 victims = 50 votes ----
    clean baseline CTA = 0.8047   mean clean ASR = 2.0%
    poison CTA = 0.8026 +/- 0.0017
    poison ASR = 44.0% +/- 35.6%
    target-prediction tally (['airplane', 'automobile', 'bird', 'cat', 'deer', 'dog', 'frog', 'horse', 'ship', 'truck']): [0, 0, 19, 1, 3, 22, 1, 3, 0, 1]

[2026-06-17 01:26:49] wrote results_standard_nodistill_gradmatch_ConvNetBN_b100_eps8.{json,csv} to result/standard_nodistill
