──────────────────────────────────────────────────────────
[GPU 0] ConvNetBN_frog-airplane_fc_b0.00002_seed0_random_bl
──────────────────────────────────────────────────────────
[2026-06-17 04:45:36] device=cuda
[2026-06-17 04:45:36] hyperparams: {'dataset': 'CIFAR10', 'data_path': 'data', 'model': 'ConvNetBN', 'out_dir': 'result/standard_nodistill', 'seed': 0, 'target_idx_file': None, 'dsa_strategy': 'color_crop_cutout_flip_scale_rotate', 'syn_data_path': 'result/res_DM_CIFAR10_ConvNet_50ipc.pt', 'surrogate_model': 'ConvNet', 'num_surrogates': 10, 'surrogate_epochs': 1000, 'surrogate_lr': 0.01, 'surrogate_bs': 256, 'attack': 'fc', 'class_pairs': ['frog-airplane'], 'budget': 2e-05, 'epsilon': 0.0313725, 'pgd_steps': 150, 'pgd_alpha': 0.0039216, 'restarts': 1, 'lambda_margin': 1.0, 'num_targets': 10, 'num_victims': 5, 'target_select': 'random', 'victim_epochs': 60, 'victim_lr': 0.1, 'victim_bs': 125, 'victim_decay': [40], 'victim_aug': False, 'clean_baseline': True, 'cache_dir': 'result/cache', 'precompute_only': False, 'random_select': True, 'single_surrogate': True}
[2026-06-17 04:45:58] N_total=50000  budget=0.0000 -> N_p=1 poisons (all in y_adv class)

[2026-06-17 04:45:58] === loading 10 surrogates from cache: result/cache/surrogates_ConvNet_10x1000ep_seed0 ===

[2026-06-17 04:45:58] === loading 5 clean victims (ConvNetBN) from cache: result/cache/clean_victims_ConvNetBN_5x60ep_seed0 ===
  clean baseline CTA = 0.8048

[2026-06-17 04:45:59] ################ pair frog-airplane : y_adv=6(frog)  target_class=0(airplane) ################
  targets (random): [398, 315, 6738, 7742, 9544, 2113, 7146, 5124, 5703, 2672]
  victims: v1 done, v2 done, v3 done, v4 done, v5 done
  [frog-airplane t1/10 idx=398] fc craft_obj=0.2313 linf=0.0314 | clean_ASR=0% poison_CTA=0.8066 poison_ASR=0%
  victims: v1 done, v2 done, v3 done, v4 done, v5 done
  [frog-airplane t2/10 idx=315] fc craft_obj=0.3132 linf=0.0314 | clean_ASR=0% poison_CTA=0.7911 poison_ASR=0%
  victims: v1 done, v2 done, v3 done, v4 done, v5 done
  [frog-airplane t3/10 idx=6738] fc craft_obj=0.2279 linf=0.0314 | clean_ASR=0% poison_CTA=0.7925 poison_ASR=0%
  victims: v1 done, v2 done, v3 done, v4 done, v5 done
  [frog-airplane t4/10 idx=7742] fc craft_obj=0.2512 linf=0.0314 | clean_ASR=0% poison_CTA=0.7963 poison_ASR=0%
  victims: v1 done, v2 done, v3 done, v4 done, v5 done
  [frog-airplane t5/10 idx=9544] fc craft_obj=0.2937 linf=0.0314 | clean_ASR=0% poison_CTA=0.8069 poison_ASR=0%
  victims: v1 done, v2 done, v3 done, v4 done, v5 done
  [frog-airplane t6/10 idx=2113] fc craft_obj=0.2233 linf=0.0314 | clean_ASR=0% poison_CTA=0.8048 poison_ASR=0%
  victims: v1 done, v2 done, v3 done, 