──────────────────────────────────────────────────────────
[GPU 0] ConvNetBN_frog-airplane_gradmatch_b0.1_seed0
──────────────────────────────────────────────────────────
[2026-06-16 18:24:00] device=cuda
[2026-06-16 18:24:00] hyperparams: {'dataset': 'CIFAR10', 'data_path': 'data', 'model': 'ConvNetBN', 'out_dir': 'result/standard_nodistill', 'seed': 0, 'target_idx_file': None, 'dsa_strategy': 'color_crop_cutout_flip_scale_rotate', 'syn_data_path': 'result/res_DM_CIFAR10_ConvNet_50ipc.pt', 'surrogate_model': 'ConvNet', 'num_surrogates': 10, 'surrogate_epochs': 1000, 'surrogate_lr': 0.01, 'surrogate_bs': 256, 'attack': 'gradmatch', 'class_pairs': ['frog-airplane'], 'budget': 0.1, 'epsilon': 0.0313725, 'pgd_steps': 150, 'pgd_alpha': 0.0039216, 'restarts': 8, 'lambda_margin': 1.0, 'num_targets': 10, 'num_victims': 5, 'target_select': 'random', 'victim_epochs': 60, 'victim_lr': 0.1, 'victim_bs': 125, 'victim_decay': [40], 'victim_aug': False, 'clean_baseline': True, 'cache_dir': 'result/cache', 'precompute_only': False, 'random_select': False, 'single_surrogate': True}
[2026-06-16 18:24:13] N_total=50000  budget=0.1000 -> N_p=5000 poisons (all in y_adv class)

[2026-06-16 18:24:13] === loading 10 surrogates from cache: result/cache/surrogates_ConvNet_10x1000ep_seed0 ===

[2026-06-16 18:24:13] === training 5 clean victims (ConvNetBN) from scratch on full clean data ===
[2026-06-16 18:30:07]  saved clean victims to result/cache/clean_victims_ConvNetBN_5x60ep_seed0
  clean baseline CTA = 0.7968

[2026-06-16 18:30:08] ################ pair frog-airplane : y_adv=6(frog)  target_class=0(airplane) ################
  targets (random): [398, 315, 6738, 7742, 9544, 2113, 7146, 5124, 5703, 2672]
  victims: v1 done, v2 done, v3 done, v4 done, v5 done
  [frog-airplane t1/10 idx=398] gradmatch craft_obj=0.1607 linf=0.0314 | clean_ASR=0% poison_CTA=0.7757 poison_ASR=0%
  victims: v1 done, v2 done, v3 done, v4 done, v5 done
  [frog-airplane t2/10 idx=315] gradmatch craft_obj=0.1182 linf=0.0314 | clean_ASR=0% poison_CTA=0.7856 poison_ASR=0%
  victims: v1 done, v2 done, v3 done, v4 done, v5 done
  [frog-airplane t3/10 idx=6738] gradmatch craft_obj=0.3827 linf=0.0314 | clean_ASR=0% poison_CTA=0.7747 poison_ASR=0%
  victims: v1 done, v2 done, v3 done, v4 done, v5 done
  [frog-airplane t4/10 idx=7742] gradmatch craft_obj=0.1859 linf=0.0314 | clean_ASR=0% poison_CTA=0.7805 poison_ASR=0%
  victims: v1 done, v2 done, v3 done, v4 done, v5 done
  [frog-airplane t5/10 idx=9544] gradmatch craft_obj=0.2129 linf=0.0314 | clean_ASR=0% poison_CTA=0.7821 poison_ASR=20%
  victims: v1 done, v2 done, v3 done, v4 done, v5 done
  [frog-airplane t6/10 idx=2113] gradmatch craft_obj=0.1764 linf=0.0314 | clean_ASR=0% poison_CTA=0.7815 poison_ASR=0%
  victims: v1 done, v2 done, v3 done, v4 done, v5 done
  [frog-airplane t7/10 idx=7146] gradmatch craft_obj=0.1983 linf=0.0314 | clean_ASR=0% poison_CTA=0.7516 poison_ASR=60%
  victims: v1 done, v2 done, v3 done, v4 done, v5 done
  [frog-airplane t8/10 idx=5124] gradmatch craft_obj=0.2651 linf=0.0314 | clean_ASR=0% poison_CTA=0.7826 poison_ASR=0%
  victims: v1 done, v2 done, v3 done, v4 done, v5 done
  [frog-airplane t9/10 idx=5703] gradmatch craft_obj=0.1855 linf=0.0314 | clean_ASR=0% poison_CTA=0.7787 poison_ASR=60%
  victims: v1 done, v2 done, v3 done, v4 done, v5 done
  [frog-airplane t10/10 idx=2672] gradmatch craft_obj=0.2005 linf=0.0314 | clean_ASR=0% poison_CTA=0.7830 poison_ASR=100%

  ---- pair frog-airplane (gradmatch) summary over 10 targets x 5 victims = 50 votes ----
    clean baseline CTA = 0.7968   mean clean ASR = 0.0%
    poison CTA = 0.7776 +/- 0.0092
    poison ASR = 24.0% +/- 34.4%
    target-prediction tally (['airplane', 'automobile', 'bird', 'cat', 'deer', 'dog', 'frog', 'horse', 'ship', 'truck']): [35, 0, 0, 0, 0, 0, 12, 0, 2, 1]

[2026-06-16 20:41:09] wrote results_standard_nodistill_gradmatch_ConvNetBN_b1000_eps8.{json,csv} to result/standard_nodistill
