──────────────────────────────────────────────────────────
[GPU 0] ConvNetBN_frog-airplane_fc_b0.00002_seed0
──────────────────────────────────────────────────────────
[2026-06-17 03:08:06] device=cuda
[2026-06-17 03:08:06] hyperparams: {'dataset': 'CIFAR10', 'data_path': 'data', 'model': 'ConvNetBN', 'out_dir': 'result/standard_nodistill', 'seed': 0, 'target_idx_file': None, 'dsa_strategy': 'color_crop_cutout_flip_scale_rotate', 'syn_data_path': 'result/res_DM_CIFAR10_ConvNet_50ipc.pt', 'surrogate_model': 'ConvNet', 'num_surrogates': 10, 'surrogate_epochs': 1000, 'surrogate_lr': 0.01, 'surrogate_bs': 256, 'attack': 'fc', 'class_pairs': ['frog-airplane'], 'budget': 2e-05, 'epsilon': 0.0313725, 'pgd_steps': 150, 'pgd_alpha': 0.0039216, 'restarts': 1, 'lambda_margin': 1.0, 'num_targets': 10, 'num_victims': 5, 'target_select': 'random', 'victim_epochs': 60, 'victim_lr': 0.1, 'victim_bs': 125, 'victim_decay': [40], 'victim_aug': False, 'clean_baseline': True, 'cache_dir': 'result/cache', 'precompute_only': False, 'random_select': False, 'single_surrogate': True}
[2026-06-17 03:08:28] N_total=50000  budget=0.0000 -> N_p=1 poisons (all in y_adv class)

[2026-06-17 03:08:28] === loading 10 surrogates from cache: result/cache/surrogates_ConvNet_10x1000ep_seed0 ===

[2026-06-17 03:08:28] === loading 5 clean victims (ConvNetBN) from cache: result/cache/clean_victims_ConvNetBN_5x60ep_seed0 ===
  clean baseline CTA = 0.8048

[2026-06-17 03:08:29] ################ pair frog-airplane : y_adv=6(frog)  target_class=0(airplane) ################
  targets (random): [398, 315, 6738, 7742, 9544, 2113, 7146, 5124, 5703, 2672]
  victims: v1 done, v2 done, v3 done, v4 done, v5 done
  [frog-airplane t1/10 idx=398] fc craft_obj=0.2407 linf=0.0314 | clean_ASR=0% poison_CTA=0.8033 poison_ASR=0%
  victims: v1 done, v2 done, v3 done, v4 done, v5 done
  [frog-airplane t2/10 idx=315] fc craft_obj=0.1349 linf=0.0314 | clean_ASR=0% poison_CTA=0.7977 poison_ASR=0%
  victims: v1 done, v2 done, v3 done, v4 done, v5 done
  [frog-airplane t3/10 idx=6738] fc craft_obj=0.1702 linf=0.0314 | clean_ASR=0% poison_CTA=0.8058 poison_ASR=0%
  victims: v1 done, v2 done, v3 done, v4 done, v5 done
  [frog-airplane t4/10 idx=7742] fc craft_obj=0.1306 linf=0.0314 | clean_ASR=0% poison_CTA=0.8054 poison_ASR=0%
  victims: v1 done, v2 done, v3 done, v4 done, v5 done
  [frog-airplane t5/10 idx=9544] fc craft_obj=0.1861 linf=0.0314 | clean_ASR=0% poison_CTA=0.8057 poison_ASR=0%
  victims: v1 done, v2 done, v3 done, v4 done, v5 done
  [frog-airplane t6/10 idx=2113] fc craft_obj=0.1976 linf=0.0314 | clean_ASR=0% poison_CTA=0.7940 poison_ASR=0%
  victims: v1 done, v2 done, v3 done, v4 done, v5 done
  [frog-airplane t7/10 idx=7146] fc craft_obj=0.1246 linf=0.0314 | clean_ASR=0% poison_CTA=0.8028 poison_ASR=0%
  victims: v1 done, v2 done, v3 done, v4 done, v5 done
  [frog-airplane t8/10 idx=5124] fc craft_obj=0.2525 linf=0.0314 | clean_ASR=0% poison_CTA=0.8075 poison_ASR=0%
  victims: v1 done, v2 done, v3 done, v4 done, v5 done
  [frog-airplane t9/10 idx=5703] fc craft_obj=0.2035 linf=0.0314 | clean_ASR=0% poison_CTA=0.8025 poison_ASR=0%
  victims: v1 done, v2 done, v3 done, v4 done, v5 done
  [frog-airplane t10/10 idx=2672] fc craft_obj=0.1824 linf=0.0314 | clean_ASR=0% poison_CTA=0.8073 poison_ASR=0%

  ---- pair frog-airplane (fc) summary over 10 targets x 5 victims = 50 votes ----
    clean baseline CTA = 0.8048   mean clean ASR = 0.0%
    poison CTA = 0.8032 +/- 0.0041
    poison ASR = 0.0% +/- 0.0%
    target-prediction tally (['airplane', 'automobile', 'bird', 'cat', 'deer', 'dog', 'frog', 'horse', 'ship', 'truck']): [48, 1, 1, 0, 0, 0, 0, 0, 0, 0]

[2026-06-17 04:45:33] wrote results_standard_nodistill_fc_ConvNetBN_b0_eps8.{json,csv} to result/standard_nodistill
