──────────────────────────────────────────────────────────
[GPU 0] ConvNetBN_dog-bird_gradmatch_b0.00002_seed0
──────────────────────────────────────────────────────────
[2026-06-17 05:52:56] device=cuda
[2026-06-17 05:52:56] hyperparams: {'dataset': 'CIFAR10', 'data_path': 'data', 'model': 'ConvNetBN', 'out_dir': 'result/standard_nodistill', 'seed': 0, 'target_idx_file': None, 'dsa_strategy': 'color_crop_cutout_flip_scale_rotate', 'syn_data_path': 'result/res_DM_CIFAR10_ConvNet_50ipc.pt', 'surrogate_model': 'ConvNet', 'num_surrogates': 10, 'surrogate_epochs': 1000, 'surrogate_lr': 0.01, 'surrogate_bs': 256, 'attack': 'gradmatch', 'class_pairs': ['dog-bird'], 'budget': 2e-05, 'epsilon': 0.0313725, 'pgd_steps': 150, 'pgd_alpha': 0.0039216, 'restarts': 8, 'lambda_margin': 1.0, 'num_targets': 10, 'num_victims': 5, 'target_select': 'random', 'victim_epochs': 60, 'victim_lr': 0.1, 'victim_bs': 125, 'victim_decay': [40], 'victim_aug': False, 'clean_baseline': True, 'cache_dir': 'result/cache', 'precompute_only': False, 'random_select': False, 'single_surrogate': True}
[2026-06-17 05:53:08] N_total=50000  budget=0.0000 -> N_p=1 poisons (all in y_adv class)

[2026-06-17 05:53:08] === loading 10 surrogates from cache: result/cache/surrogates_ConvNet_10x1000ep_seed0 ===

[2026-06-17 05:53:08] === loading 5 clean victims (ConvNetBN) from cache: result/cache/clean_victims_ConvNetBN_5x60ep_seed0 ===
  clean baseline CTA = 0.8047

[2026-06-17 05:53:08] ################ pair dog-bird : y_adv=5(dog)  target_class=2(bird) ################
  targets (random): [430, 387, 6715, 7670, 9467, 2100, 7171, 4833, 5599, 2544]
Traceback (most recent call last):
  File "/tmp/DD-attack/main_IF.py", line 623, in <module>
    main(p.parse_args())
  File "/tmp/DD-attack/main_IF.py", line 481, in main
    x_adv01, obj = craft_gradmatch(
                   ^^^^^^^^^^^^^^^^
  File "/tmp/DD-attack/main_IF.py", line 299, in craft_gradmatch
    x_adv_norm = DiffAugment(x_adv_norm, dsa_strategy, seed=seed,
                 ^^^^^^^^^^^^^^^^^^^^^^^^^^^^^^^^^^^^^^^^^^^^^^^^
  File "/tmp/DD-attack/utils.py", line 545, in DiffAugment
    x = f(x, param)
        ^^^^^^^^^^^
  File "/tmp/DD-attack/utils.py", line 599, in rand_brightness
    randb[:] = randb[0]
    ~~~~~^^^
RuntimeError: unsupported operation: some elements of the input tensor and the written-to tensor refer to a single memory location. Please clone() the tensor before performing the operation.
