=== main_FC.sh started 2026-07-01 01:41:34 — logging to logs/main_FC_20260701_014134.log ===
=== [2026-07-01 01:41:34] budget=0.01 ===
[2026-07-01 01:41:38] device=cuda
[2026-07-01 01:41:38] hyperparams: {'dataset': 'CIFAR10', 'data_path': '/home/mmoslem3/scratch/data', 'model': 'ResNet20BN', 'out_dir': 'result/standard_nodistill', 'seed': 0, 'target_idx_file': None, 'dsa_strategy': 'color_crop_cutout_flip_scale_rotate', 'syn_data_path': 'result/res_DM_CIFAR10_ConvNet_50ipc.pt', 'surrogate_model': 'ResNet20BN', 'num_surrogates': 4, 'surrogate_epochs': 80, 'surrogate_lr': 0.01, 'surrogate_bs': 256, 'attack': 'gradmatch', 'class_pairs': ['dog-bird'], 'budget': 0.01, 'epsilon': 0.0313725, 'pgd_steps': 100, 'pgd_alpha': 0.0039216, 'restarts': 4, 'lambda_margin': 1.0, 'num_targets': 10, 'num_victims': 5, 'target_select': 'random', 'easy_targets': True, 'target_cache_dir': 'result/target_cache', 'parallel_victims': False, 'victim_epochs': 40, 'victim_lr': 0.1, 'victim_bs': 256, 'victim_decay': [35], 'victim_aug': False, 'clean_baseline': False, 'num_clean_victims': None, 'cache_dir': '', 'precompute_only': False, 'base_dist': 'l2', 'random_select': False, 'multilayer': True, 'curv_select': False, 'lambda_curv': 1.0, 'curv_damping': 1.0, 'curv_cg_iters': 10, 'curv_hessian_bs': 512, 'curv_cand_bs': 128, 'exact_select': True, 'if_damping': 0.01, 'if_cg_iters': 100, 'if_cg_tol': 0.0001, 'if_fd_h': 0.01, 'if_last_layer': False, 'if_hess_source': 'syn', 'if_hess_size': 512, 'if_max_surrogates': 1, 'verbose': True, 'single_surrogate': True, 'fast_gradmatch': False, 'surrogate_on_full_data': True, 'victim_pipelines': ['standard'], 'poison_cache_dir': '', 'log_file': ''}
[2026-07-01 01:41:38] victim pipelines (ablations): ['standard']
[2026-07-01 01:41:50] N_total=50000  budget=0.0100 -> N_p=500 poisons (all in y_adv class)

[2026-07-01 01:41:50] === training 4 surrogates (ResNet20BN) on FULL real data (80 ep each) ===
[2026-07-01 01:43:45] Evaluate_00: epoch = 0080 train time = 114 s train loss = 0.000094 train acc = 1.0000, test acc = 0.8047
[2026-07-01 01:45:39] Evaluate_01: epoch = 0080 train time = 114 s train loss = 0.000087 train acc = 1.0000, test acc = 0.8165
[2026-07-01 01:47:34] Evaluate_02: epoch = 0080 train time = 114 s train loss = 0.000087 train acc = 1.0000, test acc = 0.8134
[2026-07-01 01:49:28] Evaluate_03: epoch = 0080 train time = 113 s train loss = 0.000086 train acc = 1.0000, test acc = 0.8095
[2026-07-01 01:49:28] exact-IF Hessian set = 512 real train images

[2026-07-01 01:49:28] ################ pair dog-bird : y_adv=5(dog)  target_class=2(bird) ################
  targets (easy, loaded cache result/target_cache/easy_targets_ResNet20BN_dog-bird_n10_seed0.json): [(1503, 'deer'), (4421, 'bird'), (2391, 'bird'), (1163, 'cat'), (9778, 'cat'), (6202, 'cat'), (3135, 'horse'), (8746, 'cat'), (3491, 'cat'), (4563, 'horse')]
      [exact] CG iters used per surrogate: [100]
  [dog-bird t1/10 idx=1503] gradmatch craft_obj=0.1185 linf=0.0314
    [standard] victims: v1 done, v2 done, v3 done, v4 done, v5 done
    [standard | dog-bird t1/10 idx=1503] poison_CTA=0.8302 poison_ASR=100%
      [exact] CG iters used per surrogate: [100]
  [dog-bird t2/10 idx=4421] gradmatch craft_obj=0.1954 linf=0.0314
    [standard] victims: v1 done, v2 done, v3 done, v4 done, v5 done
    [standard | dog-bird t2/10 idx=4421] poison_CTA=0.8307 poison_ASR=40%
      [exact] CG iters used per surrogate: [100]
  [dog-bird t3/10 idx=2391] gradmatch craft_obj=0.1070 linf=0.0314
    [standard] victims: v1 done, v2 done, v3 done, v4 done, v5 done
    [standard | dog-bird t3/10 idx=2391] poison_CTA=0.8337 poison_ASR=40%
      [exact] CG iters used per surrogate: [100]
  [dog-bird t4/10 idx=1163] gradmatch craft_obj=0.1619 linf=0.0314
    [standard] victims: v1 done, v2 done, v3 done, v4 done, v5 done
    [standard | dog-bird t4/10 idx=1163] poison_CTA=0.8334 poison_ASR=80%
      [exact] CG iters used per surrogate: [100]
  [dog-bird t5/10 idx=9778] gradmatch craft_obj=0.1264 linf=0.0314
    [standard] victims: v1 done, v2 done, v3 done, v4 done, v5 done
    [standard | dog-bird t5/10 idx=9778] poison_CTA=0.8341 poison_ASR=80%
      [exact] CG iters used per surrogate: [100]
  [dog-bird t6/10 idx=6202] gradmatch craft_obj=0.1335 linf=0.0314
    [standard] victims: v1 done, v2 done, v3 done, v4 done, v5 done
    [standard | dog-bird t6/10 idx=6202] poison_CTA=0.8308 poison_ASR=20%
      [exact] CG iters used per surrogate: [100]
  [dog-bird t7/10 idx=3135] gradmatch craft_obj=0.1152 linf=0.0314
    [standard] victims: v1 done, v2 done, v3 done, v4 done, v5 done
    [standard | dog-bird t7/10 idx=3135] poison_CTA=0.8312 poison_ASR=80%
      [exact] CG iters used per surrogate: [100]
  [dog-bird t8/10 idx=8746] gradmatch craft_obj=0.1340 linf=0.0314
    [standard] victims: v1 done, v2 done, v3 done, v4 done, v5 done
    [standard | dog-bird t8/10 idx=8746] poison_CTA=0.8327 poison_ASR=60%
      [exact] CG iters used per surrogate: [100]
  [dog-bird t9/10 idx=3491] gradmatch craft_obj=0.1338 linf=0.0314
    [standard] victims: v1 done, v2 done, v3 done, v4 done, v5 done
    [standard | dog-bird t9/10 idx=3491] poison_CTA=0.8293 poison_ASR=80%
      [exact] CG iters used per surrogate: [100]
  [dog-bird t10/10 idx=4563] gradmatch craft_obj=0.1522 linf=0.0314
    [standard] victims: v1 done, v2 done, v3 done, v4 done, v5 done
    [standard | dog-bird t10/10 idx=4563] poison_CTA=0.8296 poison_ASR=60%

  ==== pair dog-bird (gradmatch) summary over 10 targets x 5 victims = 50 votes ====
    [standard                    ] poison CTA = 0.8316 +/- 0.0040   poison ASR = 64.0% +/- 48.0%
      tally (['airplane', 'automobile', 'bird', 'cat', 'deer', 'dog', 'frog', 'horse', 'ship', 'truck']): [0, 0, 9, 6, 0, 32, 0, 3, 0, 0]

[2026-07-01 02:45:26] wrote results_standard_nodistill_gradmatch_ResNet20BN_b100_eps8.{json,csv} to result/standard_nodistill
main_FC.sh: line 73: ne: command not found
=== main_FC.sh finished 2026-07-01 02:45:26 — log: logs/main_FC_20260701_014134.log ===
