=== main_FC.sh started 2026-07-01 17:35:30 — logging to logs/main_FC_20260701_173530.log ===
=== [2026-07-01 17:35:30] budget=0.05 ===
[2026-07-01 17:35:37] device=cuda
[2026-07-01 17:35:37] hyperparams: {'dataset': 'CIFAR10', 'data_path': '/home/mmoslem3/scratch/data', 'model': 'VGG13BN', 'out_dir': 'result/standard_nodistill', 'seed': 0, 'target_idx_file': None, 'dsa_strategy': 'color_crop_cutout_flip_scale_rotate', 'syn_data_path': 'result/res_DM_CIFAR10_ConvNet_50ipc.pt', 'surrogate_model': 'VGG13BN', 'num_surrogates': 4, 'surrogate_epochs': 80, 'surrogate_lr': 0.01, 'surrogate_bs': 256, 'attack': 'gradmatch', 'class_pairs': ['dog-bird'], 'budget': 0.05, 'epsilon': 0.0313725, 'pgd_steps': 100, 'pgd_alpha': 0.0039216, 'restarts': 4, 'lambda_margin': 1.0, 'num_targets': 10, 'num_victims': 5, 'target_select': 'random', 'easy_targets': True, 'target_cache_dir': 'result/target_cache', 'parallel_victims': False, 'victim_epochs': 40, 'victim_lr': 0.1, 'victim_bs': 256, 'victim_decay': [35], 'victim_aug': False, 'clean_baseline': False, 'num_clean_victims': None, 'cache_dir': '', 'precompute_only': False, 'base_dist': 'l2', 'random_select': False, 'multilayer': True, 'curv_select': False, 'lambda_curv': 1.0, 'curv_damping': 1.0, 'curv_cg_iters': 10, 'curv_hessian_bs': 512, 'curv_cand_bs': 128, 'exact_select': True, 'if_damping': 0.01, 'if_cg_iters': 100, 'if_cg_tol': 0.0001, 'if_fd_h': 0.01, 'if_last_layer': False, 'if_hess_source': 'syn', 'if_hess_size': 512, 'if_max_surrogates': 1, 'verbose': True, 'single_surrogate': True, 'fast_gradmatch': False, 'surrogate_on_full_data': True, 'victim_pipelines': ['standard'], 'poison_cache_dir': '', 'log_file': ''}
[2026-07-01 17:35:37] victim pipelines (ablations): ['standard']
[2026-07-01 17:35:49] N_total=50000  budget=0.0500 -> N_p=2500 poisons (all in y_adv class)

[2026-07-01 17:35:49] === training 4 surrogates (VGG13BN) on FULL real data (80 ep each) ===
[2026-07-01 17:38:44] Evaluate_00: epoch = 0080 train time = 173 s train loss = 0.000005 train acc = 1.0000, test acc = 0.8584
[2026-07-01 17:41:38] Evaluate_01: epoch = 0080 train time = 173 s train loss = 0.000005 train acc = 1.0000, test acc = 0.8597
[2026-07-01 17:44:33] Evaluate_02: epoch = 0080 train time = 173 s train loss = 0.000004 train acc = 1.0000, test acc = 0.8605
[2026-07-01 17:47:27] Evaluate_03: epoch = 0080 train time = 173 s train loss = 0.000005 train acc = 1.0000, test acc = 0.8531
[2026-07-01 17:47:27] exact-IF Hessian set = 512 real train images

[2026-07-01 17:47:27] ################ pair dog-bird : y_adv=5(dog)  target_class=2(bird) ################
  targets (easy, loaded cache result/target_cache/easy_targets_VGG13BN_dog-bird_n10_seed0.json): [(2632, 'cat'), (2804, 'cat'), (740, 'bird'), (9375, 'cat'), (1723, 'bird'), (9035, 'deer'), (3387, 'cat'), (5290, 'cat'), (8219, 'cat'), (4547, 'cat')]
      [exact] CG iters used per surrogate: [20]
  [dog-bird t1/10 idx=2632] gradmatch craft_obj=0.2083 linf=0.0314
    [standard] victims: v1 done, v2 done, v3 done, v4 done, v5 done
    [standard | dog-bird t1/10 idx=2632] poison_CTA=0.8361 poison_ASR=100%
      [exact] CG iters used per surrogate: [20]
  [dog-bird t2/10 idx=2804] gradmatch craft_obj=0.2255 linf=0.0314
    [standard] victims: v1 done, v2 done, v3 done, v4 done, v5 done
    [standard | dog-bird t2/10 idx=2804] poison_CTA=0.8416 poison_ASR=100%
      [exact] CG iters used per surrogate: [20]
  [dog-bird t3/10 idx=740] gradmatch craft_obj=0.2216 linf=0.0314
    [standard] victims: v1 done, v2 done, v3 done, v4 done, v5 done
    [standard | dog-bird t3/10 idx=740] poison_CTA=0.8364 poison_ASR=100%
      [exact] CG iters used per surrogate: [19]
  [dog-bird t4/10 idx=9375] gradmatch craft_obj=0.2271 linf=0.0314
    [standard] victims: v1 done, v2 done, v3 done, v4 done, v5 done
    [standard | dog-bird t4/10 idx=9375] poison_CTA=0.8398 poison_ASR=100%
      [exact] CG iters used per surrogate: [19]
  [dog-bird t5/10 idx=1723] gradmatch craft_obj=0.2664 linf=0.0314
    [standard] victims: v1 done, v2 done, v3 done, v4 done, v5 done
    [standard | dog-bird t5/10 idx=1723] poison_CTA=0.8383 poison_ASR=100%
      [exact] CG iters used per surrogate: [19]
  [dog-bird t6/10 idx=9035] gradmatch craft_obj=0.2290 linf=0.0314
    [standard] victims: v1 done, v2 done, v3 done, v4 done, v5 done
    [standard | dog-bird t6/10 idx=9035] poison_CTA=0.8415 poison_ASR=100%
      [exact] CG iters used per surrogate: [20]
  [dog-bird t7/10 idx=3387] gradmatch craft_obj=0.2533 linf=0.0314
    [standard] victims: v1 done, v2 done, v3 done, v4 done, v5 done
    [standard | dog-bird t7/10 idx=3387] poison_CTA=0.8437 poison_ASR=100%
      [exact] CG iters used per surrogate: [20]
  [dog-bird t8/10 idx=5290] gradmatch craft_obj=0.2465 linf=0.0314
    [standard] victims: v1 done, v2 done, v3 done, v4 done, v5 done
    [standard | dog-bird t8/10 idx=5290] poison_CTA=0.8416 poison_ASR=100%
      [exact] CG iters used per surrogate: [20]
  [dog-bird t9/10 idx=8219] gradmatch craft_obj=0.2245 linf=0.0314
    [standard] victims: v1 done, v2 done, v3 done, v4 done, v5 done
    [standard | dog-bird t9/10 idx=8219] poison_CTA=0.8452 poison_ASR=100%
      [exact] CG iters used per surrogate: [19]
  [dog-bird t10/10 idx=4547] gradmatch craft_obj=0.2696 linf=0.0314
    [standard] victims: v1 done, v2 done, v3 done, v4 done, v5 done
    [standard | dog-bird t10/10 idx=4547] poison_CTA=0.8338 poison_ASR=100%

  ==== pair dog-bird (gradmatch) summary over 10 targets x 5 victims = 50 votes ====
    [standard                    ] poison CTA = 0.8398 +/- 0.0086   poison ASR = 100.0% +/- 0.0%
      tally (['airplane', 'automobile', 'bird', 'cat', 'deer', 'dog', 'frog', 'horse', 'ship', 'truck']): [0, 0, 0, 0, 0, 50, 0, 0, 0, 0]

[2026-07-01 19:40:14] wrote results_standard_nodistill_gradmatch_VGG13BN_b500_eps8.{json,csv} to result/standard_nodistill
=== [2026-07-01 19:40:15] budget=0.02 ===
[2026-07-01 19:40:17] device=cuda
[2026-07-01 19:40:17] hyperparams: {'dataset': 'CIFAR10', 'data_path': '/home/mmoslem3/scratch/data', 'model': 'VGG13BN', 'out_dir': 'result/standard_nodistill', 'seed': 0, 'target_idx_file': None, 'dsa_strategy': 'color_crop_cutout_flip_scale_rotate', 'syn_data_path': 'result/res_DM_CIFAR10_ConvNet_50ipc.pt', 'surrogate_model': 'VGG13BN', 'num_surrogates': 4, 'surrogate_epochs': 80, 'surrogate_lr': 0.01, 'surrogate_bs': 256, 'attack': 'gradmatch', 'class_pairs': ['dog-bird'], 'budget': 0.02, 'epsilon': 0.0313725, 'pgd_steps': 100, 'pgd_alpha': 0.0039216, 'restarts': 4, 'lambda_margin': 1.0, 'num_targets': 10, 'num_victims': 5, 'target_select': 'random', 'easy_targets': True, 'target_cache_dir': 'result/target_cache', 'parallel_victims': False, 'victim_epochs': 40, 'victim_lr': 0.1, 'victim_bs': 256, 'victim_decay': [35], 'victim_aug': False, 'clean_baseline': False, 'num_clean_victims': None, 'cache_dir': '', 'precompute_only': False, 'base_dist': 'l2', 'random_select': False, 'multilayer': True, 'curv_select': False, 'lambda_curv': 1.0, 'curv_damping': 1.0, 'curv_cg_iters': 10, 'curv_hessian_bs': 512, 'curv_cand_bs': 128, 'exact_select': True, 'if_damping': 0.01, 'if_cg_iters': 100, 'if_cg_tol': 0.0001, 'if_fd_h': 0.01, 'if_last_layer': False, 'if_hess_source': 'syn', 'if_hess_size': 512, 'if_max_surrogates': 1, 'verbose': True, 'single_surrogate': True, 'fast_gradmatch': False, 'surrogate_on_full_data': True, 'victim_pipelines': ['standard'], 'poison_cache_dir': '', 'log_file': ''}
[2026-07-01 19:40:17] victim pipelines (ablations): ['standard']
[2026-07-01 19:40:30] N_total=50000  budget=0.0200 -> N_p=1000 poisons (all in y_adv class)

[2026-07-01 19:40:30] === training 4 surrogates (VGG13BN) on FULL real data (80 ep each) ===
[2026-07-01 19:43:25] Evaluate_00: epoch = 0080 train time = 173 s train loss = 0.000006 train acc = 1.0000, test acc = 0.8561
[2026-07-01 19:46:19] Evaluate_01: epoch = 0080 train time = 173 s train loss = 0.000006 train acc = 1.0000, test acc = 0.8605
[2026-07-01 19:49:14] Evaluate_02: epoch = 0080 train time = 173 s train loss = 0.000005 train acc = 1.0000, test acc = 0.8614
[2026-07-01 19:52:08] Evaluate_03: epoch = 0080 train time = 173 s train loss = 0.000005 train acc = 1.0000, test acc = 0.8541
[2026-07-01 19:52:08] exact-IF Hessian set = 512 real train images

[2026-07-01 19:52:08] ################ pair dog-bird : y_adv=5(dog)  target_class=2(bird) ################
  targets (easy, loaded cache result/target_cache/easy_targets_VGG13BN_dog-bird_n10_seed0.json): [(2632, 'cat'), (2804, 'cat'), (740, 'bird'), (9375, 'cat'), (1723, 'bird'), (9035, 'deer'), (3387, 'cat'), (5290, 'cat'), (8219, 'cat'), (4547, 'cat')]
      [exact] CG iters used per surrogate: [22]
  [dog-bird t1/10 idx=2632] gradmatch craft_obj=0.2040 linf=0.0314
    [standard] victims: v1 done, v2 done, v3 done, v4 done, v5 done
    [standard | dog-bird t1/10 idx=2632] poison_CTA=0.8480 poison_ASR=100%
      [exact] CG iters used per surrogate: [22]
  [dog-bird t2/10 idx=2804] gradmatch craft_obj=0.2362 linf=0.0314
    [standard] victims: v1 done, v2 done, v3 done, v4 done, v5 done
    [standard | dog-bird t2/10 idx=2804] poison_CTA=0.8463 poison_ASR=100%
      [exact] CG iters used per surrogate: [22]
  [dog-bird t3/10 idx=740] gradmatch craft_obj=0.2339 linf=0.0314
    [standard] victims: v1 done, v2 done, v3 done, v4 done, v5 done
    [standard | dog-bird t3/10 idx=740] poison_CTA=0.8462 poison_ASR=100%
      [exact] CG iters used per surrogate: [22]
  [dog-bird t4/10 idx=9375] gradmatch craft_obj=0.2435 linf=0.0314
    [standard] victims: v1 done, v2 done, v3 done, v4 done, v5 done
    [standard | dog-bird t4/10 idx=9375] poison_CTA=0.8469 poison_ASR=100%
      [exact] CG iters used per surrogate: [21]
  [dog-bird t5/10 idx=1723] gradmatch craft_obj=0.2626 linf=0.0314
    [standard] victims: v1 done, v2 done, v3 done, v4 done, v5 done
    [standard | dog-bird t5/10 idx=1723] poison_CTA=0.8501 poison_ASR=100%
      [exact] CG iters used per surrogate: [22]
  [dog-bird t6/10 idx=9035] gradmatch craft_obj=0.2292 linf=0.0314
    [standard] victims: v1 done, v2 done, v3 done, v4 done, v5 done
    [standard | dog-bird t6/10 idx=9035] poison_CTA=0.8430 poison_ASR=100%
      [exact] CG iters used per surrogate: [21]
  [dog-bird t7/10 idx=3387] gradmatch craft_obj=0.2217 linf=0.0314
    [standard] victims: v1 done, v2 done, 