=== main_FC.sh started 2026-07-01 17:35:43 — logging to logs/main_FC_20260701_173543.log ===
=== [2026-07-01 17:35:43] budget=0.005 ===
[2026-07-01 17:35:46] device=cuda
[2026-07-01 17:35:46] hyperparams: {'dataset': 'CIFAR10', 'data_path': '/home/mmoslem3/scratch/data', 'model': 'VGG13BN', 'out_dir': 'result/standard_nodistill', 'seed': 0, 'target_idx_file': None, 'dsa_strategy': 'color_crop_cutout_flip_scale_rotate', 'syn_data_path': 'result/res_DM_CIFAR10_ConvNet_50ipc.pt', 'surrogate_model': 'VGG13BN', 'num_surrogates': 4, 'surrogate_epochs': 80, 'surrogate_lr': 0.01, 'surrogate_bs': 256, 'attack': 'gradmatch', 'class_pairs': ['dog-bird'], 'budget': 0.005, 'epsilon': 0.0313725, 'pgd_steps': 100, 'pgd_alpha': 0.0039216, 'restarts': 4, 'lambda_margin': 1.0, 'num_targets': 10, 'num_victims': 5, 'target_select': 'random', 'easy_targets': True, 'target_cache_dir': 'result/target_cache', 'parallel_victims': False, 'victim_epochs': 40, 'victim_lr': 0.1, 'victim_bs': 256, 'victim_decay': [35], 'victim_aug': False, 'clean_baseline': False, 'num_clean_victims': None, 'cache_dir': '', 'precompute_only': False, 'base_dist': 'l2', 'random_select': False, 'multilayer': True, 'curv_select': False, 'lambda_curv': 1.0, 'curv_damping': 1.0, 'curv_cg_iters': 10, 'curv_hessian_bs': 512, 'curv_cand_bs': 128, 'exact_select': True, 'if_damping': 0.01, 'if_cg_iters': 100, 'if_cg_tol': 0.0001, 'if_fd_h': 0.01, 'if_last_layer': False, 'if_hess_source': 'syn', 'if_hess_size': 512, 'if_max_surrogates': 1, 'verbose': True, 'single_surrogate': True, 'fast_gradmatch': False, 'surrogate_on_full_data': True, 'victim_pipelines': ['standard'], 'poison_cache_dir': '', 'log_file': ''}
[2026-07-01 17:35:46] victim pipelines (ablations): ['standard']
[2026-07-01 17:35:58] N_total=50000  budget=0.0050 -> N_p=250 poisons (all in y_adv class)

[2026-07-01 17:35:58] === training 4 surrogates (VGG13BN) on FULL real data (80 ep each) ===
[2026-07-01 17:38:54] Evaluate_00: epoch = 0080 train time = 175 s train loss = 0.000005 train acc = 1.0000, test acc = 0.8550
[2026-07-01 17:41:51] Evaluate_01: epoch = 0080 train time = 175 s train loss = 0.000005 train acc = 1.0000, test acc = 0.8558
[2026-07-01 17:44:48] Evaluate_02: epoch = 0080 train time = 175 s train loss = 0.000006 train acc = 1.0000, test acc = 0.8588
[2026-07-01 17:47:44] Evaluate_03: epoch = 0080 train time = 175 s train loss = 0.000005 train acc = 1.0000, test acc = 0.8563
[2026-07-01 17:47:44] exact-IF Hessian set = 512 real train images

[2026-07-01 17:47:44] ################ pair dog-bird : y_adv=5(dog)  target_class=2(bird) ################
  targets (easy, loaded cache result/target_cache/easy_targets_VGG13BN_dog-bird_n10_seed0.json): [(2632, 'cat'), (2804, 'cat'), (740, 'bird'), (9375, 'cat'), (1723, 'bird'), (9035, 'deer'), (3387, 'cat'), (5290, 'cat'), (8219, 'cat'), (4547, 'cat')]
      [exact] CG iters used per surrogate: [17]
  [dog-bird t1/10 idx=2632] gradmatch craft_obj=0.2181 linf=0.0314
    [standard] victims: v1 done, v2 done, v3 done, v4 done, v5 done
    [standard | dog-bird t1/10 idx=2632] poison_CTA=0.8478 poison_ASR=100%
      [exact] CG iters used per surrogate: [18]
  [dog-bird t2/10 idx=2804] gradmatch craft_obj=0.2073 linf=0.0314
    [standard] victims: v1 done, v2 done, v3 done, v4 done, v5 done
    [standard | dog-bird t2/10 idx=2804] poison_CTA=0.8425 poison_ASR=100%
      [exact] CG iters used per surrogate: [17]
  [dog-bird t3/10 idx=740] gradmatch craft_obj=0.2445 linf=0.0314
    [standard] victims: v1 done, v2 done, v3 done, v4 done, v5 done
    [standard | dog-bird t3/10 idx=740] poison_CTA=0.8448 poison_ASR=100%
      [exact] CG iters used per surrogate: [18]
  [dog-bird t4/10 idx=9375] gradmatch craft_obj=0.2368 linf=0.0314
    [standard] victims: v1 done, v2 done, v3 done, v4 done, v5 done
    [standard | dog-bird t4/10 idx=9375] poison_CTA=0.8507 poison_ASR=100%
      [exact] CG iters used per surrogate: [17]
  [dog-bird t5/10 idx=1723] gradmatch craft_obj=0.2786 linf=0.0314
    [standard] victims: v1 done, v2 done, v3 done, v4 done, v5 done
    [standard | dog-bird t5/10 idx=1723] poison_CTA=0.8501 poison_ASR=100%
      [exact] CG iters used per surrogate: [17]
  [dog-bird t6/10 idx=9035] gradmatch craft_obj=0.2333 linf=0.0314
    [standard] victims: v1 done, v2 done, v3 done, v4 done, v5 done
    [standard | dog-bird t6/10 idx=9035] poison_CTA=0.8451 poison_ASR=100%
      [exact] CG iters used per surrogate: [17]
  [dog-bird t7/10 idx=3387] gradmatch craft_obj=0.2156 linf=0.0314
    [standard] victims: v1 done, v2 done, v3 done, v4 done, v5 done
    [standard | dog-bird t7/10 idx=3387] poison_CTA=0.8530 poison_ASR=100%
      [exact] CG iters used per surrogate: [17]
  [dog-bird t8/10 idx=5290] gradmatch craft_obj=0.2461 linf=0.0314
    [standard] victims: v1 done, v2 done, v3 done, v4 done, v5 done
    [standard | dog-bird t8/10 idx=5290] poison_CTA=0.8519 poison_ASR=100%
      [exact] CG iters used per surrogate: [17]
  [dog-bird t9/10 idx=8219] gradmatch craft_obj=0.2199 linf=0.0314
    [standard] victims: v1 done, v2 done, v3 done, v4 done, v5 done
    [standard | dog-bird t9/10 idx=8219] poison_CTA=0.8507 poison_ASR=100%
      [exact] CG iters used per surrogate: [17]
  [dog-bird t10/10 idx=4547] gradmatch craft_obj=0.2597 linf=0.0314
    [standard] victims: v1 done, v2 done, v3 done, v4 done, v5 done
    [standard | dog-bird t10/10 idx=4547] poison_CTA=0.8390 poison_ASR=100%

  ==== pair dog-bird (gradmatch) summary over 10 targets x 5 victims = 50 votes ====
    [standard                    ] poison CTA = 0.8476 +/- 0.0104   poison ASR = 100.0% +/- 0.0%
      tally (['airplane', 'automobile', 'bird', 'cat', 'deer', 'dog', 'frog', 'horse', 'ship', 'truck']): [0, 0, 0, 0, 0, 50, 0, 0, 0, 0]

[2026-07-01 19:04:40] wrote results_standard_nodistill_gradmatch_VGG13BN_b50_eps8.{json,csv} to result/standard_nodistill
=== [2026-07-01 19:04:41] budget=0.002 ===
[2026-07-01 19:04:45] device=cuda
[2026-07-01 19:04:45] hyperparams: {'dataset': 'CIFAR10', 'data_path': '/home/mmoslem3/scratch/data', 'model': 'VGG13BN', 'out_dir': 'result/standard_nodistill', 'seed': 0, 'target_idx_file': None, 'dsa_strategy': 'color_crop_cutout_flip_scale_rotate', 'syn_data_path': 'result/res_DM_CIFAR10_ConvNet_50ipc.pt', 'surrogate_model': 'VGG13BN', 'num_surrogates': 4, 'surrogate_epochs': 80, 'surrogate_lr': 0.01, 'surrogate_bs': 256, 'attack': 'gradmatch', 'class_pairs': ['dog-bird'], 'budget': 0.002, 'epsilon': 0.0313725, 'pgd_steps': 100, 'pgd_alpha': 0.0039216, 'restarts': 4, 'lambda_margin': 1.0, 'num_targets': 10, 'num_victims': 5, 'target_select': 'random', 'easy_targets': True, 'target_cache_dir': 'result/target_cache', 'parallel_victims': False, 'victim_epochs': 40, 'victim_lr': 0.1, 'victim_bs': 256, 'victim_decay': [35], 'victim_aug': False, 'clean_baseline': False, 'num_clean_victims': None, 'cache_dir': '', 'precompute_only': False, 'base_dist': 'l2', 'random_select': False, 'multilayer': True, 'curv_select': False, 'lambda_curv': 1.0, 'curv_damping': 1.0, 'curv_cg_iters': 10, 'curv_hessian_bs': 512, 'curv_cand_bs': 128, 'exact_select': True, 'if_damping': 0.01, 'if_cg_iters': 100, 'if_cg_tol': 0.0001, 'if_fd_h': 0.01, 'if_last_layer': False, 'if_hess_source': 'syn', 'if_hess_size': 512, 'if_max_surrogates': 1, 'verbose': True, 'single_surrogate': True, 'fast_gradmatch': False, 'surrogate_on_full_data': True, 'victim_pipelines': ['standard'], 'poison_cache_dir': '', 'log_file': ''}
[2026-07-01 19:04:45] victim pipelines (ablations): ['standard']
[2026-07-01 19:04:58] N_total=50000  budget=0.0020 -> N_p=100 poisons (all in y_adv class)

[2026-07-01 19:04:58] === training 4 surrogates (VGG13BN) on FULL real data (80 ep each) ===
[2026-07-01 19:07:55] Evaluate_00: epoch = 0080 train time = 175 s train loss = 0.000005 train acc = 1.0000, test acc = 0.8539
[2026-07-01 19:10:51] Evaluate_01: epoch = 0080 train time = 175 s train loss = 0.000005 train acc = 1.0000, test acc = 0.8590
[2026-07-01 19:13:48] Evaluate_02: epoch = 0080 train time = 175 s train loss = 0.000005 train acc = 1.0000, test acc = 0.8558
[2026-07-01 19:16:45] Evaluate_03: epoch = 0080 train time = 175 s train loss = 0.000005 train acc = 1.0000, test acc = 0.8570
[2026-07-01 19:16:45] exact-IF Hessian set = 512 real train images

[2026-07-01 19:16:45] ################ pair dog-bird : y_adv=5(dog)  target_class=2(bird) ################
  targets (easy, loaded cache result/target_cache/easy_targets_VGG13BN_dog-bird_n10_seed0.json): [(2632, 'cat'), (2804, 'cat'), (740, 'bird'), (9375, 'cat'), (1723, 'bird'), (9035, 'deer'), (3387, 'cat'), (5290, 'cat'), (8219, 'cat'), (4547, 'cat')]
      [exact] CG iters used per surrogate: [21]
  [dog-bird t1/10 idx=2632] gradmatch craft_obj=0.2546 linf=0.0314
    [standard] victims: v1 done, v2 done, v3 done, v4 done, v5 done
    [standard | dog-bird t1/10 idx=2632] poison_CTA=0.8547 poison_ASR=100%
      [exact] CG iters used per surrogate: [21]
  [dog-bird t2/10 idx=2804] gradmatch craft_obj=0.2538 linf=0.0314
    [standard] victims: v1 done, v2 done, v3 done, v4 done, v5 done
    [standard | dog-bird t2/10 idx=2804] poison_CTA=0.8446 poison_ASR=100%
      [exact] CG iters used per surrogate: [21]
  [dog-bird t3/10 idx=740] gradmatch craft_obj=0.2351 linf=0.0314
    [standard] victims: v1 done, v2 done, v3 done, v4 done, v5 done
    [standard | dog-bird t3/10 idx=740] poison_CTA=0.8477 poison_ASR=100%
      [exact] CG iters used per surrogate: [21]
  [dog-bird t4/10 idx=9375] gradmatch craft_obj=0.2454 linf=0.0314
    [standard] victims: v1 done, v2 done, v3 done, v4 done, v5 done
    [standard | dog-bird t4/10 idx=9375] poison_CTA=0.8463 poison_ASR=100%
      [exact] CG iters used per surrogate: [21]
  [dog-bird t5/10 idx=1723] gradmatch craft_obj=0.2787 linf=0.0314
    [standard] victims: v1 done, v2 done, v3 done, v4 done, v5 done
    [standard | dog-bird t5/10 idx=1723] poison_CTA=0.8464 poison_ASR=100%
      [exact] CG iters used per surrogate: [20]
  [dog-bird t6/10 idx=9035] gradmatch craft_obj=0.2406 linf=0.0314
    [standard] victims: v1 done, v2 done, v3 done, v4 done, v5 done
    [standard | dog-bird t6/10 idx=9035] poison_CTA=0.8485 poison_ASR=100%
      [exact] CG iters used per surrogate: [22]
  [dog-bird t7/10 idx=3387] gradmatch craft_obj=0.2682 linf=0.0314
    [standard] victims: v1 done, v2 done, v3 done, v4 done, v5 done
    [standard | dog-bird t7/10 idx=3387] poison_CTA=0.8519 poison_ASR=100%
      [exact] CG iters used per surrogate: [21]
  [dog-bird t8/10 idx=5290] gradmatch craft_obj=0.2624 linf=0.0314
    [standard] victims: v1 done, v2 done, v3 done, v4 done, v5 done
    [standard | dog-bird t8/10 idx=5290] poison_CTA=0.8522 poison_ASR=100%
      [exact] CG iters used per surrogate: [21]
  [dog-bird t9/10 idx=8219] gradmatch craft_obj=0.2500 linf=0.0314
    [standard] victims: v1 done, v2 done, v3 done, v4 done, v5 done
    [standard | dog-bird t9/10 idx=8219] poison_CTA=0.8485 poison_ASR=100%
      [exact] CG iters used per surrogate: [21]
  [dog-bird t10/10 idx=4547] gradmatch craft_obj=0.3116 linf=0.0314
    [standard] victims: v1 done, v2 done, v3 done, v4 done, v5 done
    [standard | dog-bird t10/10 idx=4547] poison_CTA=0.8467 poison_ASR=100%

  ==== pair dog-bird (gradmatch) summary over 10 targets x 5 victims = 50 votes ====
    [standard                    ] poison CTA = 0.8488 +/- 0.0083   poison ASR = 100.0% +/- 0.0%
      tally (['airplane', 'automobile', 'bird', 'cat', 'deer', 'dog', 'frog', 'horse', 'ship', 'truck']): [0, 0, 0, 0, 0, 50, 0, 0, 0, 0]

[2026-07-01 20:31:56] wrote results_standard_nodistill_gradmatch_VGG13BN_b20_eps8.{json,csv} to result/standard_nodistill
=== [2026-07-01 20:31:57] budget=0.001 ===
[2026-07-01 20:32:00] device=cuda
[2026-07-01 20:32:00] hyperparams: {'dataset': 'CIFAR10', 'data_path': '/home/mmoslem3/scratch/data', 'model': 'VGG13BN', 'out_dir': 'result/standard_nodistill', 'seed': 0, 'target_idx_file': None, 'dsa_strategy': 'color_crop_cutout_flip_scale_rotate', 'syn_data_path': 'result/res_DM_CIFAR10_ConvNet_50ipc.pt', 'surrogate_model': 'VGG13BN', 'num_surrogates': 4, 'surrogate_epochs': 80, 'surrogate_lr': 0.01, 'surrogate_bs': 256, 'attack': 'gradmatch', 'class_pairs': ['dog-bird'], 'budget': 0.001, 'epsilon': 0.0313725, 'pgd_steps': 100, 'pgd_alpha': 0.0039216, 'restarts': 4, 'lambda_margin': 1.0, 'num_targets': 10, 'num_victims': 5, 'target_select': 'random', 'easy_targets': True, 'target_cache_dir': 'result/target_cache', 'parallel_victims': False, 'victim_epochs': 40, 'victim_lr': 0.1, 'victim_bs': 256, 'victim_decay': [35], 'victim_aug': False, 'clean_baseline': False, 'num_clean_victims': None, 'cache_dir': '', 'precompute_only': False, 'base_dist': 'l2', 'random_select': False, 'multilayer': True, 'curv_select': False, 'lambda_curv': 1.0, 'curv_damping': 1.0, 'curv_cg_iters': 10, 'curv_hessian_bs': 512, 'curv_cand_bs': 128, 'exact_select': True, 'if_damping': 0.01, 'if_cg_iters': 100, 'if_cg_tol': 0.0001, 'if_fd_h': 0.01, 'if_last_layer': False, 'if_hess_source': 'syn', 'if_hess_size': 512, 'if_max_surrogates': 1, 'verbose': True, 'single_surrogate': True, 'fast_gradmatch': False, 'surrogate_on_full_data': True, 'victim_pipelines': ['standard'], 'poison_cache_dir': '', 'log_file': ''}
[2026-07-01 20:32:00] victim pipelines (ablations): ['standard']
[2026-07-01 20:32:12] N_total=50000  budget=0.0010 -> N_p=50 poisons (all in y_adv class)

[2026-07-01 20:32:12] === training 4 surrogates (VGG13BN) on FULL real data (80 ep each) ===
[2026-07-01 20:35:09] Evaluate_00: epoch = 0080 train time = 175 s train loss = 0.000005 train acc = 1.0000, test acc = 0.8611
[2026-07-01 20:38:05] Evaluate_01: epoch = 0080 train time = 175 s train loss = 0.000005 train acc = 1.0000, test acc = 0.8545
[2026-07-01 20:41:02] Evaluate_02: epoch = 0080 train time = 175 s train loss = 0.000006 train acc = 1.0000, test acc = 0.8583
[2026-07-01 20:43:59] Evaluate_03: epoch = 0080 train time = 175 s train loss = 0.000005 train acc = 1.0000, test acc = 0.8561
[2026-07-01 20:43:59] exact-IF Hessian set = 512 real train images

[2026-07-01 20:43:59] ################ pair dog-bird : y_adv=5(dog)  target_class=2(bird) ################
  targets (easy, loaded cache result/target_cache/easy_targets_VGG13BN_dog-bird_n10_seed0.json): [(2632, 'cat'), (2804, 'cat'), (740, 'bird'), (9375, 'cat'), (1723, 'bird'), (9035, 'deer'), (3387, 'cat'), (5290, 'cat'), (8219, 'cat'), (4547, 'cat')]
      [exact] CG iters used per surrogate: [20]
  [dog-bird t1/10 idx=2632] gradmatch craft_obj=0.2445 linf=0.0314
    [standard] victims: v1 done, v2 done, v3 done, v4 done, 