=== main_FC.sh started 2026-07-01 01:35:27 — logging to logs/main_FC_20260701_013527.log ===
=== [2026-07-01 01:35:27] budget=0.1 ===
[2026-07-01 01:35:32] device=cuda
[2026-07-01 01:35:32] hyperparams: {'dataset': 'CIFAR10', 'data_path': '/home/mmoslem3/scratch/data', 'model': 'ResNet20BN', 'out_dir': 'result/standard_nodistill', 'seed': 0, 'target_idx_file': None, 'dsa_strategy': 'color_crop_cutout_flip_scale_rotate', 'syn_data_path': 'result/res_DM_CIFAR10_ConvNet_50ipc.pt', 'surrogate_model': 'ResNet20BN', 'num_surrogates': 4, 'surrogate_epochs': 80, 'surrogate_lr': 0.01, 'surrogate_bs': 256, 'attack': 'gradmatch', 'class_pairs': ['dog-bird'], 'budget': 0.1, 'epsilon': 0.0313725, 'pgd_steps': 100, 'pgd_alpha': 0.0039216, 'restarts': 4, 'lambda_margin': 1.0, 'num_targets': 10, 'num_victims': 5, 'target_select': 'random', 'easy_targets': True, 'target_cache_dir': 'result/target_cache', 'parallel_victims': False, 'victim_epochs': 40, 'victim_lr': 0.1, 'victim_bs': 256, 'victim_decay': [35], 'victim_aug': False, 'clean_baseline': False, 'num_clean_victims': None, 'cache_dir': '', 'precompute_only': False, 'base_dist': 'l2', 'random_select': False, 'multilayer': True, 'curv_select': False, 'lambda_curv': 1.0, 'curv_damping': 1.0, 'curv_cg_iters': 10, 'curv_hessian_bs': 512, 'curv_cand_bs': 128, 'exact_select': True, 'if_damping': 0.01, 'if_cg_iters': 100, 'if_cg_tol': 0.0001, 'if_fd_h': 0.01, 'if_last_layer': False, 'if_hess_source': 'syn', 'if_hess_size': 512, 'if_max_surrogates': 1, 'verbose': True, 'single_surrogate': True, 'fast_gradmatch': False, 'surrogate_on_full_data': True, 'victim_pipelines': ['standard'], 'poison_cache_dir': '', 'log_file': ''}
[2026-07-01 01:35:32] victim pipelines (ablations): ['standard']
[2026-07-01 01:35:46] N_total=50000  budget=0.1000 -> N_p=5000 poisons (all in y_adv class)

[2026-07-01 01:35:46] === training 4 surrogates (ResNet20BN) on FULL real data (80 ep each) ===
[2026-07-01 01:37:39] Evaluate_00: epoch = 0080 train time = 113 s train loss = 0.000083 train acc = 1.0000, test acc = 0.8067
[2026-07-01 01:39:33] Evaluate_01: epoch = 0080 train time = 113 s train loss = 0.000085 train acc = 1.0000, test acc = 0.8080
[2026-07-01 01:41:27] Evaluate_02: epoch = 0080 train time = 113 s train loss = 0.000112 train acc = 1.0000, test acc = 0.8113
[2026-07-01 01:43:21] Evaluate_03: epoch = 0080 train time = 113 s train loss = 0.000090 train acc = 1.0000, test acc = 0.8148
[2026-07-01 01:43:21] exact-IF Hessian set = 512 real train images

[2026-07-01 01:43:21] ################ pair dog-bird : y_adv=5(dog)  target_class=2(bird) ################
  targets (easy, loaded cache result/target_cache/easy_targets_ResNet20BN_dog-bird_n10_seed0.json): [(1503, 'deer'), (4421, 'bird'), (2391, 'bird'), (1163, 'cat'), (9778, 'cat'), (6202, 'cat'), (3135, 'horse'), (8746, 'cat'), (3491, 'cat'), (4563, 'horse')]
      [exact] CG iters used per surrogate: [100]
  [dog-bird t1/10 idx=1503] gradmatch craft_obj=0.1457 linf=0.0314
    [standard] victims: v1 done, v2 done, v3 done, v4 done, v5 done
    [standard | dog-bird t1/10 idx=1503] poison_CTA=0.7754 poison_ASR=60%
      [exact] CG iters used per surrogate: [100]
  [dog-bird t2/10 idx=4421] gradmatch craft_obj=0.1758 linf=0.0314
    [standard] victims: v1 done, v2 done, v3 done, v4 done, v5 done
    [standard | dog-bird t2/10 idx=4421] poison_CTA=0.7780 poison_ASR=20%
      [exact] CG iters used per surrogate: [100]
  [dog-bird t3/10 idx=2391] gradmatch craft_obj=0.1150 linf=0.0314
    [standard] victims: v1 done, v2 done, v3 done, v4 done, v5 done
    [standard | dog-bird t3/10 idx=2391] poison_CTA=0.7748 poison_ASR=0%
      [exact] CG iters used per surrogate: [100]
  [dog-bird t4/10 idx=1163] gradmatch craft_obj=0.1370 linf=0.0314
    [standard] victims: v1 done, v2 done, v3 done, v4 done, v5 done
    [standard | dog-bird t4/10 idx=1163] poison_CTA=0.7814 poison_ASR=100%
      [exact] CG iters used per surrogate: [100]
  [dog-bird t5/10 idx=9778] gradmatch craft_obj=0.1084 linf=0.0314
    [standard] victims: v1 done, v2 done, v3 done, v4 done, v5 done
    [standard | dog-bird t5/10 idx=9778] poison_CTA=0.7799 poison_ASR=100%
      [exact] CG iters used per surrogate: [100]
  [dog-bird t6/10 idx=6202] gradmatch craft_obj=0.1229 linf=0.0314
    [standard] victims: v1 done, v2 done, v3 done, v4 done, v5 done
    [standard | dog-bird t6/10 idx=6202] poison_CTA=0.7769 poison_ASR=0%
      [exact] CG iters used per surrogate: [100]
  [dog-bird t7/10 idx=3135] gradmatch craft_obj=0.1057 linf=0.0314
    [standard] victims: v1 done, v2 done, v3 done, v4 done, v5 done
    [standard | dog-bird t7/10 idx=3135] poison_CTA=0.7849 poison_ASR=80%
      [exact] CG iters used per surrogate: [100]
  [dog-bird t8/10 idx=8746] gradmatch craft_obj=0.1413 linf=0.0314
    [standard] victims: v1 done, v2 done, v3 done, v4 done, v5 done
    [standard | dog-bird t8/10 idx=8746] poison_CTA=0.7831 poison_ASR=0%
      [exact] CG iters used per surrogate: [100]
  [dog-bird t9/10 idx=3491] gradmatch craft_obj=0.1184 linf=0.0314
    [standard] victims: v1 done, v2 done, v3 done, v4 done, v5 done
    [standard | dog-bird t9/10 idx=3491] poison_CTA=0.7747 poison_ASR=40%
      [exact] CG iters used per surrogate: [100]
  [dog-bird t10/10 idx=4563] gradmatch craft_obj=0.1481 linf=0.0314
    [standard] victims: v1 done, v2 done, v3 done, v4 done, v5 done
    [standard | dog-bird t10/10 idx=4563] poison_CTA=0.7763 poison_ASR=60%

  ==== pair dog-bird (gradmatch) summary over 10 targets x 5 victims = 50 votes ====
    [standard                    ] poison CTA = 0.7785 +/- 0.0048   poison ASR = 46.0% +/- 49.8%
      tally (['airplane', 'automobile', 'bird', 'cat', 'deer', 'dog', 'frog', 'horse', 'ship', 'truck']): [0, 0, 11, 11, 1, 23, 2, 2, 0, 0]

[2026-07-01 03:55:56] wrote results_standard_nodistill_gradmatch_ResNet20BN_b1000_eps8.{json,csv} to result/standard_nodistill
=== [2026-07-01 03:55:57] budget=0.05 ===
[2026-07-01 03:56:01] device=cuda
[2026-07-01 03:56:01] hyperparams: {'dataset': 'CIFAR10', 'data_path': '/home/mmoslem3/scratch/data', 'model': 'ResNet20BN', 'out_dir': 'result/standard_nodistill', 'seed': 0, 'target_idx_file': None, 'dsa_strategy': 'color_crop_cutout_flip_scale_rotate', 'syn_data_path': 'result/res_DM_CIFAR10_ConvNet_50ipc.pt', 'surrogate_model': 'ResNet20BN', 'num_surrogates': 4, 'surrogate_epochs': 80, 'surrogate_lr': 0.01, 'surrogate_bs': 256, 'attack': 'gradmatch', 'class_pairs': ['dog-bird'], 'budget': 0.05, 'epsilon': 0.0313725, 'pgd_steps': 100, 'pgd_alpha': 0.0039216, 'restarts': 4, 'lambda_margin': 1.0, 'num_targets': 10, 'num_victims': 5, 'target_select': 'random', 'easy_targets': True, 'target_cache_dir': 'result/target_cache', 'parallel_victims': False, 'victim_epochs': 40, 'victim_lr': 0.1, 'victim_bs': 256, 'victim_decay': [35], 'victim_aug': False, 'clean_baseline': False, 'num_clean_victims': None, 'cache_dir': '', 'precompute_only': False, 'base_dist': 'l2', 'random_select': False, 'multilayer': True, 'curv_select': False, 'lambda_curv': 1.0, 'curv_damping': 1.0, 'curv_cg_iters': 10, 'curv_hessian_bs': 512, 'curv_cand_bs': 128, 'exact_select': True, 'if_damping': 0.01, 'if_cg_iters': 100, 'if_cg_tol': 0.0001, 'if_fd_h': 0.01, 'if_last_layer': False, 'if_hess_source': 'syn', 'if_hess_size': 512, 'if_max_surrogates': 1, 'verbose': True, 'single_surrogate': True, 'fast_gradmatch': False, 'surrogate_on_full_data': True, 'victim_pipelines': ['standard'], 'poison_cache_dir': '', 'log_file': ''}
[2026-07-01 03:56:01] victim pipelines (ablations): ['standard']
[2026-07-01 03:56:14] N_total=50000  budget=0.0500 -> N_p=2500 poisons (all in y_adv class)

[2026-07-01 03:56:14] === training 4 surrogates (ResNet20BN) on FULL real data (80 ep each) ===
[2026-07-01 03:58:08] Evaluate_00: epoch = 0080 train time = 113 s train loss = 0.000088 train acc = 1.0000, test acc = 0.8176
[2026-07-01 04:00:02] Evaluate_01: epoch = 0080 train time = 113 s train loss = 0.000093 train acc = 1.0000, test acc = 0.8104
[2026-07-01 04:01:55] Evaluate_02: epoch = 0080 train time = 113 s train loss = 0.000093 train acc = 1.0000, test acc = 0.8125
[2026-07-01 04:03:49] Evaluate_03: epoch = 0080 train time = 113 s train loss = 0.000084 train acc = 1.0000, test acc = 0.8161
[2026-07-01 04:03:49] exact-IF Hessian set = 512 real train images

[2026-07-01 04:03:49] ################ pair dog-bird : y_adv=5(dog)  target_class=2(bird) ################
  targets (easy, loaded cache result/target_cache/easy_targets_ResNet20BN_dog-bird_n10_seed0.json): [(1503, 'deer'), (4421, 'bird'), (2391, 'bird'), (1163, 'cat'), (9778, 'cat'), (6202, 'cat'), (3135, 'horse'), (8746, 'cat'), (3491, 'cat'), (4563, 'horse')]
      [exact] CG iters used per surrogate: [100]
  [dog-bird t1/10 idx=1503] gradmatch craft_obj=0.1270 linf=0.0314
    [standard] victims: v1 done, v2 done, v3 done, v4 done, v5 done
    [standard | dog-bird t1/10 idx=1503] poison_CTA=0.8234 poison_ASR=100%
      [exact] CG iters used per surrogate: [100]
  [dog-bird t2/10 idx=4421] gradmatch craft_obj=0.1646 linf=0.0314
    [standard] victims: v1 done, v2 done, v3 done, v4 done, v5 done
    [standard | dog-bird t2/10 idx=4421] poison_CTA=0.8326 poison_ASR=40%
      [exact] CG iters used per surrogate: [100]
  [dog-bird t3/10 idx=2391] gradmatch craft_obj=0.1257 linf=0.0314
    [standard] victims: v1 done, v2 done, v3 done, v4 done, v5 done
    [standard | dog-bird t3/10 idx=2391] poison_CTA=0.8233 poison_ASR=100%
      [exact] CG iters used per surrogate: [100]
  [dog-bird t4/10 idx=1163] gradmatch craft_obj=0.1239 linf=0.0314
    [standard] victims: v1 done, v2 done, v3 done, v4 done, v5 done
    [standard | dog-bird t4/10 idx=1163] poison_CTA=0.8230 poison_ASR=100%
      [exact] CG iters used per surrogate: [100]
  [dog-bird t5/10 idx=9778] gradmatch craft_obj=0.1043 linf=0.0314
    [standard] victims: v1 done, v2 done, v3 done, v4 done, v5 done
    [standard | dog-bird t5/10 idx=9778] poison_CTA=0.8248 poison_ASR=100%
      [exact] CG iters used per surrogate: [100]
  [dog-bird t6/10 idx=6202] gradmatch craft_obj=0.1143 linf=0.0314
    [standard] victims: v1 done, v2 done, v3 done, v4 done, v5 done
    [standard | dog-bird t6/10 idx=6202] poison_CTA=0.8257 poison_ASR=80%
      [exact] CG iters used per surrogate: [100]
  [dog-bird t7/10 idx=3135] gradmatch craft_obj=0.1052 linf=0.0314
    [standard] victims: v1 done, v2 done, v3 done, v4 done, v5 done
    [standard | dog-bird t7/10 idx=3135] poison_CTA=0.8291 poison_ASR=100%
      [exact] CG iters used per surrogate: [100]
  [dog-bird t8/10 idx=8746] gradmatch craft_obj=0.1342 linf=0.0314
    [standard] victims: v1 done, v2 done, v3 done, v4 done, v5 done
    [standard | dog-bird t8/10 idx=8746] poison_CTA=0.8273 poison_ASR=100%
      [exact] CG iters used per surrogate: [100]
  [dog-bird t9/10 idx=3491] gradmatch craft_obj=0.1062 linf=0.0314
    [standard] victims: v1 done, v2 done, v3 done, v4 done, v5 done
    [standard | dog-bird t9/10 idx=3491] poison_CTA=0.8241 poison_ASR=100%
      [exact] CG iters used per surrogate: [100]
  [dog-bird t10/10 idx=4563] gradmatch craft_obj=0.1244 linf=0.0314
    [standard] victims: v1 done, v2 done, v3 done, v4 done, v5 done
    [standard | dog-bird t10/10 idx=4563] poison_CTA=0.8263 poison_ASR=100%

  ==== pair dog-bird (gradmatch) summary over 10 targets x 5 victims = 50 votes ====
    [standard                    ] poison CTA = 0.8260 +/- 0.0046   poison ASR = 92.0% +/- 27.1%
      tally (['airplane', 'automobile', 'bird', 'cat', 'deer', 'dog', 'frog', 'horse', 'ship', 'truck']): [0, 0, 3, 0, 0, 46, 0, 1, 0, 0]

[2026-07-01 05:33:39] wrote results_standard_nodistill_gradmatch_ResNet20BN_b500_eps8.{json,csv} to result/standard_nodistill
=== [2026-07-01 05:33:39] budget=0.02 ===
[2026-07-01 05:33:44] device=cuda
[2026-07-01 05:33:44] hyperparams: {'dataset': 'CIFAR10', 'data_path': '/home/mmoslem3/scratch/data', 'model': 'ResNet20BN', 'out_dir': 'result/standard_nodistill', 'seed': 0, 'target_idx_file': None, 'dsa_strategy': 'color_crop_cutout_flip_scale_rotate', 'syn_data_path': 'result/res_DM_CIFAR10_ConvNet_50ipc.pt', 'surrogate_model': 'ResNet20BN', 'num_surrogates': 4, 'surrogate_epochs': 80, 'surrogate_lr': 0.01, 'surrogate_bs': 256, 'attack': 'gradmatch', 'class_pairs': ['dog-bird'], 'budget': 0.02, 'epsilon': 0.0313725, 'pgd_steps': 100, 'pgd_alpha': 0.0039216, 'restarts': 4, 'lambda_margin': 1.0, 'num_targets': 10, 'num_victims': 5, 'target_select': 'random', 'easy_targets': True, 'target_cache_dir': 'result/target_cache', 'parallel_victims': False, 'victim_epochs': 40, 'victim_lr': 0.1, 'victim_bs': 256, 'victim_decay': [35], 'victim_aug': False, 'clean_baseline': False, 'num_clean_victims': None, 'cache_dir': '', 'precompute_only': False, 'base_dist': 'l2', 'random_select': False, 'multilayer': True, 'curv_select': False, 'lambda_curv': 1.0, 'curv_damping': 1.0, 'curv_cg_iters': 10, 'curv_hessian_bs': 512, 'curv_cand_bs': 128, 'exact_select': True, 'if_damping': 0.01, 'if_cg_iters': 100, 'if_cg_tol': 0.0001, 'if_fd_h': 0.01, 'if_last_layer': False, 'if_hess_source': 'syn', 'if_hess_size': 512, 'if_max_surrogates': 1, 'verbose': True, 'single_surrogate': True, 'fast_gradmatch': False, 'surrogate_on_full_data': True, 'victim_pipelines': ['standard'], 'poison_cache_dir': '', 'log_file': ''}
[2026-07-01 05:33:44] victim pipelines (ablations): ['standard']
[2026-07-01 05:33:56] N_total=50000  budget=0.0200 -> N_p=1000 poisons (all in y_adv class)

[2026-07-01 05:33:56] === training 4 surrogates (ResNet20BN) on FULL real data (80 ep each) ===
[2026-07-01 05:35:51] Evaluate_00: epoch = 0080 train time = 113 s train loss = 0.000092 train acc = 1.0000, test acc = 0.8066
[2026-07-01 05:37:44] Evaluate_01: epoch = 0080 train time = 113 s train loss = 0.000083 train acc = 1.0000, test acc = 0.8072
[2026-07-01 05:39:38] Evaluate_02: epoch = 0080 train time = 113 s train loss = 0.000090 train acc = 1.0000, test acc = 0.8157
[2026-07-01 05:41:32] Evaluate_03: epoch = 0080 train time = 113 s train loss = 0.000087 train acc = 1.0000, test acc = 0.8136
[2026-07-01 05:41:32] exact-IF Hessian set = 512 real train images

[2026-07-01 05:41:32] ################ pair dog-bird : y_adv=5(dog)  target_class=2(bird) ################
  targets (easy, loaded cache result/target_cache/easy_targets_ResNet20BN_dog-bird_n10_seed0.json): [(1503, 'deer'), (4421, 'bird'), (2391, 'bird'), (1163, 'cat'), (9778, 'cat'), (6202, 'cat'), (3135, 'horse'), (8746, 'cat'), (3491, 'cat'), (4563, 'horse')]
      [exact] CG iters used per surrogate: [100]
  [dog-bird t1/10 idx=1503] gradmatch craft_obj=0.1328 linf=0.0314
    [standard] victims: v1 done, v2 done, v3 done, v4 done, v5 done
    [standard | dog-bird t1/10 idx=1503] poison_CTA=0.8296 poison_ASR=100%
      [exact] CG iters used per surrogate: [100]
  [dog-bird t2/10 idx=4421] gradmatch craft_obj=0.1915 linf=0.0314
    [standard] victims: v1 done, v2 done, v3 done, v4 done, v5 done
    [standard | dog-bird t2/10 idx=4421] poison_CTA=0.8287 poison_ASR=0%
      [exact] CG iters used per surrogate: [100]
  [dog-bird t3/10 idx=2391] gradmatch craft_obj=0.1044 linf=0.0314
    [standard] victims: v1 done, v2 done, v3 done, v4 done, v5 done
    [standard | dog-bird t3/10 idx=2391] poison_CTA=0.8309 poison_ASR=80%
      [exact] CG iters used per surrogate: [100]
  [dog-bird t4/10 idx=1163] gradmatch craft_obj=0.1264 linf=0.0314
    [standard] victims: v1 done, v2 done, v3 done, v4 done, v5 done
    [standard | dog-bird t4/10 idx=1163] poison_CTA=0.8286 poison_ASR=60%
      [exact] CG iters used per surrogate: [100]
  [dog-bird t5/10 idx=9778] gradmatch craft_obj=0.1111 linf=0.0314
    [standard] victims: v1 done, v2 done, v3 done, v4 done, v5 done
    [standard | dog-bird t5/10 idx=9778] poison_CTA=0.8290 poison_ASR=60%
      [exact] CG iters used per surrogate: [100]
  [dog-bird t6/10 idx=6202] gradmatch craft_obj=0.1199 linf=0.0314
    [standard] victims: v1 done, v2 done, v3 done, v4 done, v5 done
    [standard | dog-bird t6/10 idx=6202] poison_CTA=0.8334 poison_ASR=20%
      [exact] CG iters used per surrogate: [100]
  [dog-bird t7/10 idx=3135] gradmatch craft_obj=0.0996 linf=0.0314
    [standard] victims: v1 done, v2 done, v3 done, v4 done, v5 done
    [standard | dog-bird t7/10 idx=3135] poison_CTA=0.8288 poison_ASR=80%
      [exact] CG iters used per surrogate: [100]
  [dog-bird t8/10 idx=8746] gradmatch craft_obj=0.1726 linf=0.0314
    [standard] victims: v1 done, v2 done, v3 done, v4 done, v5 done
    [standard | dog-bird t8/10 idx=8746] poison_CTA=0.8319 poison_ASR=80%
      [exact] CG iters used per surrogate: [100]
  [dog-bird t9/10 idx=3491] gradmatch craft_obj=0.1170 linf=0.0314
    [standard] victims: v1 done, v2 done, v3 done, v4 done, v5 done
    [standard | dog-bird t9/10 idx=3491] poison_CTA=0.8297 poison_ASR=100%
      [exact] CG iters used per surrogate: [100]
  [dog-bird t10/10 idx=4563] gradmatch craft_obj=0.1336 linf=0.0314
    [standard] victims: v1 done, v2 done, v3 done, v4 done, v5 done
    [standard | dog-bird t10/10 idx=4563] poison_CTA=0.8336 poison_ASR=60%

  ==== pair dog-bird (gradmatch) summary over 10 targets x 5 victims = 50 votes ====
    [standard                    ] poison CTA = 0.8304 +/- 0.0037   poison ASR = 64.0% +/- 48.0%
      tally (['airplane', 'automobile', 'bird', 'cat', 'deer', 'dog', 'frog', 'horse', 'ship', 'truck']): [0, 0, 9, 4, 0, 32, 2, 2, 0, 1]

[2026-07-01 06:45:01] wrote results_standard_nodistill_gradmatch_ResNet20BN_b200_eps8.{json,csv} to result/standard_nodistill
=== [2026-07-01 06:45:02] budget=0.01 ===
[2026-07-01 06:45:06] device=cuda
[2026-07-01 06:45:06] hyperparams: {'dataset': 'CIFAR10', 'data_path': '/home/mmoslem3/scratch/data', 'model': 'ResNet20BN', 'out_dir': 'result/standard_nodistill', 'seed': 0, 'target_idx_file': None, 'dsa_strategy': 'color_crop_cutout_flip_scale_rotate', 'syn_data_path': 'result/res_DM_CIFAR10_ConvNet_50ipc.pt', 'surrogate_model': 'ResNet20BN', 'num_surrogates': 4, 'surrogate_epochs': 80, 'surrogate_lr': 0.01, 'surrogate_bs': 256, 'attack': 'gradmatch', 'class_pairs': ['dog-bird'], 'budget': 0.01, 'epsilon': 0.0313725, 'pgd_steps': 100, 'pgd_alpha': 0.0039216, 'restarts': 4, 'lambda_margin': 1.0, 'num_targets': 10, 'num_victims': 5, 'target_select': 'random', 'easy_targets': True, 'target_cache_dir': 'result/target_cache', 'parallel_victims': False, 'victim_epochs': 40, 'victim_lr': 0.1, 'victim_bs': 256, 'victim_decay': [35], 'victim_aug': False, 'clean_baseline': False, 'num_clean_victims': None, 'cache_dir': '', 'precompute_only': False, 'base_dist': 'l2', 'random_select': False, 'multilayer': True, 'curv_select': False, 'lambda_curv': 1.0, 'curv_damping': 1.0, 'curv_cg_iters': 10, 'curv_hessian_bs': 512, 'curv_cand_bs': 128, 'exact_select': True, 'if_damping': 0.01, 'if_cg_iters': 100, 'if_cg_tol': 0.0001, 'if_fd_h': 0.01, 'if_last_layer': False, 'if_hess_source': 'syn', 'if_hess_size': 512, 'if_max_surrogates': 1, 'verbose': True, 'single_surrogate': True, 'fast_gradmatch': False, 'surrogate_on_full_data': True, 'victim_pipelines': ['standard'], 'poison_cache_dir': '', 'log_file': ''}
[2026-07-01 06:45:06] victim pipelines (ablations): ['standard']
[2026-07-01 06:45:18] N_total=50000  budget=0.0100 -> N_p=500 poisons (all in y_adv class)

[2026-07-01 06:45:18] === training 4 surrogates (ResNet20BN) on FULL real data (80 ep each) ===
[2026-07-01 06:47:12] Evaluate_00: epoch = 0080 train time = 113 s train loss = 0.000090 train acc = 1.0000, test acc = 0.8091
[2026-07-01 06:49:06] Evaluate_01: epoch = 0080 train time = 113 s train loss = 0.000087 train acc = 1.0000, test acc = 0.8209
[2026-07-01 06:50:59] Evaluate_02: epoch = 0080 train time = 113 s train loss = 0.000093 train acc = 1.0000, test acc = 0.8168
[2026-07-01 06:52:53] Evaluate_03: epoch = 0080 train time = 113 s train loss = 0.000090 train acc = 1.0000, test acc = 0.8147
[2026-07-01 06:52:53] exact-IF Hessian set = 512 real train images

[2026-07-01 06:52:53] ################ pair dog-bird : y_adv=5(dog)  target_class=2(bird) ################
  targets (easy, loaded cache result/target_cache/easy_targets_ResNet20BN_dog-bird_n10_seed0.json): [(1503, 'deer'), (4421, 'bird'), (2391, 'bird'), (1163, 'cat'), (9778, 'cat'), (6202, 'cat'), (3135, 'horse'), (8746, 'cat'), (3491, 'cat'), (4563, 'horse')]
      [exact] CG iters used per surrogate: [100]
  [dog-bird t1/10 idx=1503] gradmatch craft_obj=0.1449 linf=0.0314
    [standard] victims: v1 done, v2 done, v3 done, v4 done, v5 done
    [standard | dog-bird t1/10 idx=1503] poison_CTA=0.8324 poison_ASR=40%
      [exact] CG iters used per surrogate: [100]
  [dog-bird t2/10 idx=4421] gradmatch craft_obj=0.1665 linf=0.0314
    [standard] victims: v1 done, v2 done, v3 done, v4 done, v5 done
    [standard | dog-bird t2/10 idx=4421] poison_CTA=0.8319 poison_ASR=0%
      [exact] CG iters used per surrogate: [100]
  [dog-bird t3/10 idx=2391] gradmatch craft_obj=0.1357 linf=0.0314
    [standard] victims: v1 done, v2 done, v3 done, v4 done, v5 done
    [standard | dog-bird t3/10 idx=2391] poison_CTA=0.8299 poison_ASR=100%
      [exact] CG iters used per surrogate: [100]
  [dog-bird t4/10 idx=1163] gradmatch craft_obj=0.1242 linf=0.0314
    [standard] victims: v1 done, v2 done, v3 done, v4 done, v5 done
    [standard | dog-bird t4/10 idx=1163] poison_CTA=0.8323 poison_ASR=100%
      [exact] CG iters used per surrogate: [100]
  [dog-bird t5/10 idx=9778] gradmatch craft_obj=0.1018 linf=0.0314
    [standard] victims: v1 done, v2 done, v3 done, v4 done, v5 done
    [standard | dog-bird t5/10 idx=9778] poison_CTA=0.8292 poison_ASR=80%
      [exact] CG iters used per surrogate: [100]
  [dog-bird t6/10 idx=6202] gradmatch craft_obj=0.1195 linf=0.0314
    [standard] victims: v1 done, v2 done, v3 done, v4 done, v5 done
    [standard | dog-bird t6/10 idx=6202] poison_CTA=0.8314 poison_ASR=40%
      [exact] CG iters used per surrogate: [100]
  [dog-bird t7/10 idx=3135] gradmatch craft_obj=0.1354 linf=0.0314
    [standard] victims: v1 done, v2 done, v3 done, v4 done, v5 done
    [standard | dog-bird t7/10 idx=3135] poison_CTA=0.8335 poison_ASR=100%
      [exact] CG iters used per surrogate: [100]
  [dog-bird t8/10 idx=8746] gradmatch craft_obj=0.1567 linf=0.0314
    [standard] victims: v1 done, v2 done, v3 done, v4 done, v5 done
    [standard | dog-bird t8/10 idx=8746] poison_CTA=0.8316 poison_ASR=60%
      [exact] CG iters used per surrogate: [100]
  [dog-bird t9/10 idx=3491] gradmatch craft_obj=0.1229 linf=0.0314
    [standard] victims: v1 done, v2 done, v3 done, v4 done, v5 done
    [standard | dog-bird t9/10 idx=3491] poison_CTA=0.8305 poison_ASR=80%
      [exact] CG iters used per surrogate: [100]
  [dog-bird t10/10 idx=4563] gradmatch craft_obj=0.1599 linf=0.0314
    [standard] victims: v1 done, v2 done, v3 done, v4 done, v5 done
    [standard | dog-bird t10/10 idx=4563] poison_CTA=0.8303 poison_ASR=80%

  ==== pair dog-bird (gradmatch) summary over 10 targets x 5 victims = 50 votes ====
    [standard                    ] poison CTA = 0.8313 +/- 0.0038   poison ASR = 68.0% +/- 46.6%
      tally (['airplane', 'automobile', 'bird', 'cat', 'deer', 'dog', 'frog', 'horse', 'ship', 'truck']): [0, 0, 6, 5, 3, 34, 1, 1, 0, 0]

[2026-07-01 07:48:37] wrote results_standard_nodistill_gradmatch_ResNet20BN_b100_eps8.{json,csv} to result/standard_nodistill
=== [2026-07-01 07:48:38] budget=0.005 ===
[2026-07-01 07:48:43] device=cuda
[2026-07-01 07:48:43] hyperparams: {'dataset': 'CIFAR10', 'data_path': '/home/mmoslem3/scratch/data', 'model': 'ResNet20BN', 'out_dir': 'result/standard_nodistill', 'seed': 0, 'target_idx_file': None, 'dsa_strategy': 'color_crop_cutout_flip_scale_rotate', 'syn_data_path': 'result/res_DM_CIFAR10_ConvNet_50ipc.pt', 'surrogate_model': 'ResNet20BN', 'num_surrogates': 4, 'surrogate_epochs': 80, 'surrogate_lr': 0.01, 'surrogate_bs': 256, 'attack': 'gradmatch', 'class_pairs': ['dog-bird'], 'budget': 0.005, 'epsilon': 0.0313725, 'pgd_steps': 100, 'pgd_alpha': 0.0039216, 'restarts': 4, 'lambda_margin': 1.0, 'num_targets': 10, 'num_victims': 5, 'target_select': 'random', 'easy_targets': True, 'target_cache_dir': 'result/target_cache', 'parallel_victims': False, 'victim_epochs': 40, 'victim_lr': 0.1, 'victim_bs': 256, 'victim_decay': [35], 'victim_aug': False, 'clean_baseline': False, 'num_clean_victims': None, 'cache_dir': '', 'precompute_only': False, 'base_dist': 'l2', 'random_select': False, 'multilayer': True, 'curv_select': False, 'lambda_curv': 1.0, 'curv_damping': 1.0, 'curv_cg_iters': 10, 'curv_hessian_bs': 512, 'curv_cand_bs': 128, 'exact_select': True, 'if_damping': 0.01, 'if_cg_iters': 100, 'if_cg_tol': 0.0001, 'if_fd_h': 0.01, 'if_last_layer': False, 'if_hess_source': 'syn', 'if_hess_size': 512, 'if_max_surrogates': 1, 'verbose': True, 'single_surrogate': True, 'fast_gradmatch': False, 'surrogate_on_full_data': True, 'victim_pipelines': ['standard'], 'poison_cache_dir': '', 'log_file': ''}
[2026-07-01 07:48:43] victim pipelines (ablations): ['standard']
[2026-07-01 07:48:55] N_total=50000  budget=0.0050 -> N_p=250 poisons (all in y_adv class)

[2026-07-01 07:48:55] === training 4 surrogates (ResNet20BN) on FULL real data (80 ep each) ===
[2026-07-01 07:50:50] Evaluate_00: epoch = 0080 train time = 113 s train loss = 0.000080 train acc = 1.0000, test acc = 0.8134
[2026-07-01 07:52:43] Evaluate_01: epoch = 0080 train time = 113 s train loss = 0.000081 train acc = 1.0000, test acc = 0.8133
[2026-07-01 07:54:37] Evaluate_02: epoch = 0080 train time = 113 s train loss = 0.000082 train acc = 1.0000, test acc = 0.8183
[2026-07-01 07:56:31] Evaluate_03: epoch = 0080 train time = 113 s train loss = 0.000093 train acc = 1.0000, test acc = 0.8136
[2026-07-01 07:56:31] exact-IF Hessian set = 512 real train images

[2026-07-01 07:56:31] ################ pair dog-bird : y_adv=5(dog)  target_class=2(bird) ################
  targets (easy, loaded cache result/target_cache/easy_targets_ResNet20BN_dog-bird_n10_seed0.json): [(1503, 'deer'), (4421, 'bird'), (2391, 'bird'), (1163, 'cat'), (9778, 'cat'), (6202, 'cat'), (3135, 'horse'), (8746, 'cat'), (3491, 'cat'), (4563, 'horse')]
      [exact] CG iters used per surrogate: [100]
  [dog-bird t1/10 idx=1503] gradmatch craft_obj=0.1338 linf=0.0314
    [standard] victims: v1 done, v2 done, v3 done, v4 done, v5 done
    [standard | dog-bird t1/10 idx=1503] poison_CTA=0.8316 poison_ASR=100%
      [exact] CG iters used per surrogate: [100]
  [dog-bird t2/10 idx=4421] gradmatch craft_obj=0.1922 linf=0.0314
    [standard] victims: v1 done, v2 done, v3 done, v4 done, v5 done
    [standard | dog-bird t2/10 idx=4421] poison_CTA=0.8334 poison_ASR=20%
      [exact] CG iters used per surrogate: [100]
  [dog-bird t3/10 idx=2391] gradmatch craft_obj=0.1210 linf=0.0314
    [standard] victims: v1 done, v2 done, v3 done, v4 done, v5 done
    [standard | dog-bird t3/10 idx=2391] poison_CTA=0.8323 poison_ASR=60%
      [exact] CG iters used per surrogate: [100]
  [dog-bird t4/10 idx=1163] gradmatch craft_obj=0.1341 linf=0.0314
    [standard] victims: v1 done, v2 done, v3 done, v4 done, v5 done
    [standard | dog-bird t4/10 idx=1163] poison_CTA=0.8312 poison_ASR=100%
      [exact] CG iters used per surrogate: [100]
  [dog-bird t5/10 idx=9778] gradmatch craft_obj=0.1193 linf=0.0314
    [standard] victims: v1 done, v2 done, v3 done, v4 done, v5 done
    [standard | dog-bird t5/10 idx=9778] poison_CTA=0.8307 poison_ASR=80%
      [exact] CG iters used per surrogate: [100]
  [dog-bird t6/10 idx=6202] gradmatch craft_obj=0.1472 linf=0.0314
    [standard] victims: v1 done, v2 done, v3 done, v4 done, v5 done
    [standard | dog-bird t6/10 idx=6202] poison_CTA=0.8294 poison_ASR=40%
      [exact] CG iters used per surrogate: [100]
  [dog-bird t7/10 idx=3135] gradmatch craft_obj=0.1107 linf=0.0314
    [standard] victims: v1 done, v2 done, v3 done, v4 done, v5 done
    [standard | dog-bird t7/10 idx=3135] poison_CTA=0.8297 poison_ASR=80%
      [exact] CG iters used per surrogate: [100]
  [dog-bird t8/10 idx=8746] gradmatch craft_obj=0.1808 linf=0.0314
    [standard] victims: v1 done, v2 done, v3 done, v4 done, v5 done
    [standard | dog-bird t8/10 idx=8746] poison_CTA=0.8291 poison_ASR=20%
      [exact] CG iters used per surrogate: [100]
  [dog-bird t9/10 idx=3491] gradmatch craft_obj=0.1275 linf=0.0314
    [standard] victims: v1 done, v2 done, v3 done, v4 done, v5 done
    [standard | dog-bird t9/10 idx=3491] poison_CTA=0.8328 poison_ASR=80%
      [exact] CG iters used per surrogate: [100]
  [dog-bird t10/10 idx=4563] gradmatch craft_obj=0.1484 linf=0.0314
    [standard] victims: v1 done, v2 done, v3 done, v4 done, v5 done
    [standard | dog-bird t10/10 idx=4563] poison_CTA=0.8319 poison_ASR=20%

  ==== pair dog-bird (gradmatch) summary over 10 targets x 5 victims = 50 votes ====
    [standard                    ] poison CTA = 0.8312 +/- 0.0035   poison ASR = 60.0% +/- 49.0%
      tally (['airplane', 'automobile', 'bird', 'cat', 'deer', 'dog', 'frog', 'horse', 'ship', 'truck']): [0, 0, 7, 7, 0, 30, 2, 4, 0, 0]

[2026-07-01 08:48:44] wrote results_standard_nodistill_gradmatch_ResNet20BN_b50_eps8.{json,csv} to result/standard_nodistill
=== [2026-07-01 08:48:44] budget=0.002 ===
[2026-07-01 08:48:49] device=cuda
[2026-07-01 08:48:49] hyperparams: {'dataset': 'CIFAR10', 'data_path': '/home/mmoslem3/scratch/data', 'model': 'ResNet20BN', 'out_dir': 'result/standard_nodistill', 'seed': 0, 'target_idx_file': None, 'dsa_strategy': 'color_crop_cutout_flip_scale_rotate', 'syn_data_path': 'result/res_DM_CIFAR10_ConvNet_50ipc.pt', 'surrogate_model': 'ResNet20BN', 'num_surrogates': 4, 'surrogate_epochs': 80, 'surrogate_lr': 0.01, 'surrogate_bs': 256, 'attack': 'gradmatch', 'class_pairs': ['dog-bird'], 'budget': 0.002, 'epsilon': 0.0313725, 'pgd_steps': 100, 'pgd_alpha': 0.0039216, 'restarts': 4, 'lambda_margin': 1.0, 'num_targets': 10, 'num_victims': 5, 'target_select': 'random', 'easy_targets': True, 'target_cache_dir': 'result/target_cache', 'parallel_victims': False, 'victim_epochs': 40, 'victim_lr': 0.1, 'victim_bs': 256, 'victim_decay': [35], 'victim_aug': False, 'clean_baseline': False, 'num_clean_victims': None, 'cache_dir': '', 'precompute_only': False, 'base_dist': 'l2', 'random_select': False, 'multilayer': True, 'curv_select': False, 'lambda_curv': 1.0, 'curv_damping': 1.0, 'curv_cg_iters': 10, 'curv_hessian_bs': 512, 'curv_cand_bs': 128, 'exact_select': True, 'if_damping': 0.01, 'if_cg_iters': 100, 'if_cg_tol': 0.0001, 'if_fd_h': 0.01, 'if_last_layer': False, 'if_hess_source': 'syn', 'if_hess_size': 512, 'if_max_surrogates': 1, 'verbose': True, 'single_surrogate': True, 'fast_gradmatch': False, 'surrogate_on_full_data': True, 'victim_pipelines': ['standard'], 'poison_cache_dir': '', 'log_file': ''}
[2026-07-01 08:48:49] victim pipelines (ablations): ['standard']
[2026-07-01 08:49:01] N_total=50000  budget=0.0020 -> N_p=100 poisons (all in y_adv class)

[2026-07-01 08:49:01] === training 4 surrogates (ResNet20BN) on FULL real data (80 ep each) ===
[2026-07-01 08:50:55] Evaluate_00: epoch = 0080 train time = 113 s train loss = 0.000097 train acc = 1.0000, test acc = 0.8156
[2026-07-01 08:52:48] Evaluate_01: epoch = 0080 train time = 113 s train loss = 0.000089 train acc = 1.0000, test acc = 0.8073
[2026-07-01 08:54:42] Evaluate_02: epoch = 0080 train time = 113 s train loss = 0.000089 train acc = 1.0000, test acc = 0.8179
[2026-07-01 08:56:36] Evaluate_03: epoch = 0080 train time = 113 s train loss = 0.000096 train acc = 1.0000, test acc = 0.8119
[2026-07-01 08:56:36] exact-IF Hessian set = 512 real train images

[2026-07-01 08:56:36] ################ pair dog-bird : y_adv=5(dog)  target_class=2(bird) ################
  targets (easy, loaded cache result/target_cache/easy_targets_ResNet20BN_dog-bird_n10_seed0.json): [(1503, 'deer'), (4421, 'bird'), (2391, 'bird'), (1163, 'cat'), (9778, 'cat'), (6202, 'cat'), (3135, 'horse'), (8746, 'cat'), (3491, 'cat'), (4563, 'horse')]
      [exact] CG iters used per surrogate: [100]
  [dog-bird t1/10 idx=1503] gradmatch craft_obj=0.1191 linf=0.0314
    [standard] victims: v1 done, v2 done, v3 done, v4 done, v5 done
    [standard | dog-bird t1/10 idx=1503] poison_CTA=0.8314 poison_ASR=20%
      [exact] CG iters used per surrogate: [100]
  [dog-bird t2/10 idx=4421] gradmatch craft_obj=0.1706 linf=0.0314
    [standard] victims: v1 done, v2 done, v3 done, v4 done, v5 done
    [standard | dog-bird t2/10 idx=4421] poison_CTA=0.8297 poison_ASR=20%
      [exact] CG iters used per surrogate: [100]
  [dog-bird t3/10 idx=2391] gradmatch craft_obj=0.1130 linf=0.0314
    [standard] victims: v1 done, v2 done, v3 done, v4 done, v5 done
    [standard | dog-bird t3/10 idx=2391] poison_CTA=0.8287 poison_ASR=60%
      [exact] CG iters used per surrogate: [100]
  [dog-bird t4/10 idx=1163] gradmatch craft_obj=0.1352 linf=0.0314
    [standard] victims: v1 done, v2 done, v3 done, v4 done, v5 done
    [standard | dog-bird t4/10 idx=1163] poison_CTA=0.8308 poison_ASR=80%
      [exact] CG iters used per surrogate: [100]
  [dog-bird t5/10 idx=9778] gradmatch craft_obj=0.1018 linf=0.0314
    [standard] victims: v1 done, v2 done, 