=== main_FC.sh started 2026-07-02 16:41:48 — logging to logs/main_FC_20260702_164148.log ===
=== [2026-07-02 16:41:48] budget=0.005 ===
[2026-07-02 16:41:52] --parallel_victims set but <2 GPUs in CUDA_VISIBLE_DEVICES ('0'); running victims sequentially
[2026-07-02 16:41:52] device=cuda
[2026-07-02 16:41:52] hyperparams: {'dataset': 'CIFAR10', 'data_path': '/home/mmoslem3/scratch/data', 'model': 'ConvNetBN', 'out_dir': 'result/standard_nodistill', 'seed': 0, 'target_idx_file': None, 'dsa_strategy': 'color_crop_cutout_flip_scale_rotate', 'syn_data_path': 'result/res_DM_CIFAR10_ConvNet_50ipc.pt', 'surrogate_model': 'ConvNetBN', 'num_surrogates': 4, 'surrogate_epochs': 80, 'surrogate_lr': 0.01, 'surrogate_bs': 256, 'attack': 'gradmatch', 'class_pairs': ['frog-airplane'], 'budget': 0.005, 'epsilon': 0.0313725, 'pgd_steps': 100, 'pgd_alpha': 0.0039216, 'restarts': 4, 'lambda_margin': 1.0, 'num_targets': 10, 'num_victims': 5, 'target_select': 'random', 'easy_targets': 0.7, 'target_cache_dir': 'result/target_cache', 'parallel_victims': True, 'victim_epochs': 40, 'victim_lr': 0.1, 'victim_bs': 256, 'victim_decay': [35], 'victim_aug': False, 'clean_baseline': False, 'num_clean_victims': None, 'cache_dir': '', 'precompute_only': False, 'base_dist': 'l2', 'random_select': True, 'multilayer': True, 'curv_select': False, 'lambda_curv': 1.0, 'curv_damping': 1.0, 'curv_cg_iters': 10, 'curv_hessian_bs': 512, 'curv_cand_bs': 128, 'exact_select': False, 'if_damping': 0.01, 'if_cg_iters': 100, 'if_cg_tol': 0.0001, 'if_fd_h': 0.01, 'if_last_layer': False, 'if_hess_source': 'syn', 'if_hess_size': 0, 'if_max_surrogates': 0, 'verbose': False, 'single_surrogate': True, 'fast_gradmatch': False, 'surrogate_on_full_data': True, 'victim_pipelines': ['standard'], 'poison_cache_dir': '', 'log_file': ''}
[2026-07-02 16:41:52] victim pipelines (ablations): ['standard']
[2026-07-02 16:42:04] N_total=50000  budget=0.0050 -> N_p=250 poisons (all in y_adv class)

[2026-07-02 16:42:04] === training 4 surrogates (ConvNetBN) on FULL real data (80 ep each) ===
[2026-07-02 16:43:46] Evaluate_00: epoch = 0080 train time = 101 s train loss = 0.002321 train acc = 1.0000, test acc = 0.8319
[2026-07-02 16:45:28] Evaluate_01: epoch = 0080 train time = 101 s train loss = 0.002264 train acc = 1.0000, test acc = 0.8304
[2026-07-02 16:47:10] Evaluate_02: epoch = 0080 train time = 101 s train loss = 0.002299 train acc = 1.0000, test acc = 0.8319
[2026-07-02 16:48:52] Evaluate_03: epoch = 0080 train time = 101 s train loss = 0.002400 train acc = 1.0000, test acc = 0.8248

[2026-07-02 16:48:52] ################ pair frog-airplane : y_adv=6(frog)  target_class=0(airplane) ################
  targets (easy, loaded cache result/target_cache/easy_targets_ConvNetBN_frog-airplane_n10_seed0_e0.70.json): [(9613, 'deer'), (2159, 'ship'), (3706, 'deer'), (916, 'cat'), (3051, 'ship'), (5450, 'dog'), (8074, 'horse'), (3208, 'truck'), (3079, 'ship'), (4871, 'horse')]
  [frog-airplane t1/10 idx=9613] gradmatch craft_obj=0.1888 linf=0.0314
    [standard] victims: v1 done, v2 done, v3 done, v4 done, v5 done
    [standard | frog-airplane t1/10 idx=9613] poison_CTA=0.8067 poison_ASR=0%
  [frog-airplane t2/10 idx=2159] gradmatch craft_obj=0.1614 linf=0.0314
    [standard] victims: v1 done, v2 done, v3 done, v4 done, v5 done
    [standard | frog-airplane t2/10 idx=2159] poison_CTA=0.8122 poison_ASR=0%
  [frog-airplane t3/10 idx=3706] gradmatch craft_obj=0.1228 linf=0.0314
    [standard] victims: v1 done, v2 done, v3 done, v4 done, v5 done
    [standard | frog-airplane t3/10 idx=3706] poison_CTA=0.8132 poison_ASR=0%
  [frog-airplane t4/10 idx=916] gradmatch craft_obj=0.2081 linf=0.0314
    [standard] victims: v1 done, v2 done, v3 done, v4 done, v5 done
    [standard | frog-airplane t4/10 idx=916] poison_CTA=0.8096 poison_ASR=20%
  [frog-airplane t5/10 idx=3051] gradmatch craft_obj=0.1971 linf=0.0314
    [standard] victims: v1 done, v2 done, v3 done, v4 done, v5 done
    [standard | frog-airplane t5/10 idx=3051] poison_CTA=0.8077 poison_ASR=0%
  [frog-airplane t6/10 idx=5450] gradmatch craft_obj=0.2445 linf=0.0314
    [standard] victims: v1 done, v2 done, v3 done, v4 done, v5 done
    [standard | frog-airplane t6/10 idx=5450] poison_CTA=0.8131 poison_ASR=20%
  [frog-airplane t7/10 idx=8074] gradmatch craft_obj=0.2035 linf=0.0314
    [standard] victims: v1 done, v2 done, v3 done, v4 done, v5 done
    [standard | frog-airplane t7/10 idx=8074] poison_CTA=0.8096 poison_ASR=0%
  [frog-airplane t8/10 idx=3208] gradmatch craft_obj=0.1200 linf=0.0314
    [standard] victims: v1 done, v2 done, v3 done, v4 done, v5 done
    [standard | frog-airplane t8/10 idx=3208] poison_CTA=0.8124 poison_ASR=0%
  [frog-airplane t9/10 idx=3079] gradmatch craft_obj=0.1944 linf=0.0314
    [standard] victims: v1 done, v2 done, v3 done, v4 done, v5 done
    [standard | frog-airplane t9/10 idx=3079] poison_CTA=0.8082 poison_ASR=0%
  [frog-airplane t10/10 idx=4871] gradmatch craft_obj=0.1759 linf=0.0314
    [standard] victims: v1 done, v2 done, v3 done, v4 done, v5 done
    [standard | frog-airplane t10/10 idx=4871] poison_CTA=0.8111 poison_ASR=0%

  ==== pair frog-airplane (gradmatch) summary over 10 targets x 5 victims = 50 votes ====
    [standard                    ] poison CTA = 0.8104 +/- 0.0074   poison ASR = 4.0% +/- 19.6%
      tally (['airplane', 'automobile', 'bird', 'cat', 'deer', 'dog', 'frog', 'horse', 'ship', 'truck']): [4, 0, 2, 5, 10, 5, 2, 6, 10, 6]

[2026-07-02 17:32:54] wrote results_standard_nodistill_gradmatch_ConvNetBN_b50_eps8.{json,csv} to result/standard_nodistill
=== main_FC.sh finished 2026-07-02 17:32:55 — log: logs/main_FC_20260702_164148.log ===
