=== main_FC.sh started 2026-07-02 11:13:12 — logging to logs/main_FC_20260702_111312.log ===
=== [2026-07-02 11:13:12] budget=0.002 ===
[2026-07-02 11:13:17] device=cuda
[2026-07-02 11:13:17] hyperparams: {'dataset': 'CIFAR10', 'data_path': '/home/mmoslem3/scratch/data', 'model': 'ConvNetBN', 'out_dir': 'result/standard_nodistill', 'seed': 0, 'target_idx_file': None, 'dsa_strategy': 'color_crop_cutout_flip_scale_rotate', 'syn_data_path': 'result/res_DM_CIFAR10_ConvNet_50ipc.pt', 'surrogate_model': 'ConvNetBN', 'num_surrogates': 4, 'surrogate_epochs': 80, 'surrogate_lr': 0.01, 'surrogate_bs': 256, 'attack': 'fc', 'class_pairs': ['frog-airplane'], 'budget': 0.002, 'epsilon': 0.0313725, 'pgd_steps': 100, 'pgd_alpha': 0.0039216, 'restarts': 1, 'lambda_margin': 1.0, 'num_targets': 10, 'num_victims': 5, 'target_select': 'random', 'easy_targets': True, 'target_cache_dir': 'result/target_cache', 'parallel_victims': False, 'victim_epochs': 40, 'victim_lr': 0.1, 'victim_bs': 256, 'victim_decay': [35], 'victim_aug': False, 'clean_baseline': False, 'num_clean_victims': None, 'cache_dir': '', 'precompute_only': False, 'base_dist': 'l2', 'random_select': False, 'multilayer': True, 'curv_select': False, 'lambda_curv': 1.0, 'curv_damping': 1.0, 'curv_cg_iters': 10, 'curv_hessian_bs': 512, 'curv_cand_bs': 128, 'exact_select': True, 'if_damping': 0.01, 'if_cg_iters': 100, 'if_cg_tol': 0.0001, 'if_fd_h': 0.01, 'if_last_layer': False, 'if_hess_source': 'syn', 'if_hess_size': 512, 'if_max_surrogates': 1, 'verbose': True, 'single_surrogate': True, 'fast_gradmatch': False, 'surrogate_on_full_data': True, 'victim_pipelines': ['standard'], 'poison_cache_dir': '', 'log_file': ''}
[2026-07-02 11:13:17] victim pipelines (ablations): ['standard']
[2026-07-02 11:13:29] N_total=50000  budget=0.0020 -> N_p=100 poisons (all in y_adv class)

[2026-07-02 11:13:29] === training 4 surrogates (ConvNetBN) on FULL real data (80 ep each) ===
[2026-07-02 11:15:11] Evaluate_00: epoch = 0080 train time = 101 s train loss = 0.002334 train acc = 1.0000, test acc = 0.8300
[2026-07-02 11:16:53] Evaluate_01: epoch = 0080 train time = 101 s train loss = 0.002381 train acc = 1.0000, test acc = 0.8301
[2026-07-02 11:18:35] Evaluate_02: epoch = 0080 train time = 101 s train loss = 0.002235 train acc = 1.0000, test acc = 0.8338
[2026-07-02 11:20:17] Evaluate_03: epoch = 0080 train time = 101 s train loss = 0.002370 train acc = 1.0000, test acc = 0.8335
[2026-07-02 11:20:17] exact-IF Hessian set = 512 real train images

[2026-07-02 11:20:17] ################ pair frog-airplane : y_adv=6(frog)  target_class=0(airplane) ################
  targets (easy, loaded cache result/target_cache/easy_targets_ConvNetBN_frog-airplane_n10_seed0.json): [(2442, 'deer'), (4903, 'bird'), (2533, 'ship'), (2130, 'airplane'), (5458, 'cat'), (1644, 'bird'), (7344, 'deer'), (7446, 'dog'), (5411, 'bird'), (8542, 'bird')]
      [exact] CG iters used per surrogate: [100]
  [frog-airplane t1/10 idx=2442] fc craft_obj=0.2937 linf=0.0314
    [standard] victims: v1 done, v2 done, v3 done, v4 done, v5 done
    [standard | frog-airplane t1/10 idx=2442] poison_CTA=0.8143 poison_ASR=100%
      [exact] CG iters used per surrogate: [100]
  [frog-airplane t2/10 idx=4903] fc craft_obj=0.3155 linf=0.0314
    [standard] victims: v1 done, v2 done, v3 done, v4 done, v5 done
    [standard | frog-airplane t2/10 idx=4903] poison_CTA=0.8072 poison_ASR=100%
      [exact] CG iters used per surrogate: [100]
  [frog-airplane t3/10 idx=2533] fc craft_obj=0.3220 linf=0.0314
    [standard] victims: v1 done, v2 done, v3 done, v4 done, v5 done
    [standard | frog-airplane t3/10 idx=2533] poison_CTA=0.7955 poison_ASR=80%
      [exact] CG iters used per surrogate: [100]
  [frog-airplane t4/10 idx=2130] fc craft_obj=0.6200 linf=0.0314
    [standard] victims: v1 done, v2 done, v3 done, v4 done, v5 done
    [standard | frog-airplane t4/10 idx=2130] poison_CTA=0.8130 poison_ASR=20%
      [exact] CG iters used per surrogate: [100]
  [frog-airplane t5/10 idx=5458] fc craft_obj=0.3049 linf=0.0314
    [standard] victims: v1 done, v2 done, v3 done, v4 done, v5 done
    [standard | frog-airplane t5/10 idx=5458] poison_CTA=0.8172 poison_ASR=100%
      [exact] CG iters used per surrogate: [100]
  [frog-airplane t6/10 idx=1644] fc craft_obj=0.3671 linf=0.0314
    [standard] victims: v1 done, v2 done, v3 done, v4 done, v5 done
    [standard | frog-airplane t6/10 idx=1644] poison_CTA=0.8097 poison_ASR=60%
      [exact] CG iters used per surrogate: [100]
  [frog-airplane t7/10 idx=7344] fc craft_obj=0.2793 linf=0.0314
    [standard] victims: v1 done, v2 done, v3 done, v4 done, v5 done
    [standard | frog-airplane t7/10 idx=7344] poison_CTA=0.8121 poison_ASR=100%
      [exact] CG iters used per surrogate: [100]
  [frog-airplane t8/10 idx=7446] fc craft_obj=0.3797 linf=0.0314
    [standard] victims: v1 done, v2 done, v3 done, v4 done, v5 done
    [standard | frog-airplane t8/10 idx=7446] poison_CTA=0.8116 poison_ASR=100%
      [exact] CG iters used per surrogate: [100]
  [frog-airplane t9/10 idx=5411] fc craft_obj=0.2797 linf=0.0314
    [standard] victims: v1 done, v2 done, v3 done, v4 done, v5 done
    [standard | frog-airplane t9/10 idx=5411] poison_CTA=0.8065 poison_ASR=100%
      [exact] CG iters used per surrogate: [100]
  [frog-airplane t10/10 idx=8542] fc craft_obj=0.2970 linf=0.0314
    [standard] victims: v1 done, v2 done, v3 done, v4 done, v5 done
    [standard | frog-airplane t10/10 idx=8542] poison_CTA=0.8088 poison_ASR=80%

  ==== pair frog-airplane (fc) summary over 10 targets x 5 victims = 50 votes ====
    [standard                    ] poison CTA = 0.8096 +/- 0.0113   poison ASR = 84.0% +/- 36.7%
      tally (['airplane', 'automobile', 'bird', 'cat', 'deer', 'dog', 'frog', 'horse', 'ship', 'truck']): [2, 0, 4, 1, 0, 0, 42, 1, 0, 0]

[2026-07-02 12:03:19] wrote results_standard_nodistill_fc_ConvNetBN_b20_eps8.{json,csv} to result/standard_nodistill
=== main_FC.sh finished 2026-07-02 12:03:20 — log: logs/main_FC_20260702_111312.log ===
