=== main_FC.sh started 2026-07-01 01:36:57 — logging to logs/main_FC_20260701_013657.log ===
=== [2026-07-01 01:36:57] budget=0.1 ===
[2026-07-01 01:37:03] --parallel_victims set but <2 GPUs in CUDA_VISIBLE_DEVICES ('0'); running victims sequentially
[2026-07-01 01:37:03] device=cuda
[2026-07-01 01:37:03] hyperparams: {'dataset': 'CIFAR10', 'data_path': '/home/mmoslem3/scratch/data', 'model': 'ResNet20BN', 'out_dir': 'result/standard_nodistill', 'seed': 0, 'target_idx_file': None, 'dsa_strategy': 'color_crop_cutout_flip_scale_rotate', 'syn_data_path': 'result/res_DM_CIFAR10_ConvNet_50ipc.pt', 'surrogate_model': 'ResNet20BN', 'num_surrogates': 4, 'surrogate_epochs': 80, 'surrogate_lr': 0.01, 'surrogate_bs': 256, 'attack': 'gradmatch', 'class_pairs': ['dog-bird'], 'budget': 0.1, 'epsilon': 0.0313725, 'pgd_steps': 100, 'pgd_alpha': 0.0039216, 'restarts': 4, 'lambda_margin': 1.0, 'num_targets': 10, 'num_victims': 5, 'target_select': 'random', 'easy_targets': True, 'target_cache_dir': 'result/target_cache', 'parallel_victims': True, 'victim_epochs': 40, 'victim_lr': 0.1, 'victim_bs': 256, 'victim_decay': [35], 'victim_aug': False, 'clean_baseline': False, 'num_clean_victims': None, 'cache_dir': '', 'precompute_only': False, 'base_dist': 'l2', 'random_select': True, 'multilayer': True, 'curv_select': False, 'lambda_curv': 1.0, 'curv_damping': 1.0, 'curv_cg_iters': 10, 'curv_hessian_bs': 512, 'curv_cand_bs': 128, 'exact_select': False, 'if_damping': 0.01, 'if_cg_iters': 100, 'if_cg_tol': 0.0001, 'if_fd_h': 0.01, 'if_last_layer': False, 'if_hess_source': 'syn', 'if_hess_size': 0, 'if_max_surrogates': 0, 'verbose': False, 'single_surrogate': True, 'fast_gradmatch': False, 'surrogate_on_full_data': True, 'victim_pipelines': ['standard'], 'poison_cache_dir': '', 'log_file': ''}
[2026-07-01 01:37:03] victim pipelines (ablations): ['standard']
[2026-07-01 01:37:15] N_total=50000  budget=0.1000 -> N_p=5000 poisons (all in y_adv class)

[2026-07-01 01:37:15] === training 4 surrogates (ResNet20BN) on FULL real data (80 ep each) ===
[2026-07-01 01:39:08] Evaluate_00: epoch = 0080 train time = 111 s train loss = 0.000093 train acc = 1.0000, test acc = 0.8114
[2026-07-01 01:41:00] Evaluate_01: epoch = 0080 train time = 111 s train loss = 0.000090 train acc = 1.0000, test acc = 0.8083
[2026-07-01 01:42:52] Evaluate_02: epoch = 0080 train time = 112 s train loss = 0.000078 train acc = 1.0000, test acc = 0.8078
[2026-07-01 01:44:45] Evaluate_03: epoch = 0080 train time = 112 s train loss = 0.000084 train acc = 1.0000, test acc = 0.8057

[2026-07-01 01:44:45] ################ pair dog-bird : y_adv=5(dog)  target_class=2(bird) ################
  targets (easy, loaded cache result/target_cache/easy_targets_ResNet20BN_dog-bird_n10_seed0.json): [(1503, 'deer'), (4421, 'bird'), (2391, 'bird'), (1163, 'cat'), (9778, 'cat'), (6202, 'cat'), (3135, 'horse'), (8746, 'cat'), (3491, 'cat'), (4563, 'horse')]
  [dog-bird t1/10 idx=1503] gradmatch craft_obj=0.1270 linf=0.0314
    [standard] victims: v1 done, v2 done, v3 done, v4 done, v5 done
    [standard | dog-bird t1/10 idx=1503] poison_CTA=0.7752 poison_ASR=40%
  [dog-bird t2/10 idx=4421] gradmatch craft_obj=0.1628 linf=0.0314
    [standard] victims: v1 done, v2 done, v3 done, v4 done, v5 done
    [standard | dog-bird t2/10 idx=4421] poison_CTA=0.7787 poison_ASR=0%
  [dog-bird t3/10 idx=2391] gradmatch craft_obj=0.1329 linf=0.0314
    [standard] victims: v1 done, v2 done, v3 done, v4 done, v5 done
    [standard | dog-bird t3/10 idx=2391] poison_CTA=0.7758 poison_ASR=0%
  [dog-bird t4/10 idx=1163] gradmatch craft_obj=0.1256 linf=0.0314
    [standard] victims: v1 done, v2 done, v3 done, v4 done, v5 done
    [standard | dog-bird t4/10 idx=1163] poison_CTA=0.7729 poison_ASR=80%
  [dog-bird t5/10 idx=9778] gradmatch craft_obj=0.1005 linf=0.0314
    [standard] victims: v1 done, v2 done, v3 done, v4 done, v5 done
    [standard | dog-bird t5/10 idx=9778] poison_CTA=0.7741 poison_ASR=60%
  [dog-bird t6/10 idx=6202] gradmatch craft_obj=0.1247 linf=0.0314
    [standard] victims: v1 done, v2 done, v3 done, v4 done, v5 done
    [standard | dog-bird t6/10 idx=6202] poison_CTA=0.7780 poison_ASR=0%
  [dog-bird t7/10 idx=3135] gradmatch craft_obj=0.1155 linf=0.0314
    [standard] victims: v1 done, v2 done, v3 done, v4 done, v5 done
    [standard | dog-bird t7/10 idx=3135] poison_CTA=0.7719 poison_ASR=0%
  [dog-bird t8/10 idx=8746] gradmatch craft_obj=0.1593 linf=0.0314
    [standard] victims: v1 done, v2 done, v3 done, v4 done, v5 done
    [standard | dog-bird t8/10 idx=8746] poison_CTA=0.7773 poison_ASR=40%
  [dog-bird t9/10 idx=3491] gradmatch craft_obj=0.1130 linf=0.0314
    [standard] victims: v1 done, v2 done, v3 done, v4 done, v5 done
    [standard | dog-bird t9/10 idx=3491] poison_CTA=0.7733 poison_ASR=40%
  [dog-bird t10/10 idx=4563] gradmatch craft_obj=0.1458 linf=0.0314
    [standard] victims: v1 done, v2 done, v3 done, v4 done, v5 done
    [standard | dog-bird t10/10 idx=4563] poison_CTA=0.7728 poison_ASR=20%

  ==== pair dog-bird (gradmatch) summary over 10 targets x 5 victims = 50 votes ====
    [standard                    ] poison CTA = 0.7750 +/- 0.0045   poison ASR = 28.0% +/- 44.9%
      tally (['airplane', 'automobile', 'bird', 'cat', 'deer', 'dog', 'frog', 'horse', 'ship', 'truck']): [0, 0, 11, 16, 2, 14, 1, 6, 0, 0]

[2026-07-01 03:54:09] wrote results_standard_nodistill_gradmatch_ResNet20BN_b1000_eps8.{json,csv} to result/standard_nodistill
=== [2026-07-01 03:54:10] budget=0.05 ===
[2026-07-01 03:54:14] --parallel_victims set but <2 GPUs in CUDA_VISIBLE_DEVICES ('0'); running victims sequentially
[2026-07-01 03:54:15] device=cuda
[2026-07-01 03:54:15] hyperparams: {'dataset': 'CIFAR10', 'data_path': '/home/mmoslem3/scratch/data', 'model': 'ResNet20BN', 'out_dir': 'result/standard_nodistill', 'seed': 0, 'target_idx_file': None, 'dsa_strategy': 'color_crop_cutout_flip_scale_rotate', 'syn_data_path': 'result/res_DM_CIFAR10_ConvNet_50ipc.pt', 'surrogate_model': 'ResNet20BN', 'num_surrogates': 4, 'surrogate_epochs': 80, 'surrogate_lr': 0.01, 'surrogate_bs': 256, 'attack': 'gradmatch', 'class_pairs': ['dog-bird'], 'budget': 0.05, 'epsilon': 0.0313725, 'pgd_steps': 100, 'pgd_alpha': 0.0039216, 'restarts': 4, 'lambda_margin': 1.0, 'num_targets': 10, 'num_victims': 5, 'target_select': 'random', 'easy_targets': True, 'target_cache_dir': 'result/target_cache', 'parallel_victims': True, 'victim_epochs': 40, 'victim_lr': 0.1, 'victim_bs': 256, 'victim_decay': [35], 'victim_aug': False, 'clean_baseline': False, 'num_clean_victims': None, 'cache_dir': '', 'precompute_only': False, 'base_dist': 'l2', 'random_select': True, 'multilayer': True, 'curv_select': False, 'lambda_curv': 1.0, 'curv_damping': 1.0, 'curv_cg_iters': 10, 'curv_hessian_bs': 512, 'curv_cand_bs': 128, 'exact_select': False, 'if_damping': 0.01, 'if_cg_iters': 100, 'if_cg_tol': 0.0001, 'if_fd_h': 0.01, 'if_last_layer': False, 'if_hess_source': 'syn', 'if_hess_size': 0, 'if_max_surrogates': 0, 'verbose': False, 'single_surrogate': True, 'fast_gradmatch': False, 'surrogate_on_full_data': True, 'victim_pipelines': ['standard'], 'poison_cache_dir': '', 'log_file': ''}
[2026-07-01 03:54:15] victim pipelines (ablations): ['standard']
[2026-07-01 03:54:27] N_total=50000  budget=0.0500 -> N_p=2500 poisons (all in y_adv class)

[2026-07-01 03:54:27] === training 4 surrogates (ResNet20BN) on FULL real data (80 ep each) ===
[2026-07-01 03:56:19] Evaluate_00: epoch = 0080 train time = 111 s train loss = 0.000089 train acc = 1.0000, test acc = 0.8008
[2026-07-01 03:58:12] Evaluate_01: epoch = 0080 train time = 111 s train loss = 0.000106 train acc = 1.0000, test acc = 0.8161
[2026-07-01 04:00:04] Evaluate_02: epoch = 0080 train time = 112 s train loss = 0.000099 train acc = 1.0000, test acc = 0.8190
[2026-07-01 04:01:57] Evaluate_03: epoch = 0080 train time = 111 s train loss = 0.000093 train acc = 1.0000, test acc = 0.8187

[2026-07-01 04:01:57] ################ pair dog-bird : y_adv=5(dog)  target_class=2(bird) ################
  targets (easy, loaded cache result/target_cache/easy_targets_ResNet20BN_dog-bird_n10_seed0.json): [(1503, 'deer'), (4421, 'bird'), (2391, 'bird'), (1163, 'cat'), (9778, 'cat'), (6202, 'cat'), (3135, 'horse'), (8746, 'cat'), (3491, 'cat'), (4563, 'horse')]
  [dog-bird t1/10 idx=1503] gradmatch craft_obj=0.1353 linf=0.0314
    [standard] victims: v1 done, v2 done, v3 done, v4 done, v5 done
    [standard | dog-bird t1/10 idx=1503] poison_CTA=0.8297 poison_ASR=100%
  [dog-bird t2/10 idx=4421] gradmatch craft_obj=0.1992 linf=0.0314
    [standard] victims: v1 done, v2 done, v3 done, v4 done, v5 done
    [standard | dog-bird t2/10 idx=4421] poison_CTA=0.8311 poison_ASR=40%
  [dog-bird t3/10 idx=2391] gradmatch craft_obj=0.1239 linf=0.0314
    [standard] victims: v1 done, v2 done, v3 done, v4 done, v5 done
    [standard | dog-bird t3/10 idx=2391] poison_CTA=0.8290 poison_ASR=100%
  [dog-bird t4/10 idx=1163] gradmatch craft_obj=0.1351 linf=0.0314
    [standard] victims: v1 done, v2 done, v3 done, v4 done, v5 done
    [standard | dog-bird t4/10 idx=1163] poison_CTA=0.8306 poison_ASR=100%
  [dog-bird t5/10 idx=9778] gradmatch craft_obj=0.1006 linf=0.0314
    [standard] victims: v1 done, v2 done, v3 done, v4 done, v5 done
    [standard | dog-bird t5/10 idx=9778] poison_CTA=0.8286 poison_ASR=100%
  [dog-bird t6/10 idx=6202] gradmatch craft_obj=0.1262 linf=0.0314
    [standard] victims: v1 done, v2 done, v3 done, v4 done, v5 done
    [standard | dog-bird t6/10 idx=6202] poison_CTA=0.8290 poison_ASR=100%
  [dog-bird t7/10 idx=3135] gradmatch craft_obj=0.1009 linf=0.0314
    [standard] victims: v1 done, v2 done, v3 done, v4 done, v5 done
    [standard | dog-bird t7/10 idx=3135] poison_CTA=0.8272 poison_ASR=100%
  [dog-bird t8/10 idx=8746] gradmatch craft_obj=0.1428 linf=0.0314
    [standard] victims: v1 done, v2 done, v3 done, v4 done, v5 done
    [standard | dog-bird t8/10 idx=8746] poison_CTA=0.8257 poison_ASR=80%
  [dog-bird t9/10 idx=3491] gradmatch craft_obj=0.1028 linf=0.0314
    [standard] victims: v1 done, v2 done, v3 done, v4 done, v5 done
    [standard | dog-bird t9/10 idx=3491] poison_CTA=0.8274 poison_ASR=100%
  [dog-bird t10/10 idx=4563] gradmatch craft_obj=0.1328 linf=0.0314
    [standard] victims: v1 done, v2 done, v3 done, v4 done, v5 done
    [standard | dog-bird t10/10 idx=4563] poison_CTA=0.8283 poison_ASR=100%

  ==== pair dog-bird (gradmatch) summary over 10 targets x 5 victims = 50 votes ====
    [standard                    ] poison CTA = 0.8286 +/- 0.0036   poison ASR = 92.0% +/- 27.1%
      tally (['airplane', 'automobile', 'bird', 'cat', 'deer', 'dog', 'frog', 'horse', 'ship', 'truck']): [0, 0, 3, 1, 0, 46, 0, 0, 0, 0]

[2026-07-01 05:29:19] wrote results_standard_nodistill_gradmatch_ResNet20BN_b500_eps8.{json,csv} to result/standard_nodistill
=== [2026-07-01 05:29:20] budget=0.02 ===
[2026-07-01 05:29:24] --parallel_victims set but <2 GPUs in CUDA_VISIBLE_DEVICES ('0'); running victims sequentially
[2026-07-01 05:29:24] device=cuda
[2026-07-01 05:29:24] hyperparams: {'dataset': 'CIFAR10', 'data_path': '/home/mmoslem3/scratch/data', 'model': 'ResNet20BN', 'out_dir': 'result/standard_nodistill', 'seed': 0, 'target_idx_file': None, 'dsa_strategy': 'color_crop_cutout_flip_scale_rotate', 'syn_data_path': 'result/res_DM_CIFAR10_ConvNet_50ipc.pt', 'surrogate_model': 'ResNet20BN', 'num_surrogates': 4, 'surrogate_epochs': 80, 'surrogate_lr': 0.01, 'surrogate_bs': 256, 'attack': 'gradmatch', 'class_pairs': ['dog-bird'], 'budget': 0.02, 'epsilon': 0.0313725, 'pgd_steps': 100, 'pgd_alpha': 0.0039216, 'restarts': 4, 'lambda_margin': 1.0, 'num_targets': 10, 'num_victims': 5, 'target_select': 'random', 'easy_targets': True, 'target_cache_dir': 'result/target_cache', 'parallel_victims': True, 'victim_epochs': 40, 'victim_lr': 0.1, 'victim_bs': 256, 'victim_decay': [35], 'victim_aug': False, 'clean_baseline': False, 'num_clean_victims': None, 'cache_dir': '', 'precompute_only': False, 'base_dist': 'l2', 'random_select': True, 'multilayer': True, 'curv_select': False, 'lambda_curv': 1.0, 'curv_damping': 1.0, 'curv_cg_iters': 10, 'curv_hessian_bs': 512, 'curv_cand_bs': 128, 'exact_select': False, 'if_damping': 0.01, 'if_cg_iters': 100, 'if_cg_tol': 0.0001, 'if_fd_h': 0.01, 'if_last_layer': False, 'if_hess_source': 'syn', 'if_hess_size': 0, 'if_max_surrogates': 0, 'verbose': False, 'single_surrogate': True, 'fast_gradmatch': False, 'surrogate_on_full_data': True, 'victim_pipelines': ['standard'], 'poison_cache_dir': '', 'log_file': ''}
[2026-07-01 05:29:24] victim pipelines (ablations): ['standard']
[2026-07-01 05:29:36] N_total=50000  budget=0.0200 -> N_p=1000 poisons (all in y_adv class)

[2026-07-01 05:29:36] === training 4 surrogates (ResNet20BN) on FULL real data (80 ep each) ===
[2026-07-01 05:31:29] Evaluate_00: epoch = 0080 train time = 112 s train loss = 0.000097 train acc = 1.0000, test acc = 0.8178
[2026-07-01 05:33:21] Evaluate_01: epoch = 0080 train time = 112 s train loss = 0.000098 train acc = 1.0000, test acc = 0.8104
[2026-07-01 05:35:14] Evaluate_02: epoch = 0080 train time = 112 s train loss = 0.000083 train acc = 1.0000, test acc = 0.8118
[2026-07-01 05:37:07] Evaluate_03: epoch = 0080 train time = 112 s train loss = 0.000082 train acc = 1.0000, test acc = 0.8107

[2026-07-01 05:37:07] ################ pair dog-bird : y_adv=5(dog)  target_class=2(bird) ################
  targets (easy, loaded cache result/target_cache/easy_targets_ResNet20BN_dog-bird_n10_seed0.json): [(1503, 'deer'), (4421, 'bird'), (2391, 'bird'), (1163, 'cat'), (9778, 'cat'), (6202, 'cat'), (3135, 'horse'), (8746, 'cat'), (3491, 'cat'), (4563, 'horse')]
  [dog-bird t1/10 idx=1503] gradmatch craft_obj=0.1326 linf=0.0314
    [standard] victims: v1 done, v2 done, v3 done, v4 done, v5 done
    [standard | dog-bird t1/10 idx=1503] poison_CTA=0.8283 poison_ASR=40%
  [dog-bird t2/10 idx=4421] gradmatch craft_obj=0.1894 linf=0.0314
    [standard] victims: v1 done, v2 done, v3 done, v4 done, v5 done
    [standard | dog-bird t2/10 idx=4421] poison_CTA=0.8341 poison_ASR=40%
  [dog-bird t3/10 idx=2391] gradmatch craft_obj=0.1293 linf=0.0314
    [standard] victims: v1 done, v2 done, v3 done, v4 done, v5 done
    [standard | dog-bird t3/10 idx=2391] poison_CTA=0.8308 poison_ASR=100%
  [dog-bird t4/10 idx=1163] gradmatch craft_obj=0.1359 linf=0.0314
    [standard] victims: v1 done, v2 done, v3 done, v4 done, v5 done
    [standard | dog-bird t4/10 idx=1163] poison_CTA=0.8334 poison_ASR=100%
  [dog-bird t5/10 idx=9778] gradmatch craft_obj=0.1024 linf=0.0314
    [standard] victims: v1 done, v2 done, v3 done, v4 done, v5 done
    [standard | dog-bird t5/10 idx=9778] poison_CTA=0.8316 poison_ASR=40%
  [dog-bird t6/10 idx=6202] gradmatch craft_obj=0.1177 linf=0.0314
    [standard] victims: v1 done, v2 done, v3 done, v4 done, v5 done
    [standard | dog-bird t6/10 idx=6202] poison_CTA=0.8341 poison_ASR=80%
  [dog-bird t7/10 idx=3135] gradmatch craft_obj=0.1237 linf=0.0314
    [standard] victims: v1 done, v2 done, v3 done, v4 done, v5 done
    [standard | dog-bird t7/10 idx=3135] poison_CTA=0.8314 poison_ASR=100%
  [dog-bird t8/10 idx=8746] gradmatch craft_obj=0.1412 linf=0.0314
    [standard] victims: v1 done, v2 done, v3 done, v4 done, v5 done
    [standard | dog-bird t8/10 idx=8746] poison_CTA=0.8308 poison_ASR=20%
  [dog-bird t9/10 idx=3491] gradmatch craft_obj=0.1214 linf=0.0314
    [standard] victims: v1 done, v2 done, v3 done, v4 done, v5 done
    [standard | dog-bird t9/10 idx=3491] poison_CTA=0.8329 poison_ASR=80%
  [dog-bird t10/10 idx=4563] gradmatch craft_obj=0.1515 linf=0.0314
    [standard] victims: v1 done, v2 done, v3 done, v4 done, v5 done
    [standard | dog-bird t10/10 idx=4563] poison_CTA=0.8325 poison_ASR=60%

  ==== pair dog-bird (gradmatch) summary over 10 targets x 5 victims = 50 votes ====
    [standard                    ] poison CTA = 0.8320 +/- 0.0042   poison ASR = 66.0% +/- 47.4%
      tally (['airplane', 'automobile', 'bird', 'cat', 'deer', 'dog', 'frog', 'horse', 'ship', 'truck']): [0, 0, 5, 10, 1, 33, 0, 1, 0, 0]

[2026-07-01 06:38:17] wrote results_standard_nodistill_gradmatch_ResNet20BN_b200_eps8.{json,csv} to result/standard_nodistill
=== [2026-07-01 06:38:18] budget=0.01 ===
[2026-07-01 06:38:22] --parallel_victims set but <2 GPUs in CUDA_VISIBLE_DEVICES ('0'); running victims sequentially
[2026-07-01 06:38:22] device=cuda
[2026-07-01 06:38:22] hyperparams: {'dataset': 'CIFAR10', 'data_path': '/home/mmoslem3/scratch/data', 'model': 'ResNet20BN', 'out_dir': 'result/standard_nodistill', 'seed': 0, 'target_idx_file': None, 'dsa_strategy': 'color_crop_cutout_flip_scale_rotate', 'syn_data_path': 'result/res_DM_CIFAR10_ConvNet_50ipc.pt', 'surrogate_model': 'ResNet20BN', 'num_surrogates': 4, 'surrogate_epochs': 80, 'surrogate_lr': 0.01, 'surrogate_bs': 256, 'attack': 'gradmatch', 'class_pairs': ['dog-bird'], 'budget': 0.01, 'epsilon': 0.0313725, 'pgd_steps': 100, 'pgd_alpha': 0.0039216, 'restarts': 4, 'lambda_margin': 1.0, 'num_targets': 10, 'num_victims': 5, 'target_select': 'random', 'easy_targets': True, 'target_cache_dir': 'result/target_cache', 'parallel_victims': True, 'victim_epochs': 40, 'victim_lr': 0.1, 'victim_bs': 256, 'victim_decay': [35], 'victim_aug': False, 'clean_baseline': False, 'num_clean_victims': None, 'cache_dir': '', 'precompute_only': False, 'base_dist': 'l2', 'random_select': True, 'multilayer': True, 'curv_select': False, 'lambda_curv': 1.0, 'curv_damping': 1.0, 'curv_cg_iters': 10, 'curv_hessian_bs': 512, 'curv_cand_bs': 128, 'exact_select': False, 'if_damping': 0.01, 'if_cg_iters': 100, 'if_cg_tol': 0.0001, 'if_fd_h': 0.01, 'if_last_layer': False, 'if_hess_source': 'syn', 'if_hess_size': 0, 'if_max_surrogates': 0, 'verbose': False, 'single_surrogate': True, 'fast_gradmatch': False, 'surrogate_on_full_data': True, 'victim_pipelines': ['standard'], 'poison_cache_dir': '', 'log_file': ''}
[2026-07-01 06:38:22] victim pipelines (ablations): ['standard']
[2026-07-01 06:38:35] N_total=50000  budget=0.0100 -> N_p=500 poisons (all in y_adv class)

[2026-07-01 06:38:35] === training 4 surrogates (ResNet20BN) on FULL real data (80 ep each) ===
[2026-07-01 06:40:27] Evaluate_00: epoch = 0080 train time = 112 s train loss = 0.000071 train acc = 1.0000, test acc = 0.8082
[2026-07-01 06:42:20] Evaluate_01: epoch = 0080 train time = 111 s train loss = 0.000096 train acc = 1.0000, test acc = 0.8178
[2026-07-01 06:44:12] Evaluate_02: epoch = 0080 train time = 111 s train loss = 0.000080 train acc = 1.0000, test acc = 0.8151
[2026-07-01 06:46:04] Evaluate_03: epoch = 0080 train time = 111 s train loss = 0.000088 train acc = 1.0000, test acc = 0.8187

[2026-07-01 06:46:04] ################ pair dog-bird : y_adv=5(dog)  target_class=2(bird) ################
  targets (easy, loaded cache result/target_cache/easy_targets_ResNet20BN_dog-bird_n10_seed0.json): [(1503, 'deer'), (4421, 'bird'), (2391, 'bird'), (1163, 'cat'), (9778, 'cat'), (6202, 'cat'), (3135, 'horse'), (8746, 'cat'), (3491, 'cat'), (4563, 'horse')]
  [dog-bird t1/10 idx=1503] gradmatch craft_obj=0.1183 linf=0.0314
    [standard] victims: v1 done, v2 done, v3 done, v4 done, v5 done
    [standard | dog-bird t1/10 idx=1503] poison_CTA=0.8308 poison_ASR=40%
  [dog-bird t2/10 idx=4421] gradmatch craft_obj=0.1769 linf=0.0314
    [standard] victims: v1 done, v2 done, v3 done, v4 done, v5 done
    [standard | dog-bird t2/10 idx=4421] poison_CTA=0.8286 poison_ASR=20%
  [dog-bird t3/10 idx=2391] gradmatch craft_obj=0.1225 linf=0.0314
    [standard] victims: v1 done, v2 done, v3 done, v4 done, v5 done
    [standard | dog-bird t3/10 idx=2391] poison_CTA=0.8300 poison_ASR=0%
  [dog-bird t4/10 idx=1163] gradmatch craft_obj=0.1439 linf=0.0314
    [standard] victims: v1 done, v2 done, v3 done, v4 done, v5 done
    [standard | dog-bird t4/10 idx=1163] poison_CTA=0.8300 poison_ASR=100%
  [dog-bird t5/10 idx=9778] gradmatch craft_obj=0.1073 linf=0.0314
    [standard] victims: v1 done, v2 done, v3 done, v4 done, v5 done
    [standard | dog-bird t5/10 idx=9778] poison_CTA=0.8349 poison_ASR=60%
  [dog-bird t6/10 idx=6202] gradmatch craft_obj=0.1214 linf=0.0314
    [standard] victims: v1 done, v2 done, v3 done, v4 done, v5 done
    [standard | dog-bird t6/10 idx=6202] poison_CTA=0.8326 poison_ASR=40%
  [dog-bird t7/10 idx=3135] gradmatch craft_obj=0.1217 linf=0.0314
    [standard] victims: v1 done, v2 done, v3 done, v4 done, v5 done
    [standard | dog-bird t7/10 idx=3135] poison_CTA=0.8290 poison_ASR=40%
  [dog-bird t8/10 idx=8746] gradmatch craft_obj=0.1346 linf=0.0314
    [standard] victims: v1 done, v2 done, v3 done, v4 done, v5 done
    [standard | dog-bird t8/10 idx=8746] poison_CTA=0.8342 poison_ASR=20%
  [dog-bird t9/10 idx=3491] gradmatch craft_obj=0.1298 linf=0.0314
    [standard] victims: v1 done, v2 done, v3 done, v4 done, v5 done
    [standard | dog-bird t9/10 idx=3491] poison_CTA=0.8288 poison_ASR=100%
  [dog-bird t10/10 idx=4563] gradmatch craft_obj=0.1358 linf=0.0314
    [standard] victims: v1 done, v2 done, v3 done, v4 done, v5 done
    [standard | dog-bird t10/10 idx=4563] poison_CTA=0.8325 poison_ASR=80%

  ==== pair dog-bird (gradmatch) summary over 10 targets x 5 victims = 50 votes ====
    [standard                    ] poison CTA = 0.8311 +/- 0.0044   poison ASR = 50.0% +/- 50.0%
      tally (['airplane', 'automobile', 'bird', 'cat', 'deer', 'dog', 'frog', 'horse', 'ship', 'truck']): [0, 0, 11, 7, 2, 25, 1, 4, 0, 0]

[2026-07-01 07:39:28] wrote results_standard_nodistill_gradmatch_ResNet20BN_b100_eps8.{json,csv} to result/standard_nodistill
=== [2026-07-01 07:39:29] budget=0.005 ===
[2026-07-01 07:39:33] --parallel_victims set but <2 GPUs in CUDA_VISIBLE_DEVICES ('0'); running victims sequentially
[2026-07-01 07:39:34] device=cuda
[2026-07-01 07:39:34] hyperparams: {'dataset': 'CIFAR10', 'data_path': '/home/mmoslem3/scratch/data', 'model': 'ResNet20BN', 'out_dir': 'result/standard_nodistill', 'seed': 0, 'target_idx_file': None, 'dsa_strategy': 'color_crop_cutout_flip_scale_rotate', 'syn_data_path': 'result/res_DM_CIFAR10_ConvNet_50ipc.pt', 'surrogate_model': 'ResNet20BN', 'num_surrogates': 4, 'surrogate_epochs': 80, 'surrogate_lr': 0.01, 'surrogate_bs': 256, 'attack': 'gradmatch', 'class_pairs': ['dog-bird'], 'budget': 0.005, 'epsilon': 0.0313725, 'pgd_steps': 100, 'pgd_alpha': 0.0039216, 'restarts': 4, 'lambda_margin': 1.0, 'num_targets': 10, 'num_victims': 5, 'target_select': 'random', 'easy_targets': True, 'target_cache_dir': 'result/target_cache', 'parallel_victims': True, 'victim_epochs': 40, 'victim_lr': 0.1, 'victim_bs': 256, 'victim_decay': [35], 'victim_aug': False, 'clean_baseline': False, 'num_clean_victims': None, 'cache_dir': '', 'precompute_only': False, 'base_dist': 'l2', 'random_select': True, 'multilayer': True, 'curv_select': False, 'lambda_curv': 1.0, 'curv_damping': 1.0, 'curv_cg_iters': 10, 'curv_hessian_bs': 512, 'curv_cand_bs': 128, 'exact_select': False, 'if_damping': 0.01, 'if_cg_iters': 100, 'if_cg_tol': 0.0001, 'if_fd_h': 0.01, 'if_last_layer': False, 'if_hess_source': 'syn', 'if_hess_size': 0, 'if_max_surrogates': 0, 'verbose': False, 'single_surrogate': True, 'fast_gradmatch': False, 'surrogate_on_full_data': True, 'victim_pipelines': ['standard'], 'poison_cache_dir': '', 'log_file': ''}
[2026-07-01 07:39:34] victim pipelines (ablations): ['standard']
[2026-07-01 07:39:46] N_total=50000  budget=0.0050 -> N_p=250 poisons (all in y_adv class)

[2026-07-01 07:39:46] === training 4 surrogates (ResNet20BN) on FULL real data (80 ep each) ===
[2026-07-01 07:41:39] Evaluate_00: epoch = 0080 train time = 112 s train loss = 0.000087 train acc = 1.0000, test acc = 0.8132
[2026-07-01 07:43:31] Evaluate_01: epoch = 0080 train time = 111 s train loss = 0.000099 train acc = 1.0000, test acc = 0.8083
[2026-07-01 07:45:23] Evaluate_02: epoch = 0080 train time = 111 s train loss = 0.000084 train acc = 1.0000, test acc = 0.8024
[2026-07-01 07:47:15] Evaluate_03: epoch = 0080 train time = 111 s train loss = 0.000094 train acc = 1.0000, test acc = 0.8103

[2026-07-01 07:47:15] ################ pair dog-bird : y_adv=5(dog)  target_class=2(bird) ################
  targets (easy, loaded cache result/target_cache/easy_targets_ResNet20BN_dog-bird_n10_seed0.json): [(1503, 'deer'), (4421, 'bird'), (2391, 'bird'), (1163, 'cat'), (9778, 'cat'), (6202, 'cat'), (3135, 'horse'), (8746, 'cat'), (3491, 'cat'), (4563, 'horse')]
  [dog-bird t1/10 idx=1503] gradmatch craft_obj=0.1273 linf=0.0314
    [standard] victims: v1 done, v2 done, v3 done, v4 done, v5 done
    [standard | dog-bird t1/10 idx=1503] poison_CTA=0.8298 poison_ASR=60%
  [dog-bird t2/10 idx=4421] gradmatch craft_obj=0.1974 linf=0.0314
    [standard] victims: v1 done, v2 done, v3 done, v4 done, v5 done
    [standard | dog-bird t2/10 idx=4421] poison_CTA=0.8322 poison_ASR=0%
  [dog-bird t3/10 idx=2391] gradmatch craft_obj=0.1222 linf=0.0314
    [standard] victims: v1 done, v2 done, v3 done, v4 done, v5 done
    [standard | dog-bird t3/10 idx=2391] poison_CTA=0.8260 poison_ASR=60%
  [dog-bird t4/10 idx=1163] gradmatch craft_obj=0.1413 linf=0.0314
    [standard] victims: v1 done, v2 done, v3 done, v4 done, v5 done
    [standard | dog-bird t4/10 idx=1163] poison_CTA=0.8329 poison_ASR=80%
  [dog-bird t5/10 idx=9778] gradmatch craft_obj=0.1075 linf=0.0314
    [standard] victims: v1 done, v2 done, v3 done, v4 done, v5 done
    [standard | dog-bird t5/10 idx=9778] poison_CTA=0.8290 poison_ASR=100%
  [dog-bird t6/10 idx=6202] gradmatch craft_obj=0.1376 linf=0.0314
    [standard] victims: v1 done, v2 done, v3 done, v4 done, v5 done
    [standard | dog-bird t6/10 idx=6202] poison_CTA=0.8296 poison_ASR=60%
  [dog-bird t7/10 idx=3135] gradmatch craft_obj=0.1138 linf=0.0314
    [standard] victims: v1 done, v2 done, v3 done, v4 done, v5 done
    [standard | dog-bird t7/10 idx=3135] poison_CTA=0.8346 poison_ASR=80%
  [dog-bird t8/10 idx=8746] gradmatch craft_obj=0.1504 linf=0.0314
    [standard] victims: v1 done, v2 done, v3 done, v4 done, v5 done
    [standard | dog-bird t8/10 idx=8746] poison_CTA=0.8323 poison_ASR=0%
  [dog-bird t9/10 idx=3491] gradmatch craft_obj=0.1170 linf=0.0314
    [standard] victims: v1 done, v2 done, v3 done, v4 done, v5 done
    [standard | dog-bird t9/10 idx=3491] poison_CTA=0.8306 poison_ASR=60%
  [dog-bird t10/10 idx=4563] gradmatch craft_obj=0.1491 linf=0.0314
    [standard] victims: v1 done, v2 done, v3 done, v4 done, v5 done
    [standard | dog-bird t10/10 idx=4563] poison_CTA=0.8307 poison_ASR=80%

  ==== pair dog-bird (gradmatch) summary over 10 targets x 5 victims = 50 votes ====
    [standard                    ] poison CTA = 0.8308 +/- 0.0041   poison ASR = 58.0% +/- 49.4%
      tally (['airplane', 'automobile', 'bird', 'cat', 'deer', 'dog', 'frog', 'horse', 'ship', 'truck']): [0, 0, 8, 9, 2, 29, 0, 2, 0, 0]

[2026-07-01 08:37:09] wrote results_standard_nodistill_gradmatch_ResNet20BN_b50_eps8.{json,csv} to result/standard_nodistill
=== [2026-07-01 08:37:09] budget=0.002 ===
[2026-07-01 08:37:12] --parallel_victims set but <2 GPUs in CUDA_VISIBLE_DEVICES ('0'); running victims sequentially
[2026-07-01 08:37:12] device=cuda
[2026-07-01 08:37:12] hyperparams: {'dataset': 'CIFAR10', 'data_path': '/home/mmoslem3/scratch/data', 'model': 'ResNet20BN', 'out_dir': 'result/standard_nodistill', 'seed': 0, 'target_idx_file': None, 'dsa_strategy': 'color_crop_cutout_flip_scale_rotate', 'syn_data_path': 'result/res_DM_CIFAR10_ConvNet_50ipc.pt', 'surrogate_model': 'ResNet20BN', 'num_surrogates': 4, 'surrogate_epochs': 80, 'surrogate_lr': 0.01, 'surrogate_bs': 256, 'attack': 'gradmatch', 'class_pairs': ['dog-bird'], 'budget': 0.002, 'epsilon': 0.0313725, 'pgd_steps': 100, 'pgd_alpha': 0.0039216, 'restarts': 4, 'lambda_margin': 1.0, 'num_targets': 10, 'num_victims': 5, 'target_select': 'random', 'easy_targets': True, 'target_cache_dir': 'result/target_cache', 'parallel_victims': True, 'victim_epochs': 40, 'victim_lr': 0.1, 'victim_bs': 256, 'victim_decay': [35], 'victim_aug': False, 'clean_baseline': False, 'num_clean_victims': None, 'cache_dir': '', 'precompute_only': False, 'base_dist': 'l2', 'random_select': True, 'multilayer': True, 'curv_select': False, 'lambda_curv': 1.0, 'curv_damping': 1.0, 'curv_cg_iters': 10, 'curv_hessian_bs': 512, 'curv_cand_bs': 128, 'exact_select': False, 'if_damping': 0.01, 'if_cg_iters': 100, 'if_cg_tol': 0.0001, 'if_fd_h': 0.01, 'if_last_layer': False, 'if_hess_source': 'syn', 'if_hess_size': 0, 'if_max_surrogates': 0, 'verbose': False, 'single_surrogate': True, 'fast_gradmatch': False, 'surrogate_on_full_data': True, 'victim_pipelines': ['standard'], 'poison_cache_dir': '', 'log_file': ''}
[2026-07-01 08:37:12] victim pipelines (ablations): ['standard']
[2026-07-01 08:37:25] N_total=50000  budget=0.0020 -> N_p=100 poisons (all in y_adv class)

[2026-07-01 08:37:25] === training 4 surrogates (ResNet20BN) on FULL real data (80 ep each) ===
[2026-07-01 08:39:17] Evaluate_00: epoch = 0080 train time = 111 s train loss = 0.000087 train acc = 1.0000, test acc = 0.8116
[2026-07-01 08:41:09] Evaluate_01: epoch = 0080 train time = 111 s train loss = 0.000089 train acc = 1.0000, test acc = 0.8042
[2026-07-01 08:43:02] Evaluate_02: epoch = 0080 train time = 111 s train loss = 0.010504 train acc = 0.9974, test acc = 0.7913
[2026-07-01 08:44:54] Evaluate_03: epoch = 0080 train time = 111 s train loss = 0.000219 train acc = 1.0000, test acc = 0.8040

[2026-07-01 08:44:54] ################ pair dog-bird : y_adv=5(dog)  target_class=2(bird) ################
  targets (easy, loaded cache result/target_cache/easy_targets_ResNet20BN_dog-bird_n10_seed0.json): [(1503, 'deer'), (4421, 'bird'), (2391, 'bird'), (1163, 'cat'), (9778, 'cat'), (6202, 'cat'), (3135, 'horse'), (8746, 'cat'), (3491, 'cat'), (4563, 'horse')]
  [dog-bird t1/10 idx=1503] gradmatch craft_obj=0.1141 linf=0.0314
    [standard] victims: v1 done, v2 done, v3 done, v4 done, v5 done
    [standard | dog-bird t1/10 idx=1503] poison_CTA=0.8332 poison_ASR=100%
  [dog-bird t2/10 idx=4421] gradmatch craft_obj=0.1838 linf=0.0314
    [standard] victims: v1 done, v2 done, v3 done, v4 done, v5 done
    [standard | dog-bird t2/10 idx=4421] poison_CTA=0.8333 poison_ASR=0%
  [dog-bird t3/10 idx=2391] gradmatch craft_obj=0.1706 linf=0.0314
    [standard] victims: v1 done, v2 done, v3 done, v4 done, v5 done
    [standard | dog-bird t3/10 idx=2391] poison_CTA=0.8309 poison_ASR=20%
  [dog-bird t4/10 idx=1163] gradmatch craft_obj=0.1143 linf=0.0314
    [standard] victims: v1 done, v2 done, v3 done, v4 done, v5 done
    [standard | dog-bird t4/10 idx=1163] poison_CTA=0.8309 poison_ASR=60%
  [dog-bird t5/10 idx=9778] gradmatch craft_obj=0.1163 linf=0.0314
    [standard] victims: v1 done, v2 done, v3 done, v4 done, v5 done
    [standard | dog-bird t5/10 idx=9778] poison_CTA=0.8313 poison_ASR=40%
  [dog-bird t6/10 idx=6202] gradmatch craft_obj=0.1525 linf=0.0314
    [standard] victims: v1 done, v2 done, v3 done, v4 done, v5 done
    [standard | dog-bird t6/10 idx=6202] poison_CTA=0.8319 poison_ASR=20%
  [dog-bird t7/10 idx=3135] gradmatch craft_obj=0.1135 linf=0.0314
    [standard] victims: v1 done, v2 done, v3 done, v4 done, v5 done
    [standard | dog-bird t7/10 idx=3135] poison_CTA=0.8310 poison_ASR=20%
  [dog-bird t8/10 idx=8746] gradmatch craft_obj=0.1420 linf=0.0314
    [standard] victims: 