=== main_FC.sh started 2026-07-01 00:49:24 — logging to logs/main_FC_20260701_004924.log ===
=== [2026-07-01 00:49:24] budget=0.1 ===
[2026-07-01 00:49:26] parallel victims ON: GPU pool=['4', '5', '6', '7'], parent pinned to GPU 4
[2026-07-01 00:49:27] device=cuda
[2026-07-01 00:49:27] hyperparams: {'dataset': 'CIFAR10', 'data_path': 'data', 'model': 'VGG13BN', 'out_dir': 'result/standard_nodistill', 'seed': 0, 'target_idx_file': None, 'dsa_strategy': 'color_crop_cutout_flip_scale_rotate', 'syn_data_path': 'result/res_DM_CIFAR10_ConvNet_50ipc.pt', 'surrogate_model': 'VGG13BN', 'num_surrogates': 4, 'surrogate_epochs': 80, 'surrogate_lr': 0.01, 'surrogate_bs': 256, 'attack': 'fc', 'class_pairs': ['dog-bird'], 'budget': 0.1, 'epsilon': 0.0313725, 'pgd_steps': 100, 'pgd_alpha': 0.0039216, 'restarts': 1, 'lambda_margin': 1.0, 'num_targets': 10, 'num_victims': 5, 'target_select': 'random', 'easy_targets': True, 'target_cache_dir': 'result/target_cache', 'parallel_victims': True, 'victim_epochs': 40, 'victim_lr': 0.1, 'victim_bs': 256, 'victim_decay': [35], 'victim_aug': False, 'clean_baseline': False, 'num_clean_victims': None, 'cache_dir': '', 'precompute_only': False, 'base_dist': 'l2', 'random_select': False, 'multilayer': True, 'curv_select': False, 'lambda_curv': 1.0, 'curv_damping': 1.0, 'curv_cg_iters': 10, 'curv_hessian_bs': 512, 'curv_cand_bs': 128, 'exact_select': True, 'if_damping': 0.01, 'if_cg_iters': 100, 'if_cg_tol': 0.0001, 'if_fd_h': 0.01, 'if_last_layer': False, 'if_hess_source': 'syn', 'if_hess_size': 512, 'if_max_surrogates': 1, 'verbose': True, 'single_surrogate': True, 'fast_gradmatch': False, 'surrogate_on_full_data': True, 'victim_pipelines': ['standard'], 'poison_cache_dir': '', 'log_file': ''}
[2026-07-01 00:49:27] victim pipelines (ablations): ['standard']
[2026-07-01 00:49:37] N_total=50000  budget=0.1000 -> N_p=5000 poisons (all in y_adv class)

[2026-07-01 00:49:37] === training 4 surrogates (VGG13BN) on FULL real data (80 ep each) across GPUs ['4', '5', '6', '7'] ===
[2026-07-01 00:51:31] Evaluate_00: epoch = 0080 train time = 106 s train loss = 0.000005 train acc = 1.0000, test acc = 0.8596
[2026-07-01 00:51:31] Evaluate_01: epoch = 0080 train time = 106 s train loss = 0.000005 train acc = 1.0000, test acc = 0.8558
[2026-07-01 00:51:31] Evaluate_02: epoch = 0080 train time = 105 s train loss = 0.000005 train acc = 1.0000, test acc = 0.8554
[2026-07-01 00:51:31] Evaluate_03: epoch = 0080 train time = 105 s train loss = 0.000005 train acc = 1.0000, test acc = 0.8606
[2026-07-01 00:51:31] exact-IF Hessian set = 512 real train images

[2026-07-01 00:51:31] ################ pair dog-bird : y_adv=5(dog)  target_class=2(bird) ################
  targets (easy, label!=dog, saved cache result/target_cache/easy_targets_VGG13BN_dog-bird_n10_seed0.json): [(2632, 'cat'), (2804, 'cat'), (740, 'bird'), (9375, 'cat'), (1723, 'bird'), (9035, 'deer'), (3387, 'cat'), (5290, 'cat'), (8219, 'cat'), (4547, 'cat')]
      [exact] CG iters used per surrogate: [19]
  [dog-bird t1/10 idx=2632] fc craft_obj=0.0874 linf=0.0314
    [standard] victims: 5 across GPUs ['4', '5', '6', '7'] ... done
    [standard | dog-bird t1/10 idx=2632] poison_CTA=0.7850 poison_ASR=40%
      [exact] CG iters used per surrogate: [19]
  [dog-bird t2/10 idx=2804] fc craft_obj=0.0856 linf=0.0314
    [standard] victims: 5 across GPUs ['4', '5', '6', '7'] ... done
    [standard | dog-bird t2/10 idx=2804] poison_CTA=0.7890 poison_ASR=0%
      [exact] CG iters used per surrogate: [18]
  [dog-bird t3/10 idx=740] fc craft_obj=0.0893 linf=0.0314
    [standard] victims: 5 across GPUs ['4', '5', '6', '7'] ... done
    [standard | dog-bird t3/10 idx=740] poison_CTA=0.7825 poison_ASR=40%
      [exact] CG iters used per surrogate: [19]
  [dog-bird t4/10 idx=9375] fc craft_obj=0.0811 linf=0.0314
    [standard] victims: 5 across GPUs ['4', '5', '6', '7'] ... done
    [standard | dog-bird t4/10 idx=9375] poison_CTA=0.7908 poison_ASR=60%
      [exact] CG iters used per surrogate: [19]
  [dog-bird t5/10 idx=1723] fc craft_obj=0.0819 linf=0.0314
    [standard] victims: 5 across GPUs ['4', '5', '6', '7'] ... done
    [standard | dog-bird t5/10 idx=1723] poison_CTA=0.7829 poison_ASR=0%
      [exact] CG iters used per surrogate: [19]
  [dog-bird t6/10 idx=9035] fc craft_obj=0.0761 linf=0.0314
    [standard] victims: 5 across GPUs ['4', '5', '6', '7'] ... done
    [standard | dog-bird t6/10 idx=9035] poison_CTA=0.7885 poison_ASR=20%
      [exact] CG iters used per surrogate: [19]
  [dog-bird t7/10 idx=3387] fc craft_obj=0.0931 linf=0.0314
    [standard] victims: 5 across GPUs ['4', '5', '6', '7'] ... done
    [standard | dog-bird t7/10 idx=3387] poison_CTA=0.7891 poison_ASR=80%
      [exact] CG iters used per surrogate: [19]
  [dog-bird t8/10 idx=5290] fc craft_obj=0.0873 linf=0.0314
    [standard] victims: 5 across GPUs ['4', '5', '6', '7'] ... done
    [standard | dog-bird t8/10 idx=5290] poison_CTA=0.7898 poison_ASR=100%
      [exact] CG iters used per surrogate: [19]
  [dog-bird t9/10 idx=8219] fc craft_obj=0.0852 linf=0.0314
    [standard] victims: 5 across GPUs ['4', '5', '6', '7'] ... done
    [standard | dog-bird t9/10 idx=8219] poison_CTA=0.7873 poison_ASR=80%
      [exact] CG iters used per surrogate: [18]
  [dog-bird t10/10 idx=4547] fc craft_obj=0.0858 linf=0.0314
    [standard] victims: 5 across GPUs ['4', '5', '6', '7'] ... done
    [standard | dog-bird t10/10 idx=4547] poison_CTA=0.7881 poison_ASR=60%

  ==== pair dog-bird (fc) summary over 10 targets x 5 victims = 50 votes ====
    [standard                    ] poison CTA = 0.7873 +/- 0.0059   poison ASR = 48.0% +/- 50.0%
      tally (['airplane', 'automobile', 'bird', 'cat', 'deer', 'dog', 'frog', 'horse', 'ship', 'truck']): [0, 0, 4, 10, 4, 24, 0, 8, 0, 0]

[2026-07-01 01:11:43] wrote results_standard_nodistill_fc_VGG13BN_b1000_eps8.{json,csv} to result/standard_nodistill
[2026-07-01 01:11:46] parallel victims ON: GPU pool=['4', '5', '6', '7'], parent pinned to GPU 4
[2026-07-01 01:11:46] device=cuda
[2026-07-01 01:11:46] hyperparams: {'dataset': 'CIFAR10', 'data_path': 'data', 'model': 'VGG13BN', 'out_dir': 'result/standard_nodistill', 'seed': 0, 'target_idx_file': None, 'dsa_strategy': 'color_crop_cutout_flip_scale_rotate', 'syn_data_path': 'result/res_DM_CIFAR10_ConvNet_50ipc.pt', 'surrogate_model': 'VGG13BN', 'num_surrogates': 4, 'surrogate_epochs': 80, 'surrogate_lr': 0.01, 'surrogate_bs': 256, 'attack': 'fc', 'class_pairs': ['dog-bird'], 'budget': 0.1, 'epsilon': 0.0313725, 'pgd_steps': 100, 'pgd_alpha': 0.0039216, 'restarts': 1, 'lambda_margin': 1.0, 'num_targets': 10, 'num_victims': 5, 'target_select': 'random', 'easy_targets': True, 'target_cache_dir': 'result/target_cache', 'parallel_victims': True, 'victim_epochs': 40, 'victim_lr': 0.1, 'victim_bs': 256, 'victim_decay': [35], 'victim_aug': False, 'clean_baseline': False, 'num_clean_victims': None, 'cache_dir': '', 'precompute_only': False, 'base_dist': 'l2', 'random_select': True, 'multilayer': True, 'curv_select': False, 'lambda_curv': 1.0, 'curv_damping': 1.0, 'curv_cg_iters': 10, 'curv_hessian_bs': 512, 'curv_cand_bs': 128, 'exact_select': False, 'if_damping': 0.01, 'if_cg_iters': 100, 'if_cg_tol': 0.0001, 'if_fd_h': 0.01, 'if_last_layer': False, 'if_hess_source': 'syn', 'if_hess_size': 0, 'if_max_surrogates': 0, 'verbose': False, 'single_surrogate': True, 'fast_gradmatch': False, 'surrogate_on_full_data': True, 'victim_pipelines': ['standard'], 'poison_cache_dir': '', 'log_file': ''}
[2026-07-01 01:11:46] victim pipelines (ablations): ['standard']
[2026-07-01 01:11:56] N_total=50000  budget=0.1000 -> N_p=5000 poisons (all in y_adv class)

[2026-07-01 01:11:57] === training 4 surrogates (VGG13BN) on FULL real data (80 ep each) across GPUs ['4', '5', '6', '7'] ===
[2026-07-01 01:13:50] Evaluate_00: epoch = 0080 train time = 105 s train loss = 0.000005 train acc = 1.0000, test acc = 0.8609
[2026-07-01 01:13:50] Evaluate_01: epoch = 0080 train time = 105 s train loss = 0.000004 train acc = 1.0000, test acc = 0.8597
[2026-07-01 01:13:50] Evaluate_02: epoch = 0080 train time = 105 s train loss = 0.000006 train acc = 1.0000, test acc = 0.8557
[2026-07-01 01:13:50] Evaluate_03: epoch = 0080 train time = 105 s train loss = 0.000005 train acc = 1.0000, test acc = 0.8556

[2026-07-01 01:13:50] ################ pair dog-bird : y_adv=5(dog)  target_class=2(bird) ################
  targets (easy, loaded cache result/target_cache/easy_targets_VGG13BN_dog-bird_n10_seed0.json): [(2632, 'cat'), (2804, 'cat'), (740, 'bird'), (9375, 'cat'), (1723, 'bird'), (9035, 'deer'), (3387, 'cat'), (5290, 'cat'), (8219, 'cat'), (4547, 'cat')]
  [dog-bird t1/10 idx=2632] fc craft_obj=0.0743 linf=0.0314
    [standard] victims: 5 across GPUs ['4', '5', '6', '7'] ... done
    [standard | dog-bird t1/10 idx=2632] poison_CTA=0.7860 poison_ASR=20%
  [dog-bird t2/10 idx=2804] fc craft_obj=0.0759 linf=0.0314
    [standard] victims: 5 across GPUs ['4', '5', '6', '7'] ... done
    [standard | dog-bird t2/10 idx=2804] poison_CTA=0.7890 poison_ASR=0%
  [dog-bird t3/10 idx=740] fc craft_obj=0.0886 linf=0.0314
    [standard] victims: 5 across GPUs ['4', '5', '6', '7'] ... done
    [standard | dog-bird t3/10 idx=740] poison_CTA=0.7830 poison_ASR=20%
  [dog-bird t4/10 idx=9375] fc craft_obj=0.0764 linf=0.0314
    [standard] victims: 5 across GPUs ['4', '5', '6', '7'] ... done
    [standard | dog-bird t4/10 idx=9375] poison_CTA=0.7860 poison_ASR=40%
  [dog-bird t5/10 idx=1723] fc craft_obj=0.0865 linf=0.0314
    [standard] victims: 5 across GPUs ['4', '5', '6', '7'] ... done
    [standard | dog-bird t5/10 idx=1723] poison_CTA=0.7840 poison_ASR=0%
  [dog-bird t6/10 idx=9035] fc craft_obj=0.0780 linf=0.0314
    [standard] victims: 5 across GPUs ['4', '5', '6', '7'] ... done
    [standard | dog-bird t6/10 idx=9035] poison_CTA=0.7846 poison_ASR=40%
  [dog-bird t7/10 idx=3387] fc craft_obj=0.0748 linf=0.0314
    [standard] victims: 5 across GPUs ['4', '5', '6', '7'] ... done
    [standard | dog-bird t7/10 idx=3387] poison_CTA=0.7830 poison_ASR=0%
  [dog-bird t8/10 idx=5290] fc craft_obj=0.0768 linf=0.0314
    [standard] victims: 5 across GPUs ['4', '5', '6', '7'] ... done
    [standard | dog-bird t8/10 idx=5290] poison_CTA=0.7830 poison_ASR=40%
  [dog-bird t9/10 idx=8219] fc craft_obj=0.0876 linf=0.0314
    [standard] victims: 5 across GPUs ['4', '5', '6', '7'] ... done
    [standard | dog-bird t9/10 idx=8219] poison_CTA=0.7773 poison_ASR=60%
  [dog-bird t10/10 idx=4547] fc craft_obj=0.0819 linf=0.0314
    [standard] victims: 5 across GPUs ['4', '5', '6', '7'] ... done
    [standard | dog-bird t10/10 idx=4547] poison_CTA=0.7799 poison_ASR=40%

  ==== pair dog-bird (fc) summary over 10 targets x 5 victims = 50 votes ====
    [standard                    ] poison CTA = 0.7836 +/- 0.0078   poison ASR = 26.0% +/- 43.9%
      tally (['airplane', 'automobile', 'bird', 'cat', 'deer', 'dog', 'frog', 'horse', 'ship', 'truck']): [0, 0, 5, 19, 6, 13, 0, 7, 0, 0]

[2026-07-01 01:33:48] wrote results_standard_nodistill_fc_VGG13BN_b1000_eps8.{json,csv} to result/standard_nodistill
=== [2026-07-01 01:33:49] budget=0.05 ===
[2026-07-01 01:33:51] parallel victims ON: GPU pool=['4', '5', '6', '7'], parent pinned to GPU 4
[2026-07-01 01:33:52] device=cuda
[2026-07-01 01:33:52] hyperparams: {'dataset': 'CIFAR10', 'data_path': 'data', 'model': 'VGG13BN', 'out_dir': 'result/standard_nodistill', 'seed': 0, 'target_idx_file': None, 'dsa_strategy': 'color_crop_cutout_flip_scale_rotate', 'syn_data_path': 'result/res_DM_CIFAR10_ConvNet_50ipc.pt', 'surrogate_model': 'VGG13BN', 'num_surrogates': 4, 'surrogate_epochs': 80, 'surrogate_lr': 0.01, 'surrogate_bs': 256, 'attack': 'fc', 'class_pairs': ['dog-bird'], 'budget': 0.05, 'epsilon': 0.0313725, 'pgd_steps': 100, 'pgd_alpha': 0.0039216, 'restarts': 1, 'lambda_margin': 1.0, 'num_targets': 10, 'num_victims': 5, 'target_select': 'random', 'easy_targets': True, 'target_cache_dir': 'result/target_cache', 'parallel_victims': True, 'victim_epochs': 40, 'victim_lr': 0.1, 'victim_bs': 256, 'victim_decay': [35], 'victim_aug': False, 'clean_baseline': False, 'num_clean_victims': None, 'cache_dir': '', 'precompute_only': False, 'base_dist': 'l2', 'random_select': False, 'multilayer': True, 'curv_select': False, 'lambda_curv': 1.0, 'curv_damping': 1.0, 'curv_cg_iters': 10, 'curv_hessian_bs': 512, 'curv_cand_bs': 128, 'exact_select': True, 'if_damping': 0.01, 'if_cg_iters': 100, 'if_cg_tol': 0.0001, 'if_fd_h': 0.01, 'if_last_layer': False, 'if_hess_source': 'syn', 'if_hess_size': 512, 'if_max_surrogates': 1, 'verbose': True, 'single_surrogate': True, 'fast_gradmatch': False, 'surrogate_on_full_data': True, 'victim_pipelines': ['standard'], 'poison_cache_dir': '', 'log_file': ''}
[2026-07-01 01:33:52] victim pipelines (ablations): ['standard']
[2026-07-01 01:34:02] N_total=50000  budget=0.0500 -> N_p=2500 poisons (all in y_adv class)

[2026-07-01 01:34:02] === training 4 surrogates (VGG13BN) on FULL real data (80 ep each) across GPUs ['4', '5', '6', '7'] ===
[2026-07-01 01:35:56] Evaluate_00: epoch = 0080 train time = 105 s train loss = 0.000005 train acc = 1.0000, test acc = 0.8616
[2026-07-01 01:35:56] Evaluate_01: epoch = 0080 train time = 105 s train loss = 0.000004 train acc = 1.0000, test acc = 0.8545
[2026-07-01 01:35:56] Evaluate_02: epoch = 0080 train time = 105 s train loss = 0.000005 train acc = 1.0000, test acc = 0.8595
[2026-07-01 01:35:56] Evaluate_03: epoch = 0080 train time = 105 s train loss = 0.000004 train acc = 1.0000, test acc = 0.8603
[2026-07-01 01:35:56] exact-IF Hessian set = 512 real train images

[2026-07-01 01:35:56] ################ pair dog-bird : y_adv=5(dog)  target_class=2(bird) ################
  targets (easy, loaded cache result/target_cache/easy_targets_VGG13BN_dog-bird_n10_seed0.json): [(2632, 'cat'), (2804, 'cat'), (740, 'bird'), (9375, 'cat'), (1723, 'bird'), (9035, 'deer'), (3387, 'cat'), (5290, 'cat'), (8219, 'cat'), (4547, 'cat')]
      [exact] CG iters used per surrogate: [21]
  [dog-bird t1/10 idx=2632] fc craft_obj=0.0730 linf=0.0314
    [standard] victims: 5 across GPUs ['4', '5', '6', '7'] ... done
    [standard | dog-bird t1/10 idx=2632] poison_CTA=0.8407 poison_ASR=100%
      [exact] CG iters used per surrogate: [21]
  [dog-bird t2/10 idx=2804] fc craft_obj=0.0800 linf=0.0314
    [standard] victims: 5 across GPUs ['4', '5', '6', '7'] ... done
    [standard | dog-bird t2/10 idx=2804] poison_CTA=0.8432 poison_ASR=100%
      [exact] CG iters used per surrogate: [21]
  [dog-bird t3/10 idx=740] fc craft_obj=0.0678 linf=0.0314
    [standard] victims: 5 across GPUs ['4', '5', '6', '7'] ... done
    [standard | dog-bird t3/10 idx=740] poison_CTA=0.8342 poison_ASR=100%
      [exact] CG iters used per surrogate: [21]
  [dog-bird t4/10 idx=9375] fc craft_obj=0.0649 linf=0.0314
    [standard] victims: 5 across GPUs ['4', '5', '6', '7'] ... done
    [standard | dog-bird t4/10 idx=9375] poison_CTA=0.8427 poison_ASR=60%
      [exact] CG iters used per surrogate: [20]
  [dog-bird t5/10 idx=1723] fc craft_obj=0.0707 linf=0.0314
    [standard] victims: 5 across GPUs ['4', '5', '6', '7'] ... done
    [standard | dog-bird t5/10 idx=1723] poison_CTA=0.8358 poison_ASR=0%
      [exact] CG iters used per surrogate: [20]
  [dog-bird t6/10 idx=9035] fc craft_obj=0.0774 linf=0.0314
    [standard] victims: 5 across GPUs ['4', '5', '6', '7'] ... done
    [standard | dog-bird t6/10 idx=9035] poison_CTA=0.8486 poison_ASR=80%
      [exact] CG iters used per surrogate: [21]
  [dog-bird t7/10 idx=3387] fc craft_obj=0.0804 linf=0.0314
    [standard] victims: 5 across GPUs ['4', '5', '6', '7'] ... done
    [standard | dog-bird t7/10 idx=3387] poison_CTA=0.8422 poison_ASR=100%
      [exact] CG iters used per surrogate: [20]
  [dog-bird t8/10 idx=5290] fc craft_obj=0.0751 linf=0.0314
    [standard] victims: 5 across GPUs ['4', '5', '6', '7'] ... done
    [standard | dog-bird t8/10 idx=5290] poison_CTA=0.8433 poison_ASR=100%
      [exact] CG iters used per surrogate: [21]
  [dog-bird t9/10 idx=8219] fc craft_obj=0.0840 linf=0.0314
    [standard] victims: 5 across GPUs ['4', '5', '6', '7'] ... done
    [standard | dog-bird t9/10 idx=8219] poison_CTA=0.8383 poison_ASR=100%
      [exact] CG iters used per surrogate: [21]
  [dog-bird t10/10 idx=4547] fc craft_obj=0.0800 linf=0.0314
    [standard] victims: 5 across GPUs ['4', '5', '6', '7'] ... done
    [standard | dog-bird t10/10 idx=4547] poison_CTA=0.8419 poison_ASR=60%

  ==== pair dog-bird (fc) summary over 10 targets x 5 victims = 50 votes ====
    [standard                    ] poison CTA = 0.8411 +/- 0.0076   poison ASR = 80.0% +/- 40.0%
      tally (['airplane', 'automobile', 'bird', 'cat', 'deer', 'dog', 'frog', 'horse', 'ship', 'truck']): [0, 0, 1, 4, 3, 40, 0, 2, 0, 0]

[2026-07-01 01:55:32] wrote results_standard_nodistill_fc_VGG13BN_b500_eps8.{json,csv} to result/standard_nodistill
[2026-07-01 01:55:35] parallel victims ON: GPU pool=['4', '5', '6', '7'], parent pinned to GPU 4
[2026-07-01 01:55:36] device=cuda
[2026-07-01 01:55:36] hyperparams: {'dataset': 'CIFAR10', 'data_path': 'data', 'model': 'VGG13BN', 'out_dir': 'result/standard_nodistill', 'seed': 0, 'target_idx_file': None, 'dsa_strategy': 'color_crop_cutout_flip_scale_rotate', 'syn_data_path': 'result/res_DM_CIFAR10_ConvNet_50ipc.pt', 'surrogate_model': 'VGG13BN', 'num_surrogates': 4, 'surrogate_epochs': 80, 'surrogate_lr': 0.01, 'surrogate_bs': 256, 'attack': 'fc', 'class_pairs': ['dog-bird'], 'budget': 0.05, 'epsilon': 0.0313725, 'pgd_steps': 100, 'pgd_alpha': 0.0039216, 'restarts': 1, 'lambda_margin': 1.0, 'num_targets': 10, 'num_victims': 5, 'target_select': 'random', 'easy_targets': True, 'target_cache_dir': 'result/target_cache', 'parallel_victims': True, 'victim_epochs': 40, 'victim_lr': 0.1, 'victim_bs': 256, 'victim_decay': [35], 'victim_aug': False, 'clean_baseline': False, 'num_clean_victims': None, 'cache_dir': '', 'precompute_only': False, 'base_dist': 'l2', 'random_select': True, 'multilayer': True, 'curv_select': False, 'lambda_curv': 1.0, 'curv_damping': 1.0, 'curv_cg_iters': 10, 'curv_hessian_bs': 512, 'curv_cand_bs': 128, 'exact_select': False, 'if_damping': 0.01, 'if_cg_iters': 100, 'if_cg_tol': 0.0001, 'if_fd_h': 0.01, 'if_last_layer': False, 'if_hess_source': 'syn', 'if_hess_size': 0, 'if_max_surrogates': 0, 'verbose': False, 'single_surrogate': True, 'fast_gradmatch': False, 'surrogate_on_full_data': True, 'victim_pipelines': ['standard'], 'poison_cache_dir': '', 'log_file': ''}
[2026-07-01 01:55:36] victim pipelines (ablations): ['standard']
[2026-07-01 01:55:45] N_total=50000  budget=0.0500 -> N_p=2500 poisons (all in y_adv class)

[2026-07-01 01:55:45] === training 4 surrogates (VGG13BN) on FULL real data (80 ep each) across GPUs ['4', '5', '6', '7'] ===
[2026-07-01 01:57:39] Evaluate_00: epoch = 0080 train time = 106 s train loss = 0.000005 train acc = 1.0000, test acc = 0.8570
[2026-07-01 01:57:39] Evaluate_01: epoch = 0080 train time = 106 s train loss = 0.000005 train acc = 1.0000, test acc = 0.8557
[2026-07-01 01:57:39] Evaluate_02: epoch = 0080 train time = 105 s train loss = 0.000005 train acc = 1.0000, test acc = 0.8572
[2026-07-01 01:57:39] Evaluate_03: epoch = 0080 train time = 105 s train loss = 0.000006 train acc = 1.0000, test acc = 0.8610

[2026-07-01 01:57:40] ################ pair dog-bird : y_adv=5(dog)  target_class=2(bird) ################
  targets (easy, loaded cache result/target_cache/easy_targets_VGG13BN_dog-bird_n10_seed0.json): [(2632, 'cat'), (2804, 'cat'), (740, 'bird'), (9375, 'cat'), (1723, 'bird'), (9035, 'deer'), (3387, 'cat'), (5290, 'cat'), (8219, 'cat'), (4547, 'cat')]
  [dog-bird t1/10 idx=2632] fc craft_obj=0.0775 linf=0.0314
    [standard] victims: 5 across GPUs ['4', '5', '6', '7'] ... done
    [standard | dog-bird t1/10 idx=2632] poison_CTA=0.8479 poison_ASR=100%
  [dog-bird t2/10 idx=2804] fc craft_obj=0.0870 linf=0.0314
    [standard] victims: 5 across GPUs ['4', '5', '6', '7'] ... done
    [standard | dog-bird t2/10 idx=2804] poison_CTA=0.8386 poison_ASR=80%
  [dog-bird t3/10 idx=740] fc craft_obj=0.0929 linf=0.0314
    [standard] victims: 5 across GPUs ['4', '5', '6', '7'] ... done
    [standard | dog-bird t3/10 idx=740] poison_CTA=0.8424 poison_ASR=60%
  [dog-bird t4/10 idx=9375] fc craft_obj=0.0731 linf=0.0314
    [standard] victims: 5 across GPUs ['4', '5', '6', '7'] ... done
    [standard | dog-bird t4/10 idx=9375] poison_CTA=0.8389 poison_ASR=80%
  [dog-bird t5/10 idx=1723] fc craft_obj=0.0796 linf=0.0314
    [standard] victims: 5 across GPUs ['4', '5', '6', '7'] ... done
    [standard | dog-bird t5/10 idx=1723] poison_CTA=0.8488 poison_ASR=40%
  [dog-bird t6/10 idx=9035] fc craft_obj=0.0878 linf=0.0314
    [standard] victims: 5 across GPUs ['4', '5', '6', '7'] ... done
    [standard | dog-bird t6/10 idx=9035] poison_CTA=0.8387 poison_ASR=60%
  [dog-bird t7/10 idx=3387] fc craft_obj=0.0799 linf=0.0314
    [standard] victims: 5 across GPUs ['4', '5', '6', '7'] ... done
    [standard | dog-bird t7/10 idx=3387] poison_CTA=0.8384 poison_ASR=80%
  [dog-bird t8/10 idx=5290] fc craft_obj=0.0861 linf=0.0314
    [standard] victims: 5 across GPUs ['4', '5', '6', '7'] ... done
    [standard | dog-bird t8/10 idx=5290] poison_CTA=0.8466 poison_ASR=100%
  [dog-bird t9/10 idx=8219] fc craft_obj=0.0884 linf=0.0314
    [standard] victims: 5 across GPUs ['4', '5', '6', '7'] ... done
    [standard | dog-bird t9/10 idx=8219] poison_CTA=0.8471 poison_ASR=80%
  [dog-bird t10/10 idx=4547] fc craft_obj=0.0770 linf=0.0314
    [standard] victims: 5 across GPUs ['4', '5', '6', '7'] ... done
    [standard | dog-bird t10/10 idx=4547] poison_CTA=0.8351 poison_ASR=100%

  ==== pair dog-bird (fc) summary over 10 targets x 5 victims = 50 votes ====
    [standard                    ] poison CTA = 0.8422 +/- 0.0097   poison ASR = 78.0% +/- 41.4%
      tally (['airplane', 'automobile', 'bird', 'cat', 'deer', 'dog', 'frog', 'horse', 'ship', 'truck']): [0, 0, 3, 2, 2, 39, 0, 4, 0, 0]

[2026-07-01 02:17:09] wrote results_standard_nodistill_fc_VGG13BN_b500_eps8.{json,csv} to result/standard_nodistill
=== [2026-07-01 02:17:11] budget=0.02 ===
[2026-07-01 02:17:13] parallel victims ON: GPU pool=['4', '5', '6', '7'], parent pinned to GPU 4
[2026-07-01 02:17:15] device=cuda
[2026-07-01 02:17:15] hyperparams: {'dataset': 'CIFAR10', 'data_path': 'data', 'model': 'VGG13BN', 'out_dir': 'result/standard_nodistill', 'seed': 0, 'target_idx_file': None, 'dsa_strategy': 'color_crop_cutout_flip_scale_rotate', 'syn_data_path': 'result/res_DM_CIFAR10_ConvNet_50ipc.pt', 'surrogate_model': 'VGG13BN', 'num_surrogates': 4, 'surrogate_epochs': 80, 'surrogate_lr': 0.01, 'surrogate_bs': 256, 'attack': 'fc', 'class_pairs': ['dog-bird'], 'budget': 0.02, 'epsilon': 0.0313725, 'pgd_steps': 100, 'pgd_alpha': 0.0039216, 'restarts': 1, 'lambda_margin': 1.0, 'num_targets': 10, 'num_victims': 5, 'target_select': 'random', 'easy_targets': True, 'target_cache_dir': 'result/target_cache', 'parallel_victims': True, 'victim_epochs': 40, 'victim_lr': 0.1, 'victim_bs': 256, 'victim_decay': [35], 'victim_aug': False, 'clean_baseline': False, 'num_clean_victims': None, 'cache_dir': '', 'precompute_only': False, 'base_dist': 'l2', 'random_select': False, 'multilayer': True, 'curv_select': False, 'lambda_curv': 1.0, 'curv_damping': 1.0, 'curv_cg_iters': 10, 'curv_hessian_bs': 512, 'curv_cand_bs': 128, 'exact_select': True, 'if_damping': 0.01, 'if_cg_iters': 100, 'if_cg_tol': 0.0001, 'if_fd_h': 0.01, 'if_last_layer': False, 'if_hess_source': 'syn', 'if_hess_size': 512, 'if_max_surrogates': 1, 'verbose': True, 'single_surrogate': True, 'fast_gradmatch': False, 'surrogate_on_full_data': True, 'victim_pipelines': ['standard'], 'poison_cache_dir': '', 'log_file': ''}
[2026-07-01 02:17:15] victim pipelines (ablations): ['standard']
[2026-07-01 02:17:24] N_total=50000  budget=0.0200 -> N_p=1000 poisons (all in y_adv class)

[2026-07-01 02:17:24] === training 4 surrogates (VGG13BN) on FULL real data (80 ep each) across GPUs ['4', '5', '6', '7'] ===
[2026-07-01 02:19:18] Evaluate_00: epoch = 0080 train time = 106 s train loss = 0.000005 train acc = 1.0000, test acc = 0.8583
[2026-07-01 02:19:18] Evaluate_01: epoch = 0080 train time = 106 s train loss = 0.000005 train acc = 1.0000, test acc = 0.8531
[2026-07-01 02:19:18] Evaluate_02: epoch = 0080 train time = 105 s train loss = 0.000006 train acc = 1.0000, test acc = 0.8578
[2026-07-01 02:19:18] Evaluate_03: epoch = 0080 train time = 105 s train loss = 0.000005 train acc = 1.0000, test acc = 0.8564
[2026-07-01 02:19:18] exact-IF Hessian set = 512 real train images

[2026-07-01 02:19:18] ################ pair dog-bird : y_adv=5(dog)  target_class=2(bird) ################
  targets (easy, loaded cache result/target_cache/easy_targets_VGG13BN_dog-bird_n10_seed0.json): [(2632, 'cat'), (2804, 'cat'), (740, 'bird'), (9375, 'cat'), (1723, 'bird'), (9035, 'deer'), (3387, 'cat'), (5290, 'cat'), (8219, 'cat'), (4547, 'cat')]
      [exact] CG iters used per surrogate: [22]
  [dog-bird t1/10 idx=2632] fc craft_obj=0.0694 linf=0.0314
    [standard] victims: 5 across GPUs ['4', '5', '6', '7'] ... done
    [standard | dog-bird t1/10 idx=2632] poison_CTA=0.8389 poison_ASR=80%
      [exact] CG iters used per surrogate: [21]
  [dog-bird t2/10 idx=2804] fc craft_obj=0.0781 linf=0.0314
    [standard] victims: 5 across GPUs ['4', '5', '6', '7'] ... done
    [standard | dog-bird t2/10 idx=2804] poison_CTA=0.8364 poison_ASR=20%
      [exact] CG iters used per surrogate: [21]
  [dog-bird t3/10 idx=740] fc craft_obj=0.0818 linf=0.0314
    [standard] victims: 5 across GPUs ['4', '5', '6', '7'] ... done
    [standard | dog-bird t3/10 idx=740] poison_CTA=0.8484 poison_ASR=100%
      [exact] CG iters used per surrogate: [22]
  [dog-bird t4/10 idx=9375] fc craft_obj=0.0674 linf=0.0314
    [standard] victims: 5 across GPUs ['4', '5', '6', '7'] ... done
    [standard | dog-bird t4/10 idx=9375] poison_CTA=0.8471 poison_ASR=100%
      [exact] CG iters used per surrogate: [22]
  [dog-bird t5/10 idx=1723] fc craft_obj=0.0687 linf=0.0314
    [standard] victims: 5 across GPUs ['4', '5', '6', '7'] ... done
    [standard | dog-bird t5/10 idx=1723] poison_CTA=0.8327 poison_ASR=80%
      [exact] CG iters used per surrogate: [21]
  [dog-bird t6/10 idx=9035] fc craft_obj=0.0894 linf=0.0314
    [standard] victims: 5 across GPUs ['4', '5', '6', '7'] ... done
    [standard | dog-bird t6/10 idx=9035] poison_CTA=0.8497 poison_ASR=100%
      [exact] CG iters used per surrogate: [22]
  [dog-bird t7/10 idx=3387] fc craft_obj=0.0746 linf=0.0314
    [standard] victims: 5 across GPUs ['4', '5', '6', '7'] ... done
    [standard | dog-bird t7/10 idx=3387] poison_CTA=0.8431 poison_ASR=100%
      [exact] CG iters used per surrogate: [22]
  [dog-bird t8/10 idx=5290] fc craft_obj=0.0835 linf=0.0314
    [standard] victims: 5 across GPUs ['4', '5', '6', '7'] ... done
    [standard | dog-bird t8/10 idx=5290] poison_CTA=0.8482 poison_ASR=80%
      [exact] CG iters used per surrogate: [21]
  [dog-bird t9/10 idx=8219] fc craft_obj=0.0918 linf=0.0314
    [standard] victims: 5 across GPUs ['4', '5', '6', '7'] ... done
    [standard | dog-bird t9/10 idx=8219] poison_CTA=0.8512 poison_ASR=80%
      [exact] CG iters used per surrogate: [22]
  [dog-bird t10/10 idx=4547] fc craft_obj=0.0830 linf=0.0314
    [standard] victims: 5 across GPUs ['4', '5', '6', '7'] ... done
    [standard | dog-bird t10/10 idx=4547] poison_CTA=0.8313 poison_ASR=100%

  ==== pair dog-bird (fc) summary over 10 targets x 5 victims = 50 votes ====
    [standard                    ] poison CTA = 0.8427 +/- 0.0124   poison ASR = 84.0% +/- 36.7%
      tally (['airplane', 'automobile', 'bird', 'cat', 'deer', 'dog', 'frog', 'horse', 'ship', 'truck']): [0, 0, 1, 3, 1, 42, 0, 3, 0, 0]

[2026-07-01 02:38:37] wrote results_standard_nodistill_fc_VGG13BN_b200_eps8.{json,csv} to result/standard_nodistill
[2026-07-01 02:38:40] parallel victims ON: GPU pool=['4', '5', '6', '7'], parent pinned to GPU 4
[2026-07-01 02:38:41] device=cuda
[2026-07-01 02:38:41] hyperparams: {'dataset': 'CIFAR10', 'data_path': 'data', 'model': 'VGG13BN', 'out_dir': 'result/standard_nodistill', 'seed': 0, 'target_idx_file': None, 'dsa_strategy': 'color_crop_cutout_flip_scale_rotate', 'syn_data_path': 'result/res_DM_CIFAR10_ConvNet_50ipc.pt', 'surrogate_model': 'VGG13BN', 'num_surrogates': 4, 'surrogate_epochs': 80, 'surrogate_lr': 0.01, 'surrogate_bs': 256, 'attack': 'fc', 'class_pairs': ['dog-bird'], 'budget': 0.02, 'epsilon': 0.0313725, 'pgd_steps': 100, 'pgd_alpha': 0.0039216, 'restarts': 1, 'lambda_margin': 1.0, 'num_targets': 10, 'num_victims': 5, 'target_select': 'random', 'easy_targets': True, 'target_cache_dir': 'result/target_cache', 'parallel_victims': True, 'victim_epochs': 40, 'victim_lr': 0.1, 'victim_bs': 256, 'victim_decay': [35], 'victim_aug': False, 'clean_baseline': False, 'num_clean_victims': None, 'cache_dir': '', 'precompute_only': False, 'base_dist': 'l2', 'random_select': True, 'multilayer': True, 'curv_select': False, 'lambda_curv': 1.0, 'curv_damping': 1.0, 'curv_cg_iters': 10, 'curv_hessian_bs': 512, 'curv_cand_bs': 128, 'exact_select': False, 'if_damping': 0.01, 'if_cg_iters': 100, 'if_cg_tol': 0.0001, 'if_fd_h': 0.01, 'if_last_layer': False, 'if_hess_source': 'syn', 'if_hess_size': 0, 'if_max_surrogates': 0, 'verbose': False, 'single_surrogate': True, 'fast_gradmatch': False, 'surrogate_on_full_data': True, 'victim_pipelines': ['standard'], 'poison_cache_dir': '', 'log_file': ''}
[2026-07-01 02:38:41] victim pipelines (ablations): ['standard']
[2026-07-01 02:38:50] N_total=50000  budget=0.0200 -> N_p=1000 poisons (all in y_adv class)

[2026-07-01 02:38:50] === training 4 surrogates (VGG13BN) on FULL real data (80 ep each) across GPUs ['4', '5', '6', '7'] ===
[2026-07-01 02:40:42] Evaluate_00: epoch = 0080 train time = 106 s train loss = 0.000004 train acc = 1.0000, test acc = 0.8556
[2026-07-01 02:40:42] Evaluate_01: epoch = 0080 train time = 105 s train loss = 0.000006 train acc = 1.0000, test acc = 0.8561
[2026-07-01 02:40:42] Evaluate_02: epoch = 0080 train time = 105 s train loss = 0.000005 train acc = 1.0000, test acc = 0.8585
[2026-07-01 02:40:42] Evaluate_03: epoch = 0080 train time = 105 s train loss = 0.000004 train acc = 1.0000, test acc = 0.8576

[2026-07-01 02:40:42] ################ pair dog-bird : y_adv=5(dog)  target_class=2(bird) ################
  targets (easy, loaded cache result/target_cache/easy_targets_VGG13BN_dog-bird_n10_seed0.json): [(2632, 'cat'), (2804, 'cat'), (740, 'bird'), (9375, 'cat'), (1723, 'bird'), (9035, 'deer'), (3387, 'cat'), (5290, 'cat'), (8219, 'cat'), (4547, 'cat')]
  [dog-bird t1/10 idx=2632] fc craft_obj=0.0770 linf=0.0314
    [standard] victims: 5 across GPUs ['4', '5', '6', '7'] ... done
    [standard | dog-bird t1/10 idx=2632] poison_CTA=0.8495 poison_ASR=100%
  [dog-bird t2/10 idx=2804] fc craft_obj=0.0821 linf=0.0314
    [standard] victims: 5 across GPUs ['4', '5', '6', '7'] ... done
    [standard | dog-bird t2/10 idx=2804] poison_CTA=0.8471 poison_ASR=80%
  [dog-bird t3/10 idx=740] fc craft_obj=0.0832 linf=0.0314
    [standard] victims: 5 across GPUs ['4', '5', '6', '7'] ... done
    [standard | dog-bird t3/10 idx=740] poison_CTA=0.8496 poison_ASR=80%
  [dog-bird t4/10 idx=9375] fc craft_obj=0.0729 linf=0.0314
    [standard] victims: 5 across GPUs ['4', '5', '6', '7'] ... done
    [standard | dog-bird t4/10 idx=9375] poison_CTA=0.8479 poison_ASR=80%
  [dog-bird t5/10 idx=1723] fc craft_obj=0.0769 linf=0.0314
    [standard] victims: 5 across GPUs ['4', '5', '6', '7'] ... done
    [standard | dog-bird t5/10 idx=1723] poison_CTA=0.8400 poison_ASR=40%
  [dog-bird t6/10 idx=9035] fc craft_obj=0.0818 linf=0.0314
    [standard] victims: 5 across GPUs ['4', '5', '6', '7'] ... done
    [standard | dog-bird t6/10 idx=9035] poison_CTA=0.8478 poison_ASR=20%
  [dog-bird t7/10 idx=3387] fc craft_obj=0.0851 linf=0.0314
    [standard] victims: 5 across GPUs ['4', '5', '6', '7'] ... done
    [standard | dog-bird t7/10 idx=3387] poison_CTA=0.8450 poison_ASR=60%
  [dog-bird t8/10 idx=5290] fc craft_obj=0.0826 linf=0.0314
    [standard] victims: 5 across GPUs ['4', '5', '6', '7'] ... done
    [standard | dog-bird t8/10 idx=5290] poison_CTA=0.8466 poison_ASR=100%
  [dog-bird t9/10 idx=8219] fc craft_obj=0.0858 linf=0.0314
    [standard] victims: 5 across GPUs ['4', '5', '6', '7'] ... done
    [standard | dog-bird t9/10 idx=8219] poison_CTA=0.8448 poison_ASR=40%
  [dog-bird t10/10 idx=4547] fc craft_obj=0.0828 linf=0.0314
    [standard] victims: 5 across GPUs ['4', '5', '6', '7'] ... done
    [standard | dog-bird t10/10 idx=4547] poison_CTA=0.8491 poison_ASR=60%

  ==== pair dog-bird (fc) summary over 10 targets x 5 victims = 50 votes ====
    [standard                    ] poison CTA = 0.8467 +/- 0.0081   poison ASR = 66.0% +/- 47.4%
      tally (['airplane', 'automobile', 'bird', 'cat', 'deer', 'dog', 'frog', 'horse', 'ship', 'truck']): [0, 0, 5, 4, 3, 33, 1, 4, 0, 0]

[2026-07-01 02:59:29] wrote results_standard_nodistill_fc_VGG13BN_b200_eps8.{json,csv} to result/standard_nodistill
=== [2026-07-01 02:59:30] budget=0.01 ===
[2026-07-01 02:59:32] parallel victims ON: GPU pool=['4', '5', '6', '7'], parent pinned to GPU 4
[2026-07-01 02:59:32] device=cuda
[2026-07-01 02:59:32] hyperparams: {'dataset': 'CIFAR10', 'data_path': 'data', 'model': 'VGG13BN', 'out_dir': 'result/standard_nodistill', 'seed': 0, 'target_idx_file': None, 'dsa_strategy': 'color_crop_cutout_flip_scale_rotate', 'syn_data_path': 'result/res_DM_CIFAR10_ConvNet_50ipc.pt', 'surrogate_model': 'VGG13BN', 'num_surrogates': 4, 'surrogate_epochs': 80, 'surrogate_lr': 0.01, 'surrogate_bs': 256, 'attack': 'fc', 'class_pairs': ['dog-bird'], 'budget': 0.01, 'epsilon': 0.0313725, 'pgd_steps': 100, 'pgd_alpha': 0.0039216, 'restarts': 1, 'lambda_margin': 1.0, 'num_targets': 10, 'num_victims': 5, 'target_select': 'random', 'easy_targets': True, 'target_cache_dir': 'result/target_cache', 'parallel_victims': True, 'victim_epochs': 40, 'victim_lr': 0.1, 'victim_bs': 256, 'victim_decay': [35], 'victim_aug': False, 'clean_baseline': False, 'num_clean_victims': None, 'cache_dir': '', 'precompute_only': False, 'base_dist': 'l2', 'random_select': False, 'multilayer': True, 'curv_select': False, 'lambda_curv': 1.0, 'curv_damping': 1.0, 'curv_cg_iters': 10, 'curv_hessian_bs': 512, 'curv_cand_bs': 128, 'exact_select': True, 'if_damping': 0.01, 'if_cg_iters': 100, 'if_cg_tol': 0.0001, 'if_fd_h': 0.01, 'if_last_layer': False, 'if_hess_source': 'syn', 'if_hess_size': 512, 'if_max_surrogates': 1, 'verbose': True, 'single_surrogate': True, 'fast_gradmatch': False, 'surrogate_on_full_data': True, 'victim_pipelines': ['standard'], 'poison_cache_dir': '', 'log_file': ''}
[2026-07-01 02:59:32] victim pipelines (ablations): ['standard']
[2026-07-01 02:59:42] N_total=50000  budget=0.0100 -> N_p=500 poisons (all in y_adv class)

[2026-07-01 02:59:42] === training 4 surrogates (VGG13BN) on FULL real data (80 ep each) across GPUs ['4', '5', '6', '7'] ===
[2026-07-01 03:01:34] Evaluate_00: epoch = 0080 train time = 106 s train loss = 0.000005 train acc = 1.0000, test acc = 0.8614
[2026-07-01 03:01:34] Evaluate_01: epoch = 0080 train time = 105 s train loss = 0.000006 train acc = 1.0000, test acc = 0.8571
[2026-07-01 03:01:34] Evaluate_02: epoch = 0080 train time = 105 s train loss = 0.000005 train acc = 1.0000, test acc = 0.8565
[2026-07-01 03:01:34] Evaluate_03: epoch = 0080 train time = 105 s train loss = 0.000005 train acc = 1.0000, test acc = 0.8537
[2026-07-01 03:01:34] exact-IF Hessian set = 512 real train images

[2026-07-01 03:01:34] ################ pair dog-bird : y_adv=5(dog)  target_class=2(bird) ################
  targets (easy, loaded cache result/target_cache/easy_targets_VGG13BN_dog-bird_n10_seed0.json): [(2632, 'cat'), (2804, 'cat'), (740, 'bird'), (9375, 'cat'), (1723, 'bird'), (9035, 'deer'), (3387, 'cat'), (5290, 'cat'), (8219, 'cat'), (4547, 'cat')]
      [exact] CG iters used per surrogate: [19]
  [dog-bird t1/10 idx=2632] fc craft_obj=0.0691 linf=0.0314
    [standard] victims: 5 across GPUs ['4', '5', '6', '7'] ... done
    [standard | dog-bird t1/10 idx=2632] poison_CTA=0.8476 poison_ASR=80%
      [exact] CG iters used per surrogate: [18]
  [dog-bird t2/10 idx=2804] fc craft_obj=0.0836 linf=0.0314
    [standard] victims: 5 across GPUs ['4', '5', '6', '7'] ... done
    [standard | dog-bird t2/10 idx=2804] poison_CTA=0.8511 poison_ASR=80%
      [exact] CG iters used per surrogate: [18]
  [dog-bird t3/10 idx=740] fc craft_obj=0.0833 linf=0.0314
    [standard] victims: 5 across GPUs ['4', '5', '6', '7'] ... done
    [standard | dog-bird t3/10 idx=740] poison_CTA=0.8407 poison_ASR=20%
      [exact] CG iters used per surrogate: [19]
  [dog-bird t4/10 idx=9375] fc craft_obj=0.0694 linf=0.0314
    [standard] victims: 5 across GPUs ['4', '5', '6', '7'] ... done
    [standard | dog-bird t4/10 idx=9375] poison_CTA=0.8478 poison_ASR=60%
      [exact] CG iters used per surrogate: [19]
  [dog-bird t5/10 idx=1723] fc craft_obj=0.0765 linf=0.0314
    [standard] victims: 5 across GPUs ['4', '5', '6', '7'] ... done
    [standard | dog-bird t5/10 idx=1723] poison_CTA=0.8528 poison_ASR=80%
      [exact] CG iters used per surrogate: [19]
  [dog-bird t6/10 idx=9035] fc craft_obj=0.0794 linf=0.0314
    [standard] victims: 5 across GPUs ['4', '5', '6', '7'] ... done
    [standard | dog-bird t6/10 idx=9035] poison_CTA=0.8386 poison_ASR=80%
      [exact] CG iters used per surrogate: [19]
  [dog-bird t7/10 idx=3387] fc craft_obj=0.0681 linf=0.0314
    [standard] victims: 5 across GPUs ['4', '5', '6', '7'] ... done
    [standard | dog-bird t7/10 idx=3387] poison_CTA=0.8448 poison_ASR=100%
      [exact] CG iters used per surrogate: [19]
  [dog-bird t8/10 idx=5290] fc craft_obj=0.0789 linf=0.0314
    [standard] victims: 5 across GPUs ['4', '5', '6', '7'] ... done
    [standard | dog-bird t8/10 idx=5290] poison_CTA=0.8471 poison_ASR=80%
      [exact] CG iters used per surrogate: [19]
  [dog-bird t9/10 idx=8219] fc craft_obj=0.0798 linf=0.0314
    [standard] victims: 5 across GPUs ['4', '5', '6', '7'] ... done
    [standard | dog-bird t9/10 idx=8219] poison_CTA=0.8548 poison_ASR=100%
      [exact] CG iters used per surrogate: [18]
  [dog-bird t10/10 idx=4547] fc craft_obj=0.0731 linf=0.0314
    [standard] victims: 5 across GPUs ['4', '5', '6', '7'] ... done
    [standard | dog-bird t10/10 idx=4547] poison_CTA=0.8428 poison_ASR=80%

  ==== pair dog-bird (fc) summary over 10 targets x 5 victims = 50 votes ====
    [standard                    ] poison CTA = 0.8468 +/- 0.0091   poison ASR = 76.0% +/- 42.7%
      tally (['airplane', 'automobile', 'bird', 'cat', 'deer', 'dog', 'frog', 'horse', 'ship', 'truck']): [0, 0, 5, 3, 3, 38, 0, 1, 0, 0]

[2026-07-01 03:20:25] wrote results_standard_nodistill_fc_VGG13BN_b100_eps8.{json,csv} to result/standard_nodistill
[2026-07-01 03:20:28] parallel victims ON: GPU pool=['4', '5', '6', '7'], parent pinned to GPU 4
[2026-07-01 03:20:28] device=cuda
[2026-07-01 03:20:28] hyperparams: {'dataset': 'CIFAR10', 'data_path': 'data', 'model': 'VGG13BN', 'out_dir': 'result/standard_nodistill', 'seed': 0, 'target_idx_file': None, 'dsa_strategy': 'color_crop_cutout_flip_scale_rotate', 'syn_data_path': 'result/res_DM_CIFAR10_ConvNet_50ipc.pt', 'surrogate_model': 'VGG13BN', 'num_surrogates': 4, 'surrogate_epochs': 80, 'surrogate_lr': 0.01, 'surrogate_bs': 256, 'attack': 'fc', 'class_pairs': ['dog-bird'], 'budget': 0.01, 'epsilon': 0.0313725, 'pgd_steps': 100, 'pgd_alpha': 0.0039216, 'restarts': 1, 'lambda_margin': 1.0, 'num_targets': 10, 'num_victims': 5, 'target_select': 'random', 'easy_targets': True, 'target_cache_dir': 'result/target_cache', 'parallel_victims': True, 'victim_epochs': 40, 'victim_lr': 0.1, 'victim_bs': 256, 'victim_decay': [35], 'victim_aug': False, 'clean_baseline': False, 'num_clean_victims': None, 'cache_dir': '', 'precompute_only': False, 'base_dist': 'l2', 'random_select': True, 'multilayer': True, 'curv_select': False, 'lambda_curv': 1.0, 'curv_damping': 1.0, 'curv_cg_iters': 10, 'curv_hessian_bs': 512, 'curv_cand_bs': 128, 'exact_select': False, 'if_damping': 0.01, 'if_cg_iters': 100, 'if_cg_tol': 0.0001, 'if_fd_h': 0.01, 'if_last_layer': False, 'if_hess_source': 'syn', 'if_hess_size': 0, 'if_max_surrogates': 0, 'verbose': False, 'single_surrogate': True, 'fast_gradmatch': False, 'surrogate_on_full_data': True, 'victim_pipelines': ['standard'], 'poison_cache_dir': '', 'log_file': ''}
[2026-07-01 03:20:28] victim pipelines (ablations): ['standard']
[2026-07-01 03:20:37] N_total=50000  budget=0.0100 -> N_p=500 poisons (all in y_adv class)

[2026-07-01 03:20:37] === training 4 surrogates (VGG13BN) on FULL real data (80 ep each) across GPUs ['4', '5', '6', '7'] ===
[2026-07-01 03:22:29] Evaluate_00: epoch = 0080 train time = 106 s train loss = 0.000005 train acc = 1.0000, test acc = 0.8533
[2026-07-01 03:22:29] Evaluate_01: epoch = 0080 train time = 105 s train loss = 0.000004 train acc = 1.0000, test acc = 0.8564
[2026-07-01 03:22:29] Evaluate_02: epoch = 0080 train time = 105 s train loss = 0.000005 train acc = 1.0000, test acc = 0.8557
[2026-07-01 03:22:29] Evaluate_03: epoch = 0080 train time = 105 s train loss = 0.000005 train acc = 1.0000, test acc = 0.8553

[2026-07-01 03:22:29] ################ pair dog-bird : y_adv=5(dog)  target_class=2(bird) ################
  targets (easy, loaded cache result/target_cache/easy_targets_VGG13BN_dog-bird_n10_seed0.json): [(2632, 'cat'), (2804, 'cat'), (740, 'bird'), (9375, 'cat'), (1723, 'bird'), (9035, 'deer'), (3387, 'cat'), (5290, 'cat'), (8219, 'cat'), (4547, 'cat')]
  [dog-bird t1/10 idx=2632] fc craft_obj=0.0748 linf=0.0314
    [standard] victims: 5 across GPUs ['4', '5', '6', '7'] ... done
    [standard | dog-bird t1/10 idx=2632] poison_CTA=0.8565 poison_ASR=80%
  [dog-bird t2/10 idx=2804] fc craft_obj=0.0888 linf=0.0314
    [standard] victims: 5 across GPUs ['4', '5', '6', '7'] ... done
    [standard | dog-bird t2/10 idx=2804] poison_CTA=0.8441 poison_ASR=60%
  [dog-bird t3/10 idx=740] fc craft_obj=0.0836 linf=0.0314
    [standard] victims: 5 across GPUs ['4', '5', '6', '7'] ... 