=== main_FC.sh started 2026-07-02 14:05:32 — logging to logs/main_FC_20260702_140532.log ===
=== [2026-07-02 14:05:32] budget=0.01 ===
[2026-07-02 14:05:38] --parallel_victims set but <2 GPUs in CUDA_VISIBLE_DEVICES ('0'); running victims sequentially
[2026-07-02 14:05:38] device=cuda
[2026-07-02 14:05:38] hyperparams: {'dataset': 'CIFAR10', 'data_path': '/home/mmoslem3/scratch/data', 'model': 'ConvNetBN', 'out_dir': 'result/standard_nodistill', 'seed': 0, 'target_idx_file': None, 'dsa_strategy': 'color_crop_cutout_flip_scale_rotate', 'syn_data_path': 'result/res_DM_CIFAR10_ConvNet_50ipc.pt', 'surrogate_model': 'ConvNetBN', 'num_surrogates': 4, 'surrogate_epochs': 80, 'surrogate_lr': 0.01, 'surrogate_bs': 256, 'attack': 'fc', 'class_pairs': ['frog-airplane'], 'budget': 0.01, 'epsilon': 0.0313725, 'pgd_steps': 100, 'pgd_alpha': 0.0039216, 'restarts': 1, 'lambda_margin': 1.0, 'num_targets': 10, 'num_victims': 5, 'target_select': 'random', 'easy_targets': True, 'target_cache_dir': 'result/target_cache', 'parallel_victims': True, 'victim_epochs': 40, 'victim_lr': 0.1, 'victim_bs': 256, 'victim_decay': [35], 'victim_aug': False, 'clean_baseline': False, 'num_clean_victims': None, 'cache_dir': '', 'precompute_only': False, 'base_dist': 'l2', 'random_select': True, 'multilayer': True, 'curv_select': False, 'lambda_curv': 1.0, 'curv_damping': 1.0, 'curv_cg_iters': 10, 'curv_hessian_bs': 512, 'curv_cand_bs': 128, 'exact_select': False, 'if_damping': 0.01, 'if_cg_iters': 100, 'if_cg_tol': 0.0001, 'if_fd_h': 0.01, 'if_last_layer': False, 'if_hess_source': 'syn', 'if_hess_size': 0, 'if_max_surrogates': 0, 'verbose': False, 'single_surrogate': True, 'fast_gradmatch': False, 'surrogate_on_full_data': True, 'victim_pipelines': ['standard'], 'poison_cache_dir': '', 'log_file': ''}
[2026-07-02 14:05:38] victim pipelines (ablations): ['standard']
[2026-07-02 14:05:50] N_total=50000  budget=0.0100 -> N_p=500 poisons (all in y_adv class)

[2026-07-02 14:05:50] === training 4 surrogates (ConvNetBN) on FULL real data (80 ep each) ===
[2026-07-02 14:07:33] Evaluate_00: epoch = 0080 train time = 101 s train loss = 0.002273 train acc = 1.0000, test acc = 0.8359
[2026-07-02 14:09:15] Evaluate_01: epoch = 0080 train time = 101 s train loss = 0.002260 train acc = 1.0000, test acc = 0.8294
[2026-07-02 14:10:57] Evaluate_02: epoch = 0080 train time = 101 s train loss = 0.002271 train acc = 1.0000, test acc = 0.8274
[2026-07-02 14:12:39] Evaluate_03: epoch = 0080 train time = 101 s train loss = 0.002306 train acc = 1.0000, test acc = 0.8294

[2026-07-02 14:12:39] ################ pair frog-airplane : y_adv=6(frog)  target_class=0(airplane) ################
  targets (easy, loaded cache result/target_cache/easy_targets_ConvNetBN_frog-airplane_n10_seed0.json): [(2442, 'deer'), (4903, 'bird'), (2533, 'ship'), (2130, 'airplane'), (5458, 'cat'), (1644, 'bird'), (7344, 'deer'), (7446, 'dog'), (5411, 'bird'), (8542, 'bird')]
  [frog-airplane t1/10 idx=2442] fc craft_obj=0.3716 linf=0.0314
    [standard] victims: v1 done, v2 done, v3 done, v4 done, v5 done
    [standard | frog-airplane t1/10 idx=2442] poison_CTA=0.8051 poison_ASR=80%
  [frog-airplane t2/10 idx=4903] fc craft_obj=0.3742 linf=0.0314
    [standard] victims: v1 done, v2 done, v3 done, v4 done, v5 done
    [standard | frog-airplane t2/10 idx=4903] poison_CTA=0.8141 poison_ASR=100%
  [frog-airplane t3/10 idx=2533] fc craft_obj=0.3613 linf=0.0314
    [standard] victims: v1 done, v2 done, v3 done, v4 done, v5 done
    [standard | frog-airplane t3/10 idx=2533] poison_CTA=0.8142 poison_ASR=60%
  [frog-airplane t4/10 idx=2130] fc craft_obj=0.7323 linf=0.0314
    [standard] victims: v1 done, v2 done, v3 done, v4 done, v5 done
    [standard | frog-airplane t4/10 idx=2130] poison_CTA=0.8156 poison_ASR=60%
  [frog-airplane t5/10 idx=5458] fc craft_obj=0.4050 linf=0.0314
    [standard] victims: v1 done, v2 done, v3 done, v4 done, v5 done
    [standard | frog-airplane t5/10 idx=5458] poison_CTA=0.8139 poison_ASR=100%
  [frog-airplane t6/10 idx=1644] fc craft_obj=0.3533 linf=0.0314
    [standard] victims: v1 done, v2 done, v3 done, v4 done, v5 done
    [standard | frog-airplane t6/10 idx=1644] poison_CTA=0.8138 poison_ASR=80%
  [frog-airplane t7/10 idx=7344] fc craft_obj=0.3415 linf=0.0314
    [standard] victims: v1 done, v2 done, v3 done, v4 done, v5 done
    [standard | frog-airplane t7/10 idx=7344] poison_CTA=0.8105 poison_ASR=100%
  [frog-airplane t8/10 idx=7446] fc craft_obj=0.4342 linf=0.0314
    [standard] victims: v1 done, v2 done, v3 done, v4 done, v5 done
    [standard | frog-airplane t8/10 idx=7446] poison_CTA=0.8119 poison_ASR=80%
  [frog-airplane t9/10 idx=5411] fc craft_obj=0.3616 linf=0.0314
    [standard] victims: v1 done, v2 done, v3 done, v4 done, v5 done
    [standard | frog-airplane t9/10 idx=5411] poison_CTA=0.8005 poison_ASR=100%
  [frog-airplane t10/10 idx=8542] fc craft_obj=0.3513 linf=0.0314
    [standard] victims: v1 done, v2 done, v3 done, v4 done, v5 done
    [standard | frog-airplane t10/10 idx=8542] poison_CTA=0.8128 poison_ASR=80%

  ==== pair frog-airplane (fc) summary over 10 targets x 5 victims = 50 votes ====
    [standard                    ] poison CTA = 0.8112 +/- 0.0082   poison ASR = 84.0% +/- 36.7%
      tally (['airplane', 'automobile', 'bird', 'cat', 'deer', 'dog', 'frog', 'horse', 'ship', 'truck']): [2, 1, 1, 1, 1, 2, 42, 0, 0, 0]

[2026-07-02 14:55:05] wrote results_standard_nodistill_fc_ConvNetBN_b100_eps8.{json,csv} to result/standard_nodistill
=== main_FC.sh finished 2026-07-02 14:55:05 — log: logs/main_FC_20260702_140532.log ===
