=== main_FC.sh started 2026-07-01 17:36:38 — logging to logs/main_FC_20260701_173638.log ===
=== [2026-07-01 17:36:38] budget=0.005 ===
[2026-07-01 17:36:41] --parallel_victims set but <2 GPUs in CUDA_VISIBLE_DEVICES ('0'); running victims sequentially
[2026-07-01 17:36:41] device=cuda
[2026-07-01 17:36:41] hyperparams: {'dataset': 'CIFAR10', 'data_path': '/home/mmoslem3/scratch/data', 'model': 'VGG13BN', 'out_dir': 'result/standard_nodistill', 'seed': 0, 'target_idx_file': None, 'dsa_strategy': 'color_crop_cutout_flip_scale_rotate', 'syn_data_path': 'result/res_DM_CIFAR10_ConvNet_50ipc.pt', 'surrogate_model': 'VGG13BN', 'num_surrogates': 4, 'surrogate_epochs': 80, 'surrogate_lr': 0.01, 'surrogate_bs': 256, 'attack': 'gradmatch', 'class_pairs': ['dog-bird'], 'budget': 0.005, 'epsilon': 0.0313725, 'pgd_steps': 100, 'pgd_alpha': 0.0039216, 'restarts': 4, 'lambda_margin': 1.0, 'num_targets': 10, 'num_victims': 5, 'target_select': 'random', 'easy_targets': True, 'target_cache_dir': 'result/target_cache', 'parallel_victims': True, 'victim_epochs': 40, 'victim_lr': 0.1, 'victim_bs': 256, 'victim_decay': [35], 'victim_aug': False, 'clean_baseline': False, 'num_clean_victims': None, 'cache_dir': '', 'precompute_only': False, 'base_dist': 'l2', 'random_select': True, 'multilayer': True, 'curv_select': False, 'lambda_curv': 1.0, 'curv_damping': 1.0, 'curv_cg_iters': 10, 'curv_hessian_bs': 512, 'curv_cand_bs': 128, 'exact_select': False, 'if_damping': 0.01, 'if_cg_iters': 100, 'if_cg_tol': 0.0001, 'if_fd_h': 0.01, 'if_last_layer': False, 'if_hess_source': 'syn', 'if_hess_size': 0, 'if_max_surrogates': 0, 'verbose': False, 'single_surrogate': True, 'fast_gradmatch': False, 'surrogate_on_full_data': True, 'victim_pipelines': ['standard'], 'poison_cache_dir': '', 'log_file': ''}
[2026-07-01 17:36:41] victim pipelines (ablations): ['standard']
[2026-07-01 17:36:54] N_total=50000  budget=0.0050 -> N_p=250 poisons (all in y_adv class)

[2026-07-01 17:36:54] === training 4 surrogates (VGG13BN) on FULL real data (80 ep each) ===
[2026-07-01 17:39:53] Evaluate_00: epoch = 0080 train time = 178 s train loss = 0.000005 train acc = 1.0000, test acc = 0.8532
[2026-07-01 17:42:53] Evaluate_01: epoch = 0080 train time = 178 s train loss = 0.000006 train acc = 1.0000, test acc = 0.8592
[2026-07-01 17:45:53] Evaluate_02: epoch = 0080 train time = 178 s train loss = 0.000007 train acc = 1.0000, test acc = 0.8592
[2026-07-01 17:48:53] Evaluate_03: epoch = 0080 train time = 179 s train loss = 0.000005 train acc = 1.0000, test acc = 0.8606

[2026-07-01 17:48:53] ################ pair dog-bird : y_adv=5(dog)  target_class=2(bird) ################
  targets (easy, loaded cache result/target_cache/easy_targets_VGG13BN_dog-bird_n10_seed0.json): [(2632, 'cat'), (2804, 'cat'), (740, 'bird'), (9375, 'cat'), (1723, 'bird'), (9035, 'deer'), (3387, 'cat'), (5290, 'cat'), (8219, 'cat'), (4547, 'cat')]
  [dog-bird t1/10 idx=2632] gradmatch craft_obj=0.2455 linf=0.0314
    [standard] victims: v1 done, v2 done, v3 done, v4 done, v5 done
    [standard | dog-bird t1/10 idx=2632] poison_CTA=0.8490 poison_ASR=100%
  [dog-bird t2/10 idx=2804] gradmatch craft_obj=0.2370 linf=0.0314
    [standard] victims: v1 done, v2 done, v3 done, v4 done, v5 done
    [standard | dog-bird t2/10 idx=2804] poison_CTA=0.8449 poison_ASR=100%
  [dog-bird t3/10 idx=740] gradmatch craft_obj=0.2509 linf=0.0314
    [standard] victims: v1 done, v2 done, v3 done, v4 done, v5 done
    [standard | dog-bird t3/10 idx=740] poison_CTA=0.8432 poison_ASR=100%
  [dog-bird t4/10 idx=9375] gradmatch craft_obj=0.2557 linf=0.0314
    [standard] victims: v1 done, v2 done, v3 done, v4 done, v5 done
    [standard | dog-bird t4/10 idx=9375] poison_CTA=0.8356 poison_ASR=100%
  [dog-bird t5/10 idx=1723] gradmatch craft_obj=0.2860 linf=0.0314
    [standard] victims: v1 done, v2 done, v3 done, v4 done, v5 done
    [standard | dog-bird t5/10 idx=1723] poison_CTA=0.8556 poison_ASR=100%
  [dog-bird t6/10 idx=9035] gradmatch craft_obj=0.2677 linf=0.0314
    [standard] victims: v1 done, v2 done, v3 done, v4 done, v5 done
    [standard | dog-bird t6/10 idx=9035] poison_CTA=0.8443 poison_ASR=100%
  [dog-bird t7/10 idx=3387] gradmatch craft_obj=0.2151 linf=0.0314
    [standard] victims: v1 done, v2 done, v3 done, v4 done, v5 done
    [standard | dog-bird t7/10 idx=3387] poison_CTA=0.8409 poison_ASR=100%
  [dog-bird t8/10 idx=5290] gradmatch craft_obj=0.3020 linf=0.0314
    [standard] victims: v1 done, v2 done, v3 done, v4 done, v5 done
    [standard | dog-bird t8/10 idx=5290] poison_CTA=0.8456 poison_ASR=100%
  [dog-bird t9/10 idx=8219] gradmatch craft_obj=0.2769 linf=0.0314
    [standard] victims: v1 done, v2 done, v3 done, v4 done, v5 done
    [standard | dog-bird t9/10 idx=8219] poison_CTA=0.8424 poison_ASR=100%
  [dog-bird t10/10 idx=4547] gradmatch craft_obj=0.2893 linf=0.0314
    [standard] victims: v1 done, v2 done, v3 done, v4 done, v5 done
    [standard | dog-bird t10/10 idx=4547] poison_CTA=0.8544 poison_ASR=100%

  ==== pair dog-bird (gradmatch) summary over 10 targets x 5 victims = 50 votes ====
    [standard                    ] poison CTA = 0.8456 +/- 0.0123   poison ASR = 100.0% +/- 0.0%
      tally (['airplane', 'automobile', 'bird', 'cat', 'deer', 'dog', 'frog', 'horse', 'ship', 'truck']): [0, 0, 0, 0, 0, 50, 0, 0, 0, 0]

[2026-07-01 19:06:30] wrote results_standard_nodistill_gradmatch_VGG13BN_b50_eps8.{json,csv} to result/standard_nodistill
=== [2026-07-01 19:06:31] budget=0.002 ===
[2026-07-01 19:06:36] --parallel_victims set but <2 GPUs in CUDA_VISIBLE_DEVICES ('0'); running victims sequentially
[2026-07-01 19:06:36] device=cuda
[2026-07-01 19:06:36] hyperparams: {'dataset': 'CIFAR10', 'data_path': '/home/mmoslem3/scratch/data', 'model': 'VGG13BN', 'out_dir': 'result/standard_nodistill', 'seed': 0, 'target_idx_file': None, 'dsa_strategy': 'color_crop_cutout_flip_scale_rotate', 'syn_data_path': 'result/res_DM_CIFAR10_ConvNet_50ipc.pt', 'surrogate_model': 'VGG13BN', 'num_surrogates': 4, 'surrogate_epochs': 80, 'surrogate_lr': 0.01, 'surrogate_bs': 256, 'attack': 'gradmatch', 'class_pairs': ['dog-bird'], 'budget': 0.002, 'epsilon': 0.0313725, 'pgd_steps': 100, 'pgd_alpha': 0.0039216, 'restarts': 4, 'lambda_margin': 1.0, 'num_targets': 10, 'num_victims': 5, 'target_select': 'random', 'easy_targets': True, 'target_cache_dir': 'result/target_cache', 'parallel_victims': True, 'victim_epochs': 40, 'victim_lr': 0.1, 'victim_bs': 256, 'victim_decay': [35], 'victim_aug': False, 'clean_baseline': False, 'num_clean_victims': None, 'cache_dir': '', 'precompute_only': False, 'base_dist': 'l2', 'random_select': True, 'multilayer': True, 'curv_select': False, 'lambda_curv': 1.0, 'curv_damping': 1.0, 'curv_cg_iters': 10, 'curv_hessian_bs': 512, 'curv_cand_bs': 128, 'exact_select': False, 'if_damping': 0.01, 'if_cg_iters': 100, 'if_cg_tol': 0.0001, 'if_fd_h': 0.01, 'if_last_layer': False, 'if_hess_source': 'syn', 'if_hess_size': 0, 'if_max_surrogates': 0, 'verbose': False, 'single_surrogate': True, 'fast_gradmatch': False, 'surrogate_on_full_data': True, 'victim_pipelines': ['standard'], 'poison_cache_dir': '', 'log_file': ''}
[2026-07-01 19:06:36] victim pipelines (ablations): ['standard']
[2026-07-01 19:06:48] N_total=50000  budget=0.0020 -> N_p=100 poisons (all in y_adv class)

[2026-07-01 19:06:48] === training 4 surrogates (VGG13BN) on FULL real data (80 ep each) ===
[2026-07-01 19:09:48] Evaluate_00: epoch = 0080 train time = 178 s train loss = 0.000006 train acc = 1.0000, test acc = 0.8595
[2026-07-01 19:12:47] Evaluate_01: epoch = 0080 train time = 178 s train loss = 0.000006 train acc = 1.0000, test acc = 0.8572
[2026-07-01 19:15:46] Evaluate_02: epoch = 0080 train time = 178 s train loss = 0.000006 train acc = 1.0000, test acc = 0.8575
[2026-07-01 19:18:46] Evaluate_03: epoch = 0080 train time = 178 s train loss = 0.000006 train acc = 1.0000, test acc = 0.8569

[2026-07-01 19:18:46] ################ pair dog-bird : y_adv=5(dog)  target_class=2(bird) ################
  targets (easy, loaded cache result/target_cache/easy_targets_VGG13BN_dog-bird_n10_seed0.json): [(2632, 'cat'), (2804, 'cat'), (740, 'bird'), (9375, 'cat'), (1723, 'bird'), (9035, 'deer'), (3387, 'cat'), (5290, 'cat'), (8219, 'cat'), (4547, 'cat')]
  [dog-bird t1/10 idx=2632] gradmatch craft_obj=0.3051 linf=0.0314
    [standard] victims: v1 done, v2 done, v3 done, v4 done, v5 done
    [standard | dog-bird t1/10 idx=2632] poison_CTA=0.8365 poison_ASR=100%
  [dog-bird t2/10 idx=2804] gradmatch craft_obj=0.2805 linf=0.0314
    [standard] victims: v1 done, v2 done, v3 done, v4 done, v5 done
    [standard | dog-bird t2/10 idx=2804] poison_CTA=0.8479 poison_ASR=100%
  [dog-bird t3/10 idx=740] gradmatch craft_obj=0.2894 linf=0.0314
    [standard] victims: v1 done, v2 done, v3 done, v4 done, v5 done
    [standard | dog-bird t3/10 idx=740] poison_CTA=0.8455 poison_ASR=100%
  [dog-bird t4/10 idx=9375] gradmatch craft_obj=0.2616 linf=0.0314
    [standard] victims: v1 done, v2 done, v3 done, v4 done, v5 done
    [standard | dog-bird t4/10 idx=9375] poison_CTA=0.8454 poison_ASR=100%
  [dog-bird t5/10 idx=1723] gradmatch craft_obj=0.3058 linf=0.0314
    [standard] victims: v1 done, v2 done, v3 done, v4 done, v5 done
    [standard | dog-bird t5/10 idx=1723] poison_CTA=0.8368 poison_ASR=80%
  [dog-bird t6/10 idx=9035] gradmatch craft_obj=0.2763 linf=0.0314
    [standard] victims: v1 done, v2 done, v3 done, v4 done, v5 done
    [standard | dog-bird t6/10 idx=9035] poison_CTA=0.8450 poison_ASR=100%
  [dog-bird t7/10 idx=3387] gradmatch craft_obj=0.2734 linf=0.0314
    [standard] victims: v1 done, v2 done, v3 done, v4 done, v5 done
    [standard | dog-bird t7/10 idx=3387] poison_CTA=0.8516 poison_ASR=80%
  [dog-bird t8/10 idx=5290] gradmatch craft_obj=0.3043 linf=0.0314
    [standard] victims: v1 done, v2 done, v3 done, v4 done, v5 done
    [standard | dog-bird t8/10 idx=5290] poison_CTA=0.8353 poison_ASR=100%
  [dog-bird t9/10 idx=8219] gradmatch craft_obj=0.2635 linf=0.0314
    [standard] victims: v1 done, v2 done, v3 done, v4 done, v5 done
    [standard | dog-bird t9/10 idx=8219] poison_CTA=0.8508 poison_ASR=100%
  [dog-bird t10/10 idx=4547] gradmatch craft_obj=0.3082 linf=0.0314
    [standard] victims: v1 done, v2 done, v3 done, v4 done, v5 done
    [standard | dog-bird t10/10 idx=4547] poison_CTA=0.8450 poison_ASR=100%

  ==== pair dog-bird (gradmatch) summary over 10 targets x 5 victims = 50 votes ====
    [standard                    ] poison CTA = 0.8440 +/- 0.0134   poison ASR = 96.0% +/- 19.6%
      tally (['airplane', 'automobile', 'bird', 'cat', 'deer', 'dog', 'frog', 'horse', 'ship', 'truck']): [0, 0, 1, 1, 0, 48, 0, 0, 0, 0]

[2026-07-01 20:34:29] wrote results_standard_nodistill_gradmatch_VGG13BN_b20_eps8.{json,csv} to result/standard_nodistill
=== [2026-07-01 20:34:30] budget=0.001 ===
[2026-07-01 20:34:34] --parallel_victims set but <2 GPUs in CUDA_VISIBLE_DEVICES ('0'); running victims sequentially
[2026-07-01 20:34:34] device=cuda
[2026-07-01 20:34:34] hyperparams: {'dataset': 'CIFAR10', 'data_path': '/home/mmoslem3/scratch/data', 'model': 'VGG13BN', 'out_dir': 'result/standard_nodistill', 'seed': 0, 'target_idx_file': None, 'dsa_strategy': 'color_crop_cutout_flip_scale_rotate', 'syn_data_path': 'result/res_DM_CIFAR10_ConvNet_50ipc.pt', 'surrogate_model': 'VGG13BN', 'num_surrogates': 4, 'surrogate_epochs': 80, 'surrogate_lr': 0.01, 'surrogate_bs': 256, 'attack': 'gradmatch', 'class_pairs': ['dog-bird'], 'budget': 0.001, 'epsilon': 0.0313725, 'pgd_steps': 100, 'pgd_alpha': 0.0039216, 'restarts': 4, 'lambda_margin': 1.0, 'num_targets': 10, 'num_victims': 5, 'target_select': 'random', 'easy_targets': True, 'target_cache_dir': 'result/target_cache', 'parallel_victims': True, 'victim_epochs': 40, 'victim_lr': 0.1, 'victim_bs': 256, 'victim_decay': [35], 'victim_aug': False, 'clean_baseline': False, 'num_clean_victims': None, 'cache_dir': '', 'precompute_only': False, 'base_dist': 'l2', 'random_select': True, 'multilayer': True, 'curv_select': False, 'lambda_curv': 1.0, 'curv_damping': 1.0, 'curv_cg_iters': 10, 'curv_hessian_bs': 512, 'curv_cand_bs': 128, 'exact_select': False, 'if_damping': 0.01, 'if_cg_iters': 100, 'if_cg_tol': 0.0001, 'if_fd_h': 0.01, 'if_last_layer': False, 'if_hess_source': 'syn', 'if_hess_size': 0, 'if_max_surrogates': 0, 'verbose': False, 'single_surrogate': True, 'fast_gradmatch': False, 'surrogate_on_full_data': True, 'victim_pipelines': ['standard'], 'poison_cache_dir': '', 'log_file': ''}
[2026-07-01 20:34:34] victim pipelines (ablations): ['standard']
[2026-07-01 20:34:46] N_total=50000  budget=0.0010 -> N_p=50 poisons (all in y_adv class)

[2026-07-01 20:34:46] === training 4 surrogates (VGG13BN) on FULL real data (80 ep each) ===
[2026-07-01 20:37:46] Evaluate_00: epoch = 0080 train time = 178 s train loss = 0.000006 train acc = 1.0000, test acc = 0.8562
[2026-07-01 20:40:45] Evaluate_01: epoch = 0080 train time = 178 s train loss = 0.000006 train acc = 1.0000, test acc = 0.8629
[2026-07-01 20:43:45] Evaluate_02: epoch = 0080 train time = 178 s train loss = 0.000006 train acc = 1.0000, test acc = 0.8572
[2026-07-01 20:46:44] Evaluate_03: epoch = 0080 train time = 178 s train loss = 0.000005 train acc = 1.0000, test acc = 0.8591

[2026-07-01 20:46:44] ################ pair dog-bird : y_adv=5(dog)  target_class=2(bird) ################
  targets (easy, loaded cache result/target_cache/easy_targets_VGG13BN_dog-bird_n10_seed0.json): [(2632, 'cat'), (2804, 'cat'), (740, 'bird'), (9375, 'cat'), (1723, 'bird'), (9035, 'deer'), (3387, 'cat'), (5290, 'cat'), (8219, 'cat'), (4547, 'cat')]
  [dog-bird t1/10 idx=2632] gradmatch craft_obj=0.3070 linf=0.0314
    [standard] victims: v1 done, v2 done, v3 done, v4 done, v5 done
    [standard | dog-bird t1/10 idx=2632] poison_CTA=0.8462 poison_ASR=80%
  [dog-bird t2/10 idx=2804] gradmatch craft_obj=0.2841 linf=0.0314
    [standard] victims: v1 done, v2 done, v3 done, v4 done, v5 done
    [standard | dog-bird t2/10 idx=2804] poison_CTA=0.8509 poison_ASR=100%
  [dog-bird t3/10 idx=740] gradmatch craft_obj=0.2870 linf=0.0314
    [standard] victims: v1 done, v2 done, v3 done, v4 done, v5 done
    [standard | dog-bird t3/10 idx=740] poison_CTA=0.8445 poison_ASR=80%
  [dog-bird t4/10 idx=9375] gradmatch craft_obj=0.2613 linf=0.0314
    [standard] victims: v1 done, v2 done, v3 done, v4 done, v5 done
    [standard | dog-bird t4/10 idx=9375] poison_CTA=0.8454 poison_ASR=40%
  [dog-bird t5/10 idx=1723] gradmatch craft_obj=0.3518 linf=0.0314
    [standard] victims: v1 done, v2 done, v3 done, 