──────────────────────────────────────────────────────────
[GPU 0] ResNet20_dog-bird_fc_b0.02_seed0
──────────────────────────────────────────────────────────
[2026-06-16 22:24:33] device=cuda
[2026-06-16 22:24:33] hyperparams: {'dataset': 'CIFAR10', 'data_path': '/home/mmoslem3/scratch/data', 'model': 'ResNet20', 'out_dir': 'result/standard_nodistill', 'seed': 0, 'target_idx_file': None, 'dsa_strategy': 'color_crop_cutout_flip_scale_rotate', 'syn_data_path': 'result/res_DM_CIFAR10_ConvNet_50ipc.pt', 'surrogate_model': 'ConvNet', 'num_surrogates': 10, 'surrogate_epochs': 1000, 'surrogate_lr': 0.01, 'surrogate_bs': 256, 'attack': 'fc', 'class_pairs': ['dog-bird'], 'budget': 0.02, 'epsilon': 0.0313725, 'pgd_steps': 150, 'pgd_alpha': 0.0039216, 'restarts': 1, 'lambda_margin': 1.0, 'num_targets': 10, 'num_victims': 5, 'target_select': 'random', 'victim_epochs': 60, 'victim_lr': 0.1, 'victim_bs': 125, 'victim_decay': [40], 'victim_aug': False, 'clean_baseline': True, 'cache_dir': 'result/cache', 'precompute_only': False, 'random_select': False, 'single_surrogate': True}
[2026-06-16 22:24:46] N_total=50000  budget=0.0200 -> N_p=1000 poisons (all in y_adv class)

[2026-06-16 22:24:46] === loading 10 surrogates from cache: result/cache/surrogates_ConvNet_10x1000ep_seed0 ===

[2026-06-16 22:24:46] === loading 5 clean victims (ResNet20) from cache: result/cache/clean_victims_ResNet20_5x60ep_seed0 ===
  clean baseline CTA = 0.8265

[2026-06-16 22:24:47] ################ pair dog-bird : y_adv=5(dog)  target_class=2(bird) ################
  targets (random): [430, 387, 6715, 7670, 9467, 2100, 7171, 4833, 5599, 2544]
  victims: v1 done, v2 done, v3 done, v4 done, v5 done
  [dog-bird t1/10 idx=430] fc craft_obj=0.2322 linf=0.0314 | clean_ASR=0% poison_CTA=0.8238 poison_ASR=80%
  victims: v1 done, v2 done, v3 done, v4 done, v5 done
  [dog-bird t2/10 idx=387] fc craft_obj=0.2513 linf=0.0314 | clean_ASR=0% poison_CTA=0.8245 poison_ASR=20%
  victims: v1 done, v2 done, v3 done, v4 done, v5 done
  [dog-bird t3/10 idx=6715] fc craft_obj=0.2314 linf=0.0314 | clean_ASR=0% poison_CTA=0.8284 poison_ASR=100%
  victims: v1 done, v2 done, v3 done, v4 done, v5 done
  [dog-bird t4/10 idx=7670] fc craft_obj=0.2375 linf=0.0314 | clean_ASR=0% poison_CTA=0.8225 poison_ASR=100%
  victims: v1 done, v2 done, v3 done, v4 done, v5 done
  [dog-bird t5/10 idx=9467] fc craft_obj=0.2412 linf=0.0314 | clean_ASR=0% poison_CTA=0.8257 poison_ASR=100%
  victims: v1 done, v2 done, v3 done, v4 done, v5 done
  [dog-bird t6/10 idx=2100] fc craft_obj=0.2277 linf=0.0314 | clean_ASR=0% poison_CTA=0.8249 poison_ASR=0%
  victims: v1 done, v2 done, v3 done, v4 done, v5 done
  [dog-bird t7/10 idx=7171] fc craft_obj=0.2339 linf=0.0314 | clean_ASR=0% poison_CTA=0.8243 poison_ASR=0%
  victims: 