──────────────────────────────────────────────────────────
[GPU 0] ResNet20_dog-bird_fc_b0.1_seed0
──────────────────────────────────────────────────────────
[2026-06-16 15:59:25] device=cuda
[2026-06-16 15:59:25] hyperparams: {'dataset': 'CIFAR10', 'data_path': '/home/mmoslem3/scratch/data', 'model': 'ResNet20', 'out_dir': 'result/standard_nodistill', 'seed': 0, 'target_idx_file': None, 'dsa_strategy': 'color_crop_cutout_flip_scale_rotate', 'syn_data_path': 'result/res_DM_CIFAR10_ConvNet_50ipc.pt', 'surrogate_model': 'ConvNet', 'num_surrogates': 10, 'surrogate_epochs': 1000, 'surrogate_lr': 0.01, 'surrogate_bs': 256, 'attack': 'fc', 'class_pairs': ['dog-bird'], 'budget': 0.1, 'epsilon': 0.0313725, 'pgd_steps': 150, 'pgd_alpha': 0.0039216, 'restarts': 1, 'lambda_margin': 1.0, 'num_targets': 10, 'num_victims': 5, 'target_select': 'random', 'victim_epochs': 60, 'victim_lr': 0.1, 'victim_bs': 125, 'victim_decay': [40], 'victim_aug': False, 'clean_baseline': True, 'cache_dir': 'result/cache', 'precompute_only': False, 'random_select': False, 'single_surrogate': True}
[2026-06-16 15:59:37] N_total=50000  budget=0.1000 -> N_p=5000 poisons (all in y_adv class)

[2026-06-16 15:59:37] === loading 10 surrogates from cache: result/cache/surrogates_ConvNet_10x1000ep_seed0 ===

[2026-06-16 15:59:37] === training 5 clean victims (ResNet20) from scratch on full clean data ===
[2026-06-16 16:08:44]  saved clean victims to result/cache/clean_victims_ResNet20_5x60ep_seed0
  clean baseline CTA = 0.8257

[2026-06-16 16:08:44] ################ pair dog-bird : y_adv=5(dog)  target_class=2(bird) ################
  targets (random): [430, 387, 6715, 7670, 9467, 2100, 7171, 4833, 5599, 2544]
  victims: v1 done, v2 done, v3 done, v4 done, v5 done
  [dog-bird t1/10 idx=430] fc craft_obj=0.2570 linf=0.0314 | clean_ASR=0% poison_CTA=0.7679 poison_ASR=40%
  victims: v1 done, v2 done, v3 done, v4 done, v5 done
  [dog-bird t2/10 idx=387] fc craft_obj=0.2881 linf=0.0314 | clean_ASR=0% poison_CTA=0.7682 poison_ASR=0%
  victims: v1 done, v2 done, v3 done, v4 done, v5 done
  [dog-bird t3/10 idx=6715] fc craft_obj=0.2534 linf=0.0314 | clean_ASR=0% poison_CTA=0.7705 poison_ASR=100%
  victims: v1 done, v2 done, v3 done, v4 done, v5 done
  [dog-bird t4/10 idx=7670] fc craft_obj=0.2672 linf=0.0314 | clean_ASR=0% poison_CTA=0.7665 poison_ASR=60%
  victims: v1 done, v2 done, v3 done, v4 done, v5 done
  [dog-bird t5/10 idx=9467] fc craft_obj=0.2661 linf=0.0314 | clean_ASR=0% poison_CTA=0.7671 poison_ASR=40%
  victims: v1 done, v2 done, v3 done, v4 done, v5 done
  [dog-bird t6/10 idx=2100] fc craft_obj=0.2504 linf=0.0314 | clean_ASR=0% poison_CTA=0.7672 poison_ASR=40%
  victims: v1 done, v2 done, v3 done, v4 done, v5 done
  [dog-bird t7/10 idx=7171] fc craft_obj=0.2681 linf=0.0314 | clean_ASR=0% poison_CTA=0.7650 poison_ASR=0%
  victims: v1 done, v2 done, v3 done, v4 done, v5 done
  [dog-bird t8/10 idx=4833] fc craft_obj=0.2611 linf=0.0314 | clean_ASR=0% poison_CTA=0.7632 poison_ASR=0%
  victims: v1 done, v2 done, v3 done, v4 done, v5 done
  [dog-bird t9/10 idx=5599] fc craft_obj=0.2886 linf=0.0314 | clean_ASR=0% poison_CTA=0.7647 poison_ASR=0%
  victims: v1 done, v2 done, v3 done, v4 done, v5 done
  [dog-bird t10/10 idx=2544] fc craft_obj=0.2464 linf=0.0314 | clean_ASR=0% poison_CTA=0.7737 poison_ASR=0%

  ---- pair dog-bird (fc) summary over 10 targets x 5 victims = 50 votes ----
    clean baseline CTA = 0.8257   mean clean ASR = 0.0%
    poison CTA = 0.7674 +/- 0.0029
    poison ASR = 28.0% +/- 32.5%
    target-prediction tally (['airplane', 'automobile', 'bird', 'cat', 'deer', 'dog', 'frog', 'horse', 'ship', 'truck']): [0, 0, 26, 0, 2, 14, 3, 5, 0, 0]

[2026-06-16 17:43:13] wrote results_standard_nodistill_fc_ResNet20_b1000_eps8.{json,csv} to result/standard_nodistill
