──────────────────────────────────────────────────────────
[GPU 0] ResNet20_dog-bird_gradmatch_b0.1_seed0
──────────────────────────────────────────────────────────
[2026-06-16 15:59:58] device=cuda
[2026-06-16 15:59:58] hyperparams: {'dataset': 'CIFAR10', 'data_path': '/home/mmoslem3/scratch/data', 'model': 'ResNet20', 'out_dir': 'result/standard_nodistill', 'seed': 0, 'target_idx_file': None, 'dsa_strategy': 'color_crop_cutout_flip_scale_rotate', 'syn_data_path': 'result/res_DM_CIFAR10_ConvNet_50ipc.pt', 'surrogate_model': 'ConvNet', 'num_surrogates': 10, 'surrogate_epochs': 1000, 'surrogate_lr': 0.01, 'surrogate_bs': 256, 'attack': 'gradmatch', 'class_pairs': ['dog-bird'], 'budget': 0.1, 'epsilon': 0.0313725, 'pgd_steps': 150, 'pgd_alpha': 0.0039216, 'restarts': 8, 'lambda_margin': 1.0, 'num_targets': 10, 'num_victims': 5, 'target_select': 'random', 'victim_epochs': 60, 'victim_lr': 0.1, 'victim_bs': 125, 'victim_decay': [40], 'victim_aug': False, 'clean_baseline': True, 'cache_dir': 'result/cache', 'precompute_only': False, 'random_select': False, 'single_surrogate': True}
[2026-06-16 16:00:12] N_total=50000  budget=0.1000 -> N_p=5000 poisons (all in y_adv class)

[2026-06-16 16:00:12] === loading 10 surrogates from cache: result/cache/surrogates_ConvNet_10x1000ep_seed0 ===

[2026-06-16 16:00:12] === training 5 clean victims (ResNet20) from scratch on full clean data ===
[2026-06-16 16:09:27]  saved clean victims to result/cache/clean_victims_ResNet20_5x60ep_seed0
  clean baseline CTA = 0.8265

[2026-06-16 16:09:27] ################ pair dog-bird : y_adv=5(dog)  target_class=2(bird) ################
  targets (random): [430, 387, 6715, 7670, 9467, 2100, 7171, 4833, 5599, 2544]
  victims: v1 done, v2 done, v3 done, v4 done, v5 done
  [dog-bird t1/10 idx=430] gradmatch craft_obj=0.2090 linf=0.0314 | clean_ASR=0% poison_CTA=0.7916 poison_ASR=80%
  victims: v1 done, v2 done, v3 done, v4 done, v5 done
  [dog-bird t2/10 idx=387] gradmatch craft_obj=0.1810 linf=0.0314 | clean_ASR=0% poison_CTA=0.7917 poison_ASR=100%
  victims: v1 done, v2 done, v3 done, v4 done, v5 done
  [dog-bird t3/10 idx=6715] gradmatch craft_obj=0.2720 linf=0.0314 | clean_ASR=0% poison_CTA=0.7872 poison_ASR=100%
  victims: v1 done, v2 done, v3 done, v4 done, v5 done
  [dog-bird t4/10 idx=7670] gradmatch craft_obj=0.1616 linf=0.0314 | clean_ASR=0% poison_CTA=0.7786 poison_ASR=100%
  victims: v1 done, v2 done, v3 done, v4 done, v5 done
  [dog-bird t5/10 idx=9467] gradmatch craft_obj=0.2185 linf=0.0314 | clean_ASR=0% poison_CTA=0.7982 poison_ASR=100%
  victims: v1 done, v2 done, v3 done, v4 done, v5 done
  [dog-bird t6/10 idx=2100] gradmatch craft_obj=0.2485 linf=0.0314 | clean_ASR=0% poison_CTA=0.7936 poison_ASR=100%
  victims: v1 done, v2 done, v3 done, v4 done, v5 done
  [dog-bird t7/10 idx=7171] gradmatch craft_obj=0.2191 linf=0.0314 | clean_ASR=0% poison_CTA=0.7798 poison_ASR=40%
  victims: v1 done, v2 done, v3 done, v4 done, v5 done
  [dog-bird t8/10 idx=4833] gradmatch craft_obj=0.2056 linf=0.0314 | clean_ASR=0% poison_CTA=0.7765 poison_ASR=40%
  victims: v1 done, v2 done, v3 done, v4 done, v5 done
  [dog-bird t9/10 idx=5599] gradmatch craft_obj=0.2332 linf=0.0314 | clean_ASR=0% poison_CTA=0.7834 poison_ASR=0%
  victims: v1 done, v2 done, v3 done, v4 done, v5 done
  [dog-bird t10/10 idx=2544] gradmatch craft_obj=0.2141 linf=0.0314 | clean_ASR=0% poison_CTA=0.7881 poison_ASR=60%

  ---- pair dog-bird (gradmatch) summary over 10 targets x 5 victims = 50 votes ----
    clean baseline CTA = 0.8265   mean clean ASR = 0.0%
    poison CTA = 0.7869 +/- 0.0068
    poison ASR = 72.0% +/- 33.7%
    target-prediction tally (['airplane', 'automobile', 'bird', 'cat', 'deer', 'dog', 'frog', 'horse', 'ship', 'truck']): [0, 0, 11, 0, 0, 36, 3, 0, 0, 0]

[2026-06-16 20:13:10] wrote results_standard_nodistill_gradmatch_ResNet20_b1000_eps8.{json,csv} to result/standard_nodistill
