──────────────────────────────────────────────────────────
[GPU 0] ResNet20_dog-bird_fc_b0.05_seed0_random_bl
──────────────────────────────────────────────────────────
[2026-06-17 17:15:40] device=cuda
[2026-06-17 17:15:40] hyperparams: {'dataset': 'CIFAR10', 'data_path': '/home/mmoslem3/scratch/data', 'model': 'ResNet20', 'out_dir': 'result/standard_nodistill', 'seed': 0, 'target_idx_file': None, 'dsa_strategy': 'color_crop_cutout_flip_scale_rotate', 'syn_data_path': 'result/res_DM_CIFAR10_ConvNet_50ipc.pt', 'surrogate_model': 'ResNet18', 'num_surrogates': 10, 'surrogate_epochs': 1000, 'surrogate_lr': 0.01, 'surrogate_bs': 256, 'attack': 'fc', 'class_pairs': ['dog-bird'], 'budget': 0.05, 'epsilon': 0.0313725, 'pgd_steps': 150, 'pgd_alpha': 0.0039216, 'restarts': 1, 'lambda_margin': 1.0, 'num_targets': 5, 'num_victims': 5, 'target_select': 'random', 'victim_epochs': 60, 'victim_lr': 0.1, 'victim_bs': 125, 'victim_decay': [40], 'victim_aug': False, 'clean_baseline': True, 'cache_dir': 'result/cache', 'precompute_only': False, 'random_select': True, 'single_surrogate': True}
Traceback (most recent call last):
  File "/work/mohammad/DD-attack/main_IF.py", line 623, in <module>
    main(p.parse_args())
  File "/work/mohammad/DD-attack/main_IF.py", line 343, in main
    get_dataset(args.dataset, args.data_path)
  File "/work/mohammad/DD-attack/utils.py", line 53, in get_dataset
    dst_train = datasets.CIFAR10(data_path, train=True, download=True, transform=transform) # no augmentation
                ^^^^^^^^^^^^^^^^^^^^^^^^^^^^^^^^^^^^^^^^^^^^^^^^^^^^^^^^^^^^^^^^^^^^^^^^^^^
  File "/work/mohammad/vllm_env/lib/python3.12/site-packages/torchvision/datasets/cifar.py", line 66, in __init__
    self.download()
  File "/work/mohammad/vllm_env/lib/python3.12/site-packages/torchvision/datasets/cifar.py", line 139, in download
    download_and_extract_archive(self.url, self.root, filename=self.filename, md5=self.tgz_md5)
  File "/work/mohammad/vllm_env/lib/python3.12/site-packages/torchvision/datasets/utils.py", line 388, in download_and_extract_archive
    download_url(url, download_root, filename, md5)
  File "/work/mohammad/vllm_env/lib/python3.12/site-packages/torchvision/datasets/utils.py", line 108, in download_url
    os.makedirs(root, exist_ok=True)
  File "<frozen os>", line 215, in makedirs
  File "<frozen os>", line 215, in makedirs
  File "<frozen os>", line 225, in makedirs
PermissionError: [Errno 13] Permission denied: '/home/mmoslem3'
──────────────────────────────────────────────────────────
[GPU 0] ResNet20_dog-bird_fc_b0.05_seed0_random_bl
──────────────────────────────────────────────────────────
[2026-06-17 17:24:49] device=cuda
[2026-06-17 17:24:49] hyperparams: {'dataset': 'CIFAR10', 'data_path': 'data', 'model': 'ResNet20', 'out_dir': 'result/standard_nodistill', 'seed': 0, 'target_idx_file': None, 'dsa_strategy': 'color_crop_cutout_flip_scale_rotate', 'syn_data_path': 'result/res_DM_CIFAR10_ConvNet_50ipc.pt', 'surrogate_model': 'ResNet18', 'num_surrogates': 10, 'surrogate_epochs': 1000, 'surrogate_lr': 0.01, 'surrogate_bs': 256, 'attack': 'fc', 'class_pairs': ['dog-bird'], 'budget': 0.05, 'epsilon': 0.0313725, 'pgd_steps': 150, 'pgd_alpha': 0.0039216, 'restarts': 1, 'lambda_margin': 1.0, 'num_targets': 5, 'num_victims': 5, 'target_select': 'random', 'victim_epochs': 60, 'victim_lr': 0.1, 'victim_bs': 125, 'victim_decay': [40], 'victim_aug': False, 'clean_baseline': True, 'cache_dir': 'result/cache', 'precompute_only': False, 'random_select': True, 'single_surrogate': True}
[2026-06-17 17:24:59] N_total=50000  budget=0.0500 -> N_p=2500 poisons (all in y_adv class)

[2026-06-17 17:24:59] === loading 10 surrogates from cache: result/cache/surrogates_ResNet18_10x1000ep_seed0 ===

[2026-06-17 17:25:00] === training 5 clean victims (ResNet20) from scratch on full clean data ===
──────────────────────────────────────────────────────────
[GPU 0] ResNet20_dog-bird_fc_b0.05_seed0_random_bl
──────────────────────────────────────────────────────────
[2026-06-17 17:27:40] device=cuda
[2026-06-17 17:27:40] hyperparams: {'dataset': 'CIFAR10', 'data_path': 'data', 'model': 'ResNet20', 'out_dir': 'result/standard_nodistill', 'seed': 0, 'target_idx_file': None, 'dsa_strategy': 'color_crop_cutout_flip_scale_rotate', 'syn_data_path': 'result/res_DM_CIFAR10_ConvNet_100ipc.pt', 'surrogate_model': 'ResNet18', 'num_surrogates': 10, 'surrogate_epochs': 1000, 'surrogate_lr': 0.01, 'surrogate_bs': 256, 'attack': 'fc', 'class_pairs': ['dog-bird'], 'budget': 0.05, 'epsilon': 0.0313725, 'pgd_steps': 150, 'pgd_alpha': 0.0039216, 'restarts': 1, 'lambda_margin': 1.0, 'num_targets': 5, 'num_victims': 5, 'target_select': 'random', 'victim_epochs': 60, 'victim_lr': 0.1, 'victim_bs': 125, 'victim_decay': [40], 'victim_aug': False, 'clean_baseline': True, 'cache_dir': 'result/cache', 'precompute_only': False, 'random_select': True, 'single_surrogate': True}
[2026-06-17 17:27:51] N_total=50000  budget=0.0500 -> N_p=2500 poisons (all in y_adv class)

[2026-06-17 17:27:51] === loading 10 surrogates from cache: result/cache/surrogates_ResNet18_10x1000ep_seed0 ===

[2026-06-17 17:27:52] === training 5 clean victims (ResNet20) from scratch on full clean data ===
──────────────────────────────────────────────────────────
[GPU 0] ResNet20_dog-bird_fc_b0.05_seed0_random_bl
──────────────────────────────────────────────────────────
[2026-06-17 17:28:01] device=cuda
[2026-06-17 17:28:01] hyperparams: {'dataset': 'CIFAR10', 'data_path': 'data', 'model': 'ResNet20', 'out_dir': 'result/standard_nodistill', 'seed': 0, 'target_idx_file': None, 'dsa_strategy': 'color_crop_cutout_flip_scale_rotate', 'syn_data_path': 'result/res_DM_CIFAR10_ConvNet_100ipc.pt', 'surrogate_model': 'ResNet18', 'num_surrogates': 10, 'surrogate_epochs': 1001, 'surrogate_lr': 0.01, 'surrogate_bs': 256, 'attack': 'fc', 'class_pairs': ['dog-bird'], 'budget': 0.05, 'epsilon': 0.0313725, 'pgd_steps': 150, 'pgd_alpha': 0.0039216, 'restarts': 1, 'lambda_margin': 1.0, 'num_targets': 5, 'num_victims': 5, 'target_select': 'random', 'victim_epochs': 60, 'victim_lr': 0.1, 'victim_bs': 125, 'victim_decay': [40], 'victim_aug': False, 'clean_baseline': True, 'cache_dir': 'result/cache', 'precompute_only': False, 'random_select': True, 'single_surrogate': True}
[2026-06-17 17:28:12] N_total=50000  budget=0.0500 -> N_p=2500 poisons (all in y_adv class)

[2026-06-17 17:28:12] === training 10 surrogates (ResNet18) on distilled S (1001 ep each) ===
──────────────────────────────────────────────────────────
[GPU 0] ResNet20_dog-bird_fc_b0.05_seed0_random_bl
──────────────────────────────────────────────────────────
[2026-06-17 17:29:00] device=cuda
[2026-06-17 17:29:00] hyperparams: {'dataset': 'CIFAR10', 'data_path': 'data', 'model': 'ResNet20', 'out_dir': 'result/standard_nodistill', 'seed': 0, 'target_idx_file': None, 'dsa_strategy': 'color_crop_cutout_flip_scale_rotate', 'syn_data_path': 'result/res_DM_CIFAR10_ConvNet_50ipc.pt', 'surrogate_model': 'ResNet18', 'num_surrogates': 10, 'surrogate_epochs': 1000, 'surrogate_lr': 0.01, 'surrogate_bs': 256, 'attack': 'fc', 'class_pairs': ['dog-bird'], 'budget': 0.05, 'epsilon': 0.0313725, 'pgd_steps': 150, 'pgd_alpha': 0.0039216, 'restarts': 1, 'lambda_margin': 1.0, 'num_targets': 5, 'num_victims': 5, 'target_select': 'random', 'victim_epochs': 60, 'victim_lr': 0.1, 'victim_bs': 125, 'victim_decay': [40], 'victim_aug': False, 'clean_baseline': True, 'cache_dir': 'result/cache', 'precompute_only': False, 'random_select': True, 'single_surrogate': True}
[2026-06-17 17:29:11] N_total=50000  budget=0.0500 -> N_p=2500 poisons (all in y_adv class)

[2026-06-17 17:29:11] === loading 10 surrogates from cache: result/cache/surrogates_ResNet18_10x1000ep_seed0 ===

[2026-06-17 17:29:12] === training 5 clean victims (ResNet20) from scratch on full clean data ===
──────────────────────────────────────────────────────────
[GPU 0] ResNet20_dog-bird_fc_b0.05_seed0_random_bl
──────────────────────────────────────────────────────────
[2026-06-17 17:30:14] device=cuda
[2026-06-17 17:30:14] hyperparams: {'dataset': 'CIFAR10', 'data_path': 'data', 'model': 'ResNet20', 'out_dir': 'result/standard_nodistill', 'seed': 0, 'target_idx_file': None, 'dsa_strategy': 'color_crop_cutout_flip_scale_rotate', 'syn_data_path': 'result/res_DM_CIFAR10_ConvNet_50ipc.pt', 'surrogate_model': 'ResNet18', 'num_surrogates': 10, 'surrogate_epochs': 1000, 'surrogate_lr': 0.01, 'surrogate_bs': 256, 'attack': 'fc', 'class_pairs': ['dog-bird'], 'budget': 0.05, 'epsilon': 0.0313725, 'pgd_steps': 150, 'pgd_alpha': 0.0039216, 'restarts': 1, 'lambda_margin': 1.0, 'num_targets': 5, 'num_victims': 5, 'target_select': 'random', 'victim_epochs': 60, 'victim_lr': 0.1, 'victim_bs': 125, 'victim_decay': [40], 'victim_aug': False, 'clean_baseline': True, 'cache_dir': 'result/cache', 'precompute_only': False, 'random_select': True, 'single_surrogate': True}
──────────────────────────────────────────────────────────
[GPU 0] ResNet20_dog-bird_fc_b0.05_seed0_random_bl
──────────────────────────────────────────────────────────
[2026-06-17 17:30:23] device=cuda
[2026-06-17 17:30:23] hyperparams: {'dataset': 'CIFAR10', 'data_path': 'data', 'model': 'ResNet20', 'out_dir': 'result/standard_nodistill', 'seed': 0, 'target_idx_file': None, 'dsa_strategy': 'color_crop_cutout_flip_scale_rotate', 'syn_data_path': 'result/res_DM_CIFAR10_ConvNet_100ipc.pt', 'surrogate_model': 'ResNet18', 'num_surrogates': 10, 'surrogate_epochs': 1001, 'surrogate_lr': 0.01, 'surrogate_bs': 256, 'attack': 'fc', 'class_pairs': ['dog-bird'], 'budget': 0.05, 'epsilon': 0.0313725, 'pgd_steps': 150, 'pgd_alpha': 0.0039216, 'restarts': 1, 'lambda_margin': 1.0, 'num_targets': 5, 'num_victims': 5, 'target_select': 'random', 'victim_epochs': 60, 'victim_lr': 0.1, 'victim_bs': 125, 'victim_decay': [40], 'victim_aug': False, 'clean_baseline': True, 'cache_dir': 'result/cache', 'precompute_only': False, 'random_select': True, 'single_surrogate': True}
[2026-06-17 17:30:25] N_total=50000  budget=0.0500 -> N_p=2500 poisons (all in y_adv class)

[2026-06-17 17:30:26] === loading 10 surrogates from cache: result/cache/surrogates_ResNet18_10x1000ep_seed0 ===

[2026-06-17 17:30:27] === training 5 clean victims (ResNet20) from scratch on full clean data ===
[2026-06-17 17:30:34] N_total=50000  budget=0.0500 -> N_p=2500 poisons (all in y_adv class)

[2026-06-17 17:30:34] === training 10 surrogates (ResNet18) on distilled S (1001 ep each) ===
[2026-06-17 17:35:48]  saved clean victims to result/cache/clean_victims_ResNet20_5x60ep_seed0
  clean baseline CTA = 0.8258

[2026-06-17 17:35:49] ################ pair dog-bird : y_adv=5(dog)  target_class=2(bird) ################
  targets (random): [430, 387, 6715, 7670, 9467]
  victims: v1 done, 