──────────────────────────────────────────────────────────
[1/27] ConvNetBN_frog-airplane_fc_b0.00002_seed0
──────────────────────────────────────────────────────────
[2026-06-16 11:33:47] device=cuda
[2026-06-16 11:33:47] hyperparams: {'dataset': 'CIFAR10', 'data_path': 'data', 'model': 'ConvNetBN', 'out_dir': 'result/standard_nodistill', 'seed': 0, 'target_idx_file': 'result/selected_targets.json', 'dsa_strategy': 'color_crop_cutout_flip_scale_rotate', 'syn_data_path': 'result/res_DM_CIFAR10_ConvNet_50ipc.pt', 'surrogate_model': 'ConvNet', 'num_surrogates': 10, 'surrogate_epochs': 1000, 'surrogate_lr': 0.01, 'surrogate_bs': 256, 'attack': 'fc', 'class_pairs': ['frog-airplane'], 'budget': 2e-05, 'epsilon': 0.0313725, 'pgd_steps': 150, 'pgd_alpha': 0.0039216, 'restarts': 1, 'lambda_margin': 0.1, 'num_targets': 10, 'num_victims': 6, 'target_select': 'random', 'victim_epochs': 30, 'victim_lr': 0.1, 'victim_bs': 125, 'victim_decay': [40, 60], 'victim_aug': False, 'clean_baseline': True, 'random_select': False, 'single_surrogate': True}
[2026-06-16 11:33:47] loaded pre-selected targets from result/selected_targets.json
[2026-06-16 11:33:59] N_total=50000  budget=0.0000 -> N_p=1 poisons (all in y_adv class)

[2026-06-16 11:33:59] === training 10 surrogates (ConvNet) on distilled S (1000 ep each) ===
[2026-06-16 11:34:10] Evaluate_00: epoch = 1000 train time = 11 s train loss = 0.026126 train acc = 1.0000, test acc = 0.6165
[2026-06-16 11:34:21] Evaluate_01: epoch = 1000 train time = 10 s train loss = 0.002178 train acc = 1.0000, test acc = 0.6102
[2026-06-16 11:34:32] Evaluate_02: epoch = 1000 train time = 10 s train loss = 0.010765 train acc = 1.0000, test acc = 0.6129
[2026-06-16 11:34:43] Evaluate_03: epoch = 1000 train time = 10 s train loss = 0.003432 train acc = 1.0000, test acc = 0.6051
[2026-06-16 11:34:54] Evaluate_04: epoch = 1000 train time = 10 s train loss = 0.004284 train acc = 1.0000, test acc = 0.6096
[2026-06-16 11:35:05] Evaluate_05: epoch = 1000 train time = 11 s train loss = 0.012248 train acc = 1.0000, test acc = 0.6145
[2026-06-16 11:35:16] Evaluate_06: epoch = 1000 train time = 10 s train loss = 0.003013 train acc = 1.0000, test acc = 0.6095
[2026-06-16 11:35:27] Evaluate_07: epoch = 1000 train time = 10 s train loss = 0.003667 train acc = 1.0000, test acc = 0.6089
[2026-06-16 11:35:38] Evaluate_08: epoch = 1000 train time = 11 s train loss = 0.008606 train acc = 1.0000, test acc = 0.6036
[2026-06-16 11:35:49] Evaluate_09: epoch = 1000 train time = 11 s train loss = 0.002458 train acc = 1.0000, test acc = 0.6062

[2026-06-16 11:35:49] === training 6 clean victims (ConvNetBN) from scratch on full clean data ===
  clean baseline CTA = 0.7802

[2026-06-16 11:40:03] ################ pair frog-airplane : y_adv=6(frog)  target_class=0(airplane) ################
  targets (preselected): [8961, 1067, 3943, 5626, 1461, 1949, 8447, 3650, 1161, 2040]
  [frog-airplane t1/10 idx=8961] fc craft_obj=0.1741 linf=0.0314 | clean_ASR=0% poison_CTA=0.7844 poison_ASR=0%
  [frog-airplane t2/10 idx=1067] fc craft_obj=0.1299 linf=0.0314 | clean_ASR=0% poison_CTA=0.7847 poison_ASR=0%
  [frog-airplane t3/10 idx=3943] fc craft_obj=0.1664 linf=0.0314 | clean_ASR=0% poison_CTA=0.7757 poison_ASR=0%
  [frog-airplane t4/10 idx=5626] fc craft_obj=0.1771 linf=0.0314 | clean_ASR=0% poison_CTA=0.7792 poison_ASR=0%
  [frog-airplane t5/10 idx=1461] fc craft_obj=0.2000 linf=0.0314 | clean_ASR=0% poison_CTA=0.7776 poison_ASR=0%
  [frog-airplane t6/10 idx=1949] fc craft_obj=0.1679 linf=0.0314 | clean_ASR=0% poison_CTA=0.7689 poison_ASR=0%
  [frog-airplane t7/10 idx=8447] fc craft_obj=0.1938 linf=0.0314 | clean_ASR=0% poison_CTA=0.7713 poison_ASR=0%
  [frog-airplane t8/10 idx=3650] fc craft_obj=0.1801 linf=0.0314 | clean_ASR=0% poison_CTA=0.7895 poison_ASR=0%
