──────────────────────────────────────────────────────────
[1/27] ConvNetBN_dog-bird_fc_b0.00002_seed0
──────────────────────────────────────────────────────────
[2026-06-16 11:13:22] device=cuda
[2026-06-16 11:13:22] hyperparams: {'dataset': 'CIFAR10', 'data_path': 'data', 'model': 'ConvNetBN', 'out_dir': 'result/standard_nodistill', 'seed': 0, 'target_idx_file': 'result/selected_targets.json', 'dsa_strategy': 'color_crop_cutout_flip_scale_rotate', 'syn_data_path': 'result/res_DM_CIFAR10_ConvNet_50ipc.pt', 'surrogate_model': 'ConvNet', 'num_surrogates': 10, 'surrogate_epochs': 1000, 'surrogate_lr': 0.01, 'surrogate_bs': 256, 'attack': 'fc', 'class_pairs': ['dog-bird'], 'budget': 2e-05, 'epsilon': 0.0313725, 'pgd_steps': 150, 'pgd_alpha': 0.0039216, 'restarts': 1, 'lambda_margin': 0.1, 'num_targets': 10, 'num_victims': 6, 'target_select': 'random', 'victim_epochs': 80, 'victim_lr': 0.1, 'victim_bs': 125, 'victim_decay': [40, 60], 'victim_aug': False, 'clean_baseline': True, 'random_select': False, 'single_surrogate': True}
[2026-06-16 11:13:22] loaded pre-selected targets from result/selected_targets.json
[2026-06-16 11:13:34] N_total=50000  budget=0.0000 -> N_p=1 poisons (all in y_adv class)

[2026-06-16 11:13:34] === training 10 surrogates (ConvNet) on distilled S (1000 ep each) ===
[2026-06-16 11:13:45] Evaluate_00: epoch = 1000 train time = 11 s train loss = 0.003722 train acc = 1.0000, test acc = 0.6105
[2026-06-16 11:13:57] Evaluate_01: epoch = 1000 train time = 11 s train loss = 0.005487 train acc = 1.0000, test acc = 0.6119
[2026-06-16 11:14:08] Evaluate_02: epoch = 1000 train time = 11 s train loss = 0.022418 train acc = 1.0000, test acc = 0.6142
[2026-06-16 11:14:19] Evaluate_03: epoch = 1000 train time = 10 s train loss = 0.010006 train acc = 1.0000, test acc = 0.6094
[2026-06-16 11:14:30] Evaluate_04: epoch = 1000 train time = 11 s train loss = 0.011312 train acc = 1.0000, test acc = 0.6123
[2026-06-16 11:14:41] Evaluate_05: epoch = 1000 train time = 10 s train loss = 0.009129 train acc = 1.0000, test acc = 0.6142
[2026-06-16 11:14:52] Evaluate_06: epoch = 1000 train time = 10 s train loss = 0.001961 train acc = 1.0000, test acc = 0.6103
[2026-06-16 11:15:03] Evaluate_07: epoch = 1000 train time = 10 s train loss = 0.003655 train acc = 1.0000, test acc = 0.6056
[2026-06-16 11:15:14] Evaluate_08: epoch = 1000 train time = 11 s train loss = 0.013353 train acc = 1.0000, test acc = 0.6111
[2026-06-16 11:15:25] Evaluate_09: epoch = 1000 train time = 11 s train loss = 0.015642 train acc = 1.0000, test acc = 0.6154

[2026-06-16 11:15:25] === training 6 clean victims (ConvNetBN) from scratch on full clean data ===
  clean baseline CTA = 0.8042

[2026-06-16 11:26:59] ################ pair dog-bird : y_adv=5(dog)  target_class=2(bird) ################
  targets (preselected): [5032, 2391, 6880, 4541, 6708, 1876, 291, 2301, 7022, 775]
