[2026-06-29 15:27:36] logging (line-buffered, no delay) -> logs/select_cmp/ResNet20BN_dog-bird_b0.01_smart_vs_exactIF_selectonly_seed0.log
[2026-06-29 15:27:36] device=cuda
[2026-06-29 15:27:36] hyperparams: {'dataset': 'CIFAR10', 'data_path': 'data', 'model': 'ResNet20BN', 'out_dir': 'result/select_cmp', 'seed': 0, 'dsa_strategy': 'color_crop_cutout_flip_scale_rotate', 'syn_data_path': 'result/res_DM_CIFAR10_ConvNet_100ipc.pt', 'surrogate_model': 'ResNet20BN', 'num_surrogates': 10, 'surrogate_epochs': 1000, 'surrogate_lr': 0.01, 'surrogate_bs': 256, 'surrogate_on_full_data': False, 'class_pairs': ['dog-bird'], 'budget': 0.01, 'epsilon': 0.0313725, 'pgd_steps': 250, 'pgd_alpha': 0.00392156862745098, 'single_surrogate': False, 'lambda_margin': 1.0, 'base_dist': 'l2', 'multilayer': True, 'num_targets': 10, 'num_victims': 6, 'target_select': 'random', 'victim_epochs': 60, 'victim_lr': 0.1, 'victim_bs': 125, 'victim_decay': [40], 'victim_aug': False, 'cache_dir': 'result/cache', 'methods': ['smart', 'exact'], 'select_only': True, 'if_damping': 0.01, 'if_cg_iters': 100, 'if_cg_tol': 0.0001, 'if_fd_h': 0.01, 'if_last_layer': False, 'if_hess_source': 'syn', 'if_hess_size': 512, 'if_max_surrogates': 0, 'log_file': 'logs/select_cmp/ResNet20BN_dog-bird_b0.01_smart_vs_exactIF_selectonly_seed0.log', 'verbose': True}
[2026-06-29 15:27:36] methods: ['smart', 'exact']
[2026-06-29 15:27:51] N_total=50000 budget=0.0100 -> N_p=500 poisons

[2026-06-29 15:27:51] === training 10 surrogates (ResNet20BN) on distilled S ===
Traceback (most recent call last):
  File "/work/mohammad/DD-attack/main_IF_exact.py", line 461, in <module>
    main(p.parse_args())
  File "/work/mohammad/DD-attack/main_IF_exact.py", line 257, in main
    surrogates = build_surrogates(args, image_syn, label_syn, train_imgs, train_labs,
                 ^^^^^^^^^^^^^^^^^^^^^^^^^^^^^^^^^^^^^^^^^^^^^^^^^^^^^^^^^^^^^^^^^^^^
  File "/work/mohammad/DD-attack/main_IF_exact.py", line 201, in build_surrogates
    surrogates = M.train_surrogates_on_syn(image_syn, label_syn, test_imgs, test_labs,
                 ^^^^^^^^^^^^^^^^^^^^^^^^^^^^^^^^^^^^^^^^^^^^^^^^^^^^^^^^^^^^^^^^^^^^^
  File "/work/mohammad/DD-attack/main_IF.py", line 221, in train_surrogates_on_syn
    net, _, acc = evaluate_synset(i, net, image_syn.clone(), label_syn.clone(),
                  ^^^^^^^^^^^^^^^^^^^^^^^^^^^^^^^^^^^^^^^^^^^^^^^^^^^^^^^^^^^^^
  File "/work/mohammad/DD-attack/utils.py", line 385, in evaluate_synset
    loss_train, acc_train = epoch('train', trainloader, net, optimizer, criterion, args, aug = True)
                            ^^^^^^^^^^^^^^^^^^^^^^^^^^^^^^^^^^^^^^^^^^^^^^^^^^^^^^^^^^^^^^^^^^^^^^^^
  File "/work/mohammad/DD-attack/utils.py", line 344, in epoch
    img = DiffAugment(img, args.dsa_strategy, param=args.dsa_param)
          ^^^^^^^^^^^^^^^^^^^^^^^^^^^^^^^^^^^^^^^^^^^^^^^^^^^^^^^^^
  File "/work/mohammad/DD-attack/utils.py", line 549, in DiffAugment
    x = f(x, param)
        ^^^^^^^^^^^
  File "/work/mohammad/DD-attack/utils.py", line 584, in rand_rotate
    grid = F.affine_grid(theta, x.shape).to(x.device)
           ^^^^^^^^^^^^^^^^^^^^^^^^^^^^^
  File "/work/mohammad/DD-attack/ENV/lib/python3.12/site-packages/torch/nn/functional.py", line 5371, in affine_grid
    return torch.affine_grid_generator(theta, size, align_corners)
           ^^^^^^^^^^^^^^^^^^^^^^^^^^^^^^^^^^^^^^^^^^^^^^^^^^^^^^^
KeyboardInterrupt
[2026-06-29 15:28:43] logging (line-buffered, no delay) -> logs/select_cmp/ResNet20BN_dog-bird_b0.01_smart_vs_exactIF_selectonly_seed0.log
[2026-06-29 15:28:44] device=cuda
[2026-06-29 15:28:44] hyperparams: {'dataset': 'CIFAR10', 'data_path': 'data', 'model': 'ResNet20BN', 'out_dir': 'result/select_cmp', 'seed': 0, 'dsa_strategy': 'color_crop_cutout_flip_scale_rotate', 'syn_data_path': 'result/res_DM_CIFAR10_ConvNet_100ipc.pt', 'surrogate_model': 'ResNet20BN', 'num_surrogates': 1, 'surrogate_epochs': 1000, 'surrogate_lr': 0.01, 'surrogate_bs': 256, 'surrogate_on_full_data': False, 'class_pairs': ['dog-bird'], 'budget': 0.01, 'epsilon': 0.0313725, 'pgd_steps': 250, 'pgd_alpha': 0.00392156862745098, 'single_surrogate': False, 'lambda_margin': 1.0, 'base_dist': 'l2', 'multilayer': True, 'num_targets': 10, 'num_victims': 6, 'target_select': 'random', 'victim_epochs': 60, 'victim_lr': 0.1, 'victim_bs': 125, 'victim_decay': [40], 'victim_aug': False, 'cache_dir': 'result/cache', 'methods': ['smart', 'exact'], 'select_only': True, 'if_damping': 0.01, 'if_cg_iters': 100, 'if_cg_tol': 0.0001, 'if_fd_h': 0.01, 'if_last_layer': False, 'if_hess_source': 'syn', 'if_hess_size': 512, 'if_max_surrogates': 0, 'log_file': 'logs/select_cmp/ResNet20BN_dog-bird_b0.01_smart_vs_exactIF_selectonly_seed0.log', 'verbose': True}
[2026-06-29 15:28:44] methods: ['smart', 'exact']
[2026-06-29 15:29:00] N_total=50000 budget=0.0100 -> N_p=500 poisons

[2026-06-29 15:29:00] === training 1 surrogates (ResNet20BN) on distilled S ===
[2026-06-29 15:31:54] Evaluate_00: epoch = 1000 train time = 173 s train loss = 0.006677 train acc = 0.9980, test acc = 0.5785
[2026-06-29 15:31:54]  saved surrogates to result/cache/surrogates_ResNet20BN_syn_1x1000ep_seed0
[2026-06-29 15:31:54] exact-IF Hessian set = distilled S (1000 images)

[2026-06-29 15:31:54] ########## pair dog-bird : y_adv=5(dog) target=2(bird) ##########
  targets: [430, 387, 6715, 7670, 9467, 2100, 7171, 4833, 5599, 2544]
  [smart  | dog-bird t1/10 idx=430] select=0.202s (N_p=500, select-only)
      [exact] CG iters used per surrogate: [19]
  [exact  | dog-bird t1/10 idx=430] select=3.045s (N_p=500, select-only)
  [smart  | dog-bird t2/10 idx=387] select=0.113s (N_p=500, select-only)
      [exact] CG iters used per surrogate: [22]
  [exact  | dog-bird t2/10 idx=387] select=3.134s (N_p=500, select-only)
  [smart  | dog-bird t3/10 idx=6715] select=0.109s (N_p=500, select-only)
      [exact] CG iters used per surrogate: [22]
  [exact  | dog-bird t3/10 idx=6715] select=2.853s (N_p=500, select-only)
  [smart  | dog-bird t4/10 idx=7670] select=0.089s (N_p=500, select-only)
      [exact] CG iters used per surrogate: [22]
  [exact  | dog-bird t4/10 idx=7670] select=2.789s (N_p=500, select-only)
  [smart  | dog-bird t5/10 idx=9467] select=0.087s (N_p=500, select-only)
      [exact] CG iters used per surrogate: [19]
  [exact  | dog-bird t5/10 idx=9467] select=2.414s (N_p=500, select-only)
  [smart  | dog-bird t6/10 idx=2100] select=0.084s (N_p=500, select-only)
      [exact] CG iters used per surrogate: [22]
  [exact  | dog-bird t6/10 idx=2100] select=2.796s (N_p=500, select-only)
  [smart  | dog-bird t7/10 idx=7171] select=0.084s (N_p=500, select-only)
      [exact] CG iters used per surrogate: [19]
  [exact  | dog-bird t7/10 idx=7171] select=2.431s (N_p=500, select-only)
  [smart  | dog-bird t8/10 idx=4833] select=0.085s (N_p=500, select-only)
      [exact] CG iters used per surrogate: [21]
  [exact  | dog-bird t8/10 idx=4833] select=2.650s (N_p=500, select-only)
  [smart  | dog-bird t9/10 idx=5599] select=0.091s (N_p=500, select-only)
      [exact] CG iters used per surrogate: [19]
  [exact  | dog-bird t9/10 idx=5599] select=2.416s (N_p=500, select-only)
  [smart  | dog-bird t10/10 idx=2544] select=0.087s (N_p=500, select-only)
      [exact] CG iters used per surrogate: [19]
  [exact  | dog-bird t10/10 idx=2544] select=2.453s (N_p=500, select-only)

[2026-06-29 15:32:22] ============ SELECTION TIMING (select-only) (fc, ResNet20BN) ============
  smart   | 10 targets | sel-time mean / median / total = 0.103s / 0.088s / 1.0s
  exact   | 10 targets | sel-time mean / median / total = 2.698s / 2.720s / 27.0s
  exact / smart selection time ratio = 26.2x
[2026-06-29 15:32:22] wrote results_select_cmp_fc_ResNet20BN_b100_eps8.{json,csv} to result/select_cmp
